58.29.42.164 - - [18/Nov/2024:15:16:03 +0900] "GET /wp-includes/js/wp-emoji-release.min.js?ver=6.7 HTTP/1.1" 200 5684 "https://example.com/archives/7553" "Mozilla/5.0 (Windows NT 10.0; Win64; x64) AppleWebKit/537.36 (KHTML, like Gecko) Chrome/130.0.0.0 Safari/537.36"
58.29.42.164 - - [18/Nov/2024:15:16:03 +0900] "GET /wp-content/plugins/powerpress/images/modern_icon_sprite_2024_2.svg HTTP/1.1" 200 12022 "https://example.com/_jb_static/wp-content/themes/neve/assets/css/mega-menu.min.css,/wp-content/plugins/powerpress/css/subscribe-widget.min.css?m=1731424969&cb=1" "Mozilla/5.0 (Windows NT 10.0; Win64; x64) AppleWebKit/537.36 (KHTML, like Gecko) Chrome/130.0.0.0 Safari/537.36"
58.29.42.164 - - [18/Nov/2024:15:16:02 +0900] "GET /_jb_static/wp-content/themes/neve/assets/css/mega-menu.min.css,/wp-content/plugins/powerpress/css/subscribe-widget.min.css?m=1731424969&cb=1 HTTP/1.1" 200 2509 "https://example.com/archives/7553" "Mozilla/5.0 (Windows NT 10.0; Win64; x64) AppleWebKit/537.36 (KHTML, like Gecko) Chrome/130.0.0.0 Safari/537.36"
58.29.42.164 - - [18/Nov/2024:15:16:02 +0900] "GET /_jb_static/??-eJyVT8sKwjAQ/BtPpkutqJfip0iarG10synZ1NK/N1KQFnrQ0zDMgxkYe+XY0GBRwIiAdZKgoWCeilwTdZxA0kRYeMdFNuxhmXgIeLROI6FHTivSk54wKsJWm+m3eNaWfBUygdPHk7qsCTC+cF6mvHasGMdNe09D63j2qz4Gpa0NDN8JPtiBMubL7S3roEUwycbpfxs71Bbj7R5CytBGZze7r74uz1V5PF3KQ7UzTV2+ASWYl14= HTTP/1.1" 200 34661 "https://example.com/archives/7553" "Mozilla/5.0 (Windows NT 10.0; Win64; x64) AppleWebKit/537.36 (KHTML, like Gecko) Chrome/130.0.0.0 Safari/537.36"
58.29.42.164 - - [18/Nov/2024:15:16:02 +0900] "GET /_jb_static/wp-content/plugins/neve-pro-addon/includes/modules/header_footer_grid/assets/js/build/front-end.js,/wp-content/plugins/akismet/_inc/akismet-frontend.js?m=1730215403&cb=1 HTTP/1.1" 200 2823 "https://example.com/archives/7553" "Mozilla/5.0 (Windows NT 10.0; Win64; x64) AppleWebKit/537.36 (KHTML, like Gecko) Chrome/130.0.0.0 Safari/537.36"
58.29.42.164 - - [18/Nov/2024:15:16:02 +0900] "GET /_jb_static/wp-includes/js/comment-reply.min.js,/wp-content/plugins/neve-pro-addon/includes/modules/scroll_to_top/assets/js/build/script.js?m=1731468123&cb=1 HTTP/1.1" 200 1927 "https://example.com/archives/7553" "Mozilla/5.0 (Windows NT 10.0; Win64; x64) AppleWebKit/537.36 (KHTML, like Gecko) Chrome/130.0.0.0 Safari/537.36"
58.29.42.164 - - [18/Nov/2024:15:16:02 +0900] "GET /wp-content/themes/neve/assets/js/build/modern/frontend.js?ver=3.8.13 HTTP/1.1" 200 2937 "https://example.com/archives/7553" "Mozilla/5.0 (Windows NT 10.0; Win64; x64) AppleWebKit/537.36 (KHTML, like Gecko) Chrome/130.0.0.0 Safari/537.36"
58.29.42.164 - - [18/Nov/2024:15:16:02 +0900] "GET /wp-content/plugins/neve-pro-addon/includes/modules/elementor_booster/assets/js/track.js?m=1730215403 HTTP/1.1" 200 453 "https://example.com/archives/7553" "Mozilla/5.0 (Windows NT 10.0; Win64; x64) AppleWebKit/537.36 (KHTML, like Gecko) Chrome/130.0.0.0 Safari/537.36"
58.29.42.164 - - [18/Nov/2024:15:16:02 +0900] "GET /wp-includes/js/jquery/jquery.min.js?ver=3.7.1 HTTP/1.1" 200 34263 "https://example.com/archives/7553" "Mozilla/5.0 (Windows NT 10.0; Win64; x64) AppleWebKit/537.36 (KHTML, like Gecko) Chrome/130.0.0.0 Safari/537.36"
58.29.42.164 - - [18/Nov/2024:15:16:02 +0900] "GET /wp-includes/js/jquery/jquery-migrate.min.js?m=1691551340 HTTP/1.1" 200 5219 "https://example.com/archives/7553" "Mozilla/5.0 (Windows NT 10.0; Win64; x64) AppleWebKit/537.36 (KHTML, like Gecko) Chrome/130.0.0.0 Safari/537.36"
58.29.42.164 - - [18/Nov/2024:15:16:02 +0900] "GET /archives/7553 HTTP/1.1" 200 34163 "https://www.google.com/" "Mozilla/5.0 (Windows NT 10.0; Win64; x64) AppleWebKit/537.36 (KHTML, like Gecko) Chrome/130.0.0.0 Safari/537.36"
223.38.81.213 - - [18/Nov/2024:15:15:47 +0900] "GET /wp-includes/js/mediaelement/mejs-controls.svg HTTP/1.1" 200 1528 "https://example.com/archives/tag/MASKED-STRING" "Mozilla/5.0 (iPhone; CPU iPhone OS 17_6_1 like Mac OS X) AppleWebKit/605.1.15 (KHTML, like Gecko) Version/17.6 Mobile/15E148 Safari/604.1"
223.38.81.213 - - [18/Nov/2024:15:15:46 +0900] "GET /_jb_static/wp-content/plugins/neve-pro-addon/includes/modules/header_footer_grid/assets/js/build/front-end.js,/wp-content/plugins/powerpress/player.min.js?m=1730776934&cb=1 HTTP/1.1" 200 1994 "https://example.com/archives/tag/MASKED-STRING" "Mozilla/5.0 (iPhone; CPU iPhone OS 17_6_1 like Mac OS X) AppleWebKit/605.1.15 (KHTML, like Gecko) Version/17.6 Mobile/15E148 Safari/604.1"
223.38.81.213 - - [18/Nov/2024:15:15:46 +0900] "GET /wp-content/plugins/neve-pro-addon/includes/modules/scroll_to_top/assets/js/build/script.js?m=1730215403 HTTP/1.1" 200 616 "https://example.com/archives/tag/MASKED-STRING" "Mozilla/5.0 (iPhone; CPU iPhone OS 17_6_1 like Mac OS X) AppleWebKit/605.1.15 (KHTML, like Gecko) Version/17.6 Mobile/15E148 Safari/604.1"
223.38.81.213 - - [18/Nov/2024:15:15:46 +0900] "GET /wp-content/plugins/neve-pro-addon/includes/modules/elementor_booster/assets/js/track.js?m=1730215403 HTTP/1.1" 200 453 "https://example.com/archives/tag/MASKED-STRING" "Mozilla/5.0 (iPhone; CPU iPhone OS 17_6_1 like Mac OS X) AppleWebKit/605.1.15 (KHTML, like Gecko) Version/17.6 Mobile/15E148 Safari/604.1"
223.38.81.213 - - [18/Nov/2024:15:15:46 +0900] "GET /wp-includes/js/jquery/jquery.min.js?ver=3.7.1 HTTP/1.1" 200 34263 "https://example.com/archives/tag/MASKED-STRING" "Mozilla/5.0 (iPhone; CPU iPhone OS 17_6_1 like Mac OS X) AppleWebKit/605.1.15 (KHTML, like Gecko) Version/17.6 Mobile/15E148 Safari/604.1"
223.38.81.213 - - [18/Nov/2024:15:15:46 +0900] "GET /wp-content/themes/neve/assets/css/mega-menu.min.css?m=1731424969 HTTP/1.1" 200 742 "https://example.com/archives/tag/MASKED-STRING" "Mozilla/5.0 (iPhone; CPU iPhone OS 17_6_1 like Mac OS X) AppleWebKit/605.1.15 (KHTML, like Gecko) Version/17.6 Mobile/15E148 Safari/604.1"
223.38.81.213 - - [18/Nov/2024:15:15:46 +0900] "GET /wp-content/themes/neve/assets/js/build/modern/frontend.js?ver=3.8.13 HTTP/1.1" 304 0 "https://example.com/archives/tag/MASKED-STRING" "Mozilla/5.0 (iPhone; CPU iPhone OS 17_6_1 like Mac OS X) AppleWebKit/605.1.15 (KHTML, like Gecko) Version/17.6 Mobile/15E148 Safari/604.1"
223.38.81.213 - - [18/Nov/2024:15:15:45 +0900] "GET /_jb_static/??-eJzTLy/QzcxLzilNSS3WzyrWz01NyUxMzUnNTc0rQeHo5mamFyWWpOrlZubpZRXr6OPTCJRD5kP12OfaGppZGBiamJkaG6glJ9kaAgDB/C1F HTTP/1.1" 200 1014 "https://example.com/archives/tag/MASKED-STRING" "Mozilla/5.0 (iPhone; CPU iPhone OS 17_6_1 like Mac OS X) AppleWebKit/605.1.15 (KHTML, like Gecko) Version/17.6 Mobile/15E148 Safari/604.1"
223.38.81.213 - - [18/Nov/2024:15:15:45 +0900] "GET /wp-includes/js/mediaelement/mediaelement-and-player.min.js?ver=4.2.17 HTTP/1.1" 200 45175 "https://example.com/archives/tag/MASKED-STRING" "Mozilla/5.0 (iPhone; CPU iPhone OS 17_6_1 like Mac OS X) AppleWebKit/605.1.15 (KHTML, like Gecko) Version/17.6 Mobile/15E148 Safari/604.1"
223.38.81.213 - - [18/Nov/2024:15:15:45 +0900] "GET /_jb_static/??-eJyVT8sKwjAQ/BtPpkutqJfip0iarG10synZ1NK/N1KQFnrQ0zDMgxkYe+XY0GBRwIiAdZKgoWCeilwTdZxA0kRYeMdFNuxhmXgIeLROI6FHTivSk54wKsJWm+m3eNaWfBUygdPHk7qsCTC+cF6mvHasGMdNe09D63j2qz4Gpa0NDN8JPtiBMubL7S3roEUwycbpfxs71Bbj7R5CytBGZze7r74uz1V5PF3KQ7UzTV2+ASWYl14= HTTP/1.1" 200 34661 "https://example.com/archives/tag/MASKED-STRING" "Mozilla/5.0 (iPhone; CPU iPhone OS 17_6_1 like Mac OS X) AppleWebKit/605.1.15 (KHTML, like Gecko) Version/17.6 Mobile/15E148 Safari/604.1"
223.38.81.213 - - [18/Nov/2024:15:15:44 +0900] "GET /archives/tag/MASKED-STRING HTTP/1.1" 200 20370 "https://www.google.com/" "Mozilla/5.0 (iPhone; CPU iPhone OS 17_6_1 like Mac OS X) AppleWebKit/605.1.15 (KHTML, like Gecko) Version/17.6 Mobile/15E148 Safari/604.1"
222.239.104.227 - - [18/Nov/2024:15:14:35 +0900] "GET /wp-content/plugins/elementor/assets/lib/font-awesome/webfonts/fa-solid-900.woff HTTP/1.1" 200 101652 "https://example.com/" "Mozilla/5.0 (Windows NT 10.0; Win64; x64) AppleWebKit/537.36 (KHTML, like Gecko) Chrome/111.0.0.0 Safari/537.36"
222.239.104.227 - - [18/Nov/2024:15:14:35 +0900] "GET /wp-content/plugins/elementor/assets/lib/eicons/fonts/eicons.woff?5.32.0 HTTP/1.1" 200 120456 "https://example.com/" "Mozilla/5.0 (Windows NT 10.0; Win64; x64) AppleWebKit/537.36 (KHTML, like Gecko) Chrome/111.0.0.0 Safari/537.36"
222.239.104.227 - - [18/Nov/2024:15:14:35 +0900] "GET /wp-content/plugins/elementor/assets/lib/eicons/fonts/eicons.woff2?5.32.0 HTTP/1.1" 200 98472 "https://example.com/" "Mozilla/5.0 (Windows NT 10.0; Win64; x64) AppleWebKit/537.36 (KHTML, like Gecko) Chrome/111.0.0.0 Safari/537.36"
222.239.104.227 - - [18/Nov/2024:15:14:35 +0900] "GET /wp-content/plugins/elementor/assets/lib/font-awesome/webfonts/fa-solid-900.woff2 HTTP/1.1" 200 78196 "https://example.com/" "Mozilla/5.0 (Windows NT 10.0; Win64; x64) AppleWebKit/537.36 (KHTML, like Gecko) Chrome/111.0.0.0 Safari/537.36"
222.239.104.227 - - [18/Nov/2024:15:14:35 +0900] "GET /wp-includes/js/wp-emoji-release.min.js?ver=6.7 HTTP/1.1" 200 5684 "https://example.com/" "Mozilla/5.0 (Windows NT 10.0; Win64; x64) AppleWebKit/537.36 (KHTML, like Gecko) Chrome/111.0.0.0 Safari/537.36"
222.239.104.227 - - [18/Nov/2024:15:14:35 +0900] "GET /_jb_static/??-eJyVjMEOgjAQBf/Gk2VTJRoOxG8p5QWr3W3DtvD7QoKJV68zmaE1G5+kQAqVJxhKggXkVFGUvCoxJmcYUhsO0mzkTD9RjnUKovRCyc6/idNY43bxbk5VEUnXkDGbocoY8X9+CPMF++HBvb1fbXtpu1t38kNvP39gSas= HTTP/1.1" 200 8500 "https://example.com/" "Mozilla/5.0 (Windows NT 10.0; Win64; x64) AppleWebKit/537.36 (KHTML, like Gecko) Chrome/111.0.0.0 Safari/537.36"
222.239.104.227 - - [18/Nov/2024:15:14:35 +0900] "GET /_jb_static/??-eJytVMtOwzAQ/BtOuFZoUcuh4swHcI4ce5sa+SWvk6h/z+bR0ggaSEou0XpnZ2e9I/MmMO2kqRQg/0BuQWkBBiy4NAqCESeIzEAp5GlltVtJxEc+VU6563hUJL1LLSYdKYfcQQ0c08kAs0I75qD5ER5MVWrX41mIngmlvOMXCdarytC/ML7MKc8FIiTsqScZB5E+nkuMLjhogiGnmq88687mcbUEh9ih1HwV2OgAkde7jqeP5vcnkNJJeycMIdgETRWMF+qapq0PHhPLdtlm/XtfdnX133oHH6pw13YvffLCkyoYzblw1cJpK1qJAwMtTCh4c+/TUm+O3GhVQmJoNCm/i0IKY1iiy5CtvGVUowWkKBx20QIbD6KUrmmwP9rwxmCto5YrwCDkfAM/bbebl8XGOwJ5IuYH78l0eRm1uvOBORCIiQbQW+hfCToY4n9gQ0/2O/O82n22XWfP9GXZgyz22Sd6zUZn HTTP/1.1" 200 67181 "https://example.com/" "Mozilla/5.0 (Windows NT 10.0; Win64; x64) AppleWebKit/537.36 (KHTML, like Gecko) Chrome/111.0.0.0 Safari/537.36"
222.239.104.227 - - [18/Nov/2024:15:14:35 +0900] "GET /_jb_static/wp-content/plugins/neve-pro-addon/includes/modules/scroll_to_top/assets/js/build/script.js,/wp-includes/js/imagesloaded.min.js?m=1730215403&cb=1 HTTP/1.1" 200 2488 "https://example.com/" "Mozilla/5.0 (Windows NT 10.0; Win64; x64) AppleWebKit/537.36 (KHTML, like Gecko) Chrome/111.0.0.0 Safari/537.36"
222.239.104.227 - - [18/Nov/2024:15:14:35 +0900] "GET /_jb_static/??-eJydkMsKAjEMRf/GlZ04+FqJnyKdJmrHNhmaVn/fKo4IKoirSx73JFy4DMYJZ+IMQygHzwpMZzJDEmMRhcGzCwVJIQqWUPVIFint9iK5yiF5BKtKWaFX6IoPCPtUmYYYm16n8OFGT3mw7gS7Sn94nE1SlMI4M2OjiZ6/cShQrLWk28Mvb1youzNqt0mFs4/0E+Yd8a/9HkFNwDxie/U/I6176DXDUeQ0bmzjpl3P2+VysZqtJ67btFd/553/ HTTP/1.1" 200 32746 "https://example.com/" "Mozilla/5.0 (Windows NT 10.0; Win64; x64) AppleWebKit/537.36 (KHTML, like Gecko) Chrome/111.0.0.0 Safari/537.36"
222.239.104.227 - - [18/Nov/2024:15:14:35 +0900] "GET /wp-content/plugins/elementor-pro/assets/js/elements-handlers.min.js?ver=3.25.3 HTTP/1.1" 200 11515 "https://example.com/" "Mozilla/5.0 (Windows NT 10.0; Win64; x64) AppleWebKit/537.36 (KHTML, like Gecko) Chrome/111.0.0.0 Safari/537.36"
222.239.104.227 - - [18/Nov/2024:15:14:35 +0900] "GET /wp-content/plugins/elementor/assets/js/frontend.min.js?ver=3.25.6 HTTP/1.1" 200 15001 "https://example.com/" "Mozilla/5.0 (Windows NT 10.0; Win64; x64) AppleWebKit/537.36 (KHTML, like Gecko) Chrome/111.0.0.0 Safari/537.36"
222.239.104.227 - - [18/Nov/2024:15:14:35 +0900] "GET /wp-content/plugins/elementor-pro/assets/js/frontend.min.js?ver=3.25.3 HTTP/1.1" 200 7504 "https://example.com/" "Mozilla/5.0 (Windows NT 10.0; Win64; x64) AppleWebKit/537.36 (KHTML, like Gecko) Chrome/111.0.0.0 Safari/537.36"
222.239.104.227 - - [18/Nov/2024:15:14:35 +0900] "GET /wp-content/themes/neve/assets/js/build/modern/frontend.js?ver=3.8.13 HTTP/1.1" 200 2937 "https://example.com/" "Mozilla/5.0 (Windows NT 10.0; Win64; x64) AppleWebKit/537.36 (KHTML, like Gecko) Chrome/111.0.0.0 Safari/537.36"
222.239.104.227 - - [18/Nov/2024:15:14:35 +0900] "GET /wp-includes/js/dist/i18n.min.js?ver=5e580eb46a90c2b997e6 HTTP/1.1" 200 3866 "https://example.com/" "Mozilla/5.0 (Windows NT 10.0; Win64; x64) AppleWebKit/537.36 (KHTML, like Gecko) Chrome/111.0.0.0 Safari/537.36"
222.239.104.227 - - [18/Nov/2024:15:14:35 +0900] "GET /wp-includes/js/jquery/ui/core.min.js?m=1721186539 HTTP/1.1" 200 7775 "https://example.com/" "Mozilla/5.0 (Windows NT 10.0; Win64; x64) AppleWebKit/537.36 (KHTML, like Gecko) Chrome/111.0.0.0 Safari/537.36"
222.239.104.227 - - [18/Nov/2024:15:14:35 +0900] "GET /wp-content/plugins/neve-pro-addon/includes/modules/elementor_booster/assets/js/track.js?m=1730215403 HTTP/1.1" 200 453 "https://example.com/" "Mozilla/5.0 (Windows NT 10.0; Win64; x64) AppleWebKit/537.36 (KHTML, like Gecko) Chrome/111.0.0.0 Safari/537.36"
222.239.104.227 - - [18/Nov/2024:15:14:35 +0900] "GET /wp-includes/js/jquery/jquery-migrate.min.js?m=1691551340 HTTP/1.1" 200 5219 "https://example.com/" "Mozilla/5.0 (Windows NT 10.0; Win64; x64) AppleWebKit/537.36 (KHTML, like Gecko) Chrome/111.0.0.0 Safari/537.36"
222.239.104.227 - - [18/Nov/2024:15:14:34 +0900] "GET /wp-includes/js/jquery/jquery.min.js?ver=3.7.1 HTTP/1.1" 200 34263 "https://example.com/" "Mozilla/5.0 (Windows NT 10.0; Win64; x64) AppleWebKit/537.36 (KHTML, like Gecko) Chrome/111.0.0.0 Safari/537.36"
222.239.104.227 - - [18/Nov/2024:15:14:34 +0900] "GET / HTTP/1.1" 200 35568 "-" "Mozilla/5.0 (Windows NT 10.0; Win64; x64) AppleWebKit/537.36 (KHTML, like Gecko) Chrome/111.0.0.0 Safari/537.36"
222.239.104.227 - - [18/Nov/2024:15:14:34 +0900] "GET / HTTP/1.1" 301 162 "-" "Mozilla/5.0 (Windows NT 10.0; Win64; x64) AppleWebKit/537.36 (KHTML, like Gecko) Chrome/111.0.0.0 Safari/537.36"
220.121.45.42 - - [18/Nov/2024:15:14:32 +0900] "GET /archives/category/news-and-announcement HTTP/1.1" 200 33782 "https://example.com/" "Mozilla/5.0 (Windows NT 10.0; Win64; x64) AppleWebKit/537.36 (KHTML, like Gecko) Chrome/129.0.0.0 Safari/537.36 Edg/129.0.0.0"
220.121.45.42 - - [18/Nov/2024:15:14:23 +0900] "GET / HTTP/1.1" 200 35568 "https://www.example.com/" "Mozilla/5.0 (Windows NT 10.0; Win64; x64) AppleWebKit/537.36 (KHTML, like Gecko) Chrome/129.0.0.0 Safari/537.36 Edg/129.0.0.0"
216.244.66.234 - - [18/Nov/2024:15:14:08 +0900] "GET /event/MASKED-STRING HTTP/1.1" 301 5 "-" "Mozilla/5.0 (compatible; DotBot/1.2; +https://opensiteexplorer.org/dotbot; help@moz.com)"
34.64.82.76 - - [18/Nov/2024:15:14:04 +0900] "GET /feed HTTP/1.1" 304 0 "-" "Mozilla/5.0 (compatible; Googlebot/2.1; +http://www.google.com/bot.html)"
207.46.13.31 - - [18/Nov/2024:15:13:44 +0900] "GET /archives/4229?ical=1 HTTP/1.1" 200 40443 "-" "Mozilla/5.0 AppleWebKit/537.36 (KHTML, like Gecko; compatible; bingbot/2.0; +http://www.bing.com/bingbot.htm) Chrome/116.0.1938.76 Safari/537.36"
220.121.45.42 - - [18/Nov/2024:15:13:20 +0900] "GET / HTTP/1.1" 200 35568 "https://www.example.com/" "Mozilla/5.0 (Windows NT 10.0; Win64; x64) AppleWebKit/537.36 (KHTML, like Gecko) Chrome/129.0.0.0 Safari/537.36 Edg/129.0.0.0"
138.197.90.164 - - [18/Nov/2024:15:13:08 +0900] "GET /favicon.ico HTTP/1.1" 400 650 "-" "Mozilla/5.0 (Windows NT 10.0; Win64; x64) AppleWebKit/537.36 (KHTML, like Gecko) Chrome/108.0.0.0 Safari/537.36"
138.197.90.164 - - [18/Nov/2024:15:13:07 +0900] "GET /t4 HTTP/1.1" 400 248 "-" "Mozilla/5.0"
138.197.90.164 - - [18/Nov/2024:15:13:07 +0900] "GET / HTTP/1.1" 400 650 "-" "Mozilla/5.0 (Windows NT 10.0; Win64; x64) AppleWebKit/537.36 (KHTML, like Gecko) Chrome/108.0.0.0 Safari/537.36"
34.77.181.91 - - [18/Nov/2024:15:12:15 +0900] "GET / HTTP/1.1" 400 248 "-" "python-requests/2.32.3"
17.241.219.154 - - [18/Nov/2024:15:12:15 +0900] "GET /feed/podcast HTTP/1.1" 200 2379 "-" "itms"
17.58.59.22 - - [18/Nov/2024:15:12:00 +0900] "GET /feed/podcast HTTP/1.1" 200 17666 "-" "iTMS"
17.58.59.22 - - [18/Nov/2024:15:12:00 +0900] "HEAD /feed/podcast HTTP/1.1" 200 0 "-" "iTMS"
17.58.59.22 - - [18/Nov/2024:15:11:59 +0900] "HEAD /feed/podcast HTTP/1.1" 200 0 "-" "iTMS"
211.231.103.91 - - [18/Nov/2024:15:11:35 +0900] "GET /archives/7563 HTTP/1.1" 200 31102 "-" "facebookexternalhit/1.1; kakaotalk-scrap/1.0; +https://devtalk.kakao.com/t/scrap/33984"
34.64.82.71 - - [18/Nov/2024:15:11:31 +0900] "GET /feed HTTP/1.1" 304 0 "-" "Mozilla/5.0 (compatible; Googlebot/2.1; +http://www.google.com/bot.html)"
220.121.45.42 - - [18/Nov/2024:15:11:24 +0900] "GET /archives/category/news-and-announcement/page/3 HTTP/1.1" 200 34521 "https://example.com/archives/category/news-and-announcement/page/2" "Mozilla/5.0 (Windows NT 10.0; Win64; x64) AppleWebKit/537.36 (KHTML, like Gecko) Chrome/130.0.0.0 Safari/537.36"
207.46.13.31 - - [18/Nov/2024:15:11:03 +0900] "GET /archives/tag/MASKED-STRING HTTP/1.1" 200 20445 "-" "Mozilla/5.0 AppleWebKit/537.36 (KHTML, like Gecko; compatible; bingbot/2.0; +http://www.bing.com/bingbot.htm) Chrome/116.0.1938.76 Safari/537.36"
220.121.45.42 - - [18/Nov/2024:15:10:52 +0900] "GET /archives/category/news-and-announcement/page/2 HTTP/1.1" 200 34552 "https://example.com/archives/category/news-and-announcement" "Mozilla/5.0 (Windows NT 10.0; Win64; x64) AppleWebKit/537.36 (KHTML, like Gecko) Chrome/130.0.0.0 Safari/537.36"
220.121.45.42 - - [18/Nov/2024:15:10:28 +0900] "GET /archives/category/news-and-announcement HTTP/1.1" 200 33782 "https://example.com/archives/category/news-and-announcement" "Mozilla/5.0 (Windows NT 10.0; Win64; x64) AppleWebKit/537.36 (KHTML, like Gecko) Chrome/130.0.0.0 Safari/537.36"
207.46.13.31 - - [18/Nov/2024:15:10:23 +0900] "GET /archives/tag/MASKED-STRING HTTP/1.1" 200 20146 "-" "Mozilla/5.0 AppleWebKit/537.36 (KHTML, like Gecko; compatible; bingbot/2.0; +http://www.bing.com/bingbot.htm) Chrome/116.0.1938.76 Safari/537.36"
220.121.45.42 - - [18/Nov/2024:15:10:15 +0900] "GET /favicon.ico HTTP/1.1" 200 36152 "https://example.com/archives/category/news-and-announcement" "Mozilla/5.0 (Windows NT 10.0; Win64; x64) AppleWebKit/537.36 (KHTML, like Gecko) Chrome/130.0.0.0 Safari/537.36"
220.121.45.42 - - [18/Nov/2024:15:10:14 +0900] "GET /wp-includes/js/wp-emoji-release.min.js?ver=6.7 HTTP/1.1" 200 5684 "https://example.com/archives/category/news-and-announcement" "Mozilla/5.0 (Windows NT 10.0; Win64; x64) AppleWebKit/537.36 (KHTML, like Gecko) Chrome/130.0.0.0 Safari/537.36"
220.121.45.42 - - [18/Nov/2024:15:10:14 +0900] "GET /_jb_static/??-eJyVjMEOgjAQBf/Gk2VTJRoOxG8p5QWr3W3DtvD7QoKJV68zmaE1G5+kQAqVJxhKggXkVFGUvCoxJmcYUhsO0mzkTD9RjnUKovRCyc6/idNY43bxbk5VEUnXkDGbocoY8X9+CPMF++HBvb1fbXtpu1t38kNvP39gSas= HTTP/1.1" 200 8500 "https://example.com/archives/category/news-and-announcement" "Mozilla/5.0 (Windows NT 10.0; Win64; x64) AppleWebKit/537.36 (KHTML, like Gecko) Chrome/130.0.0.0 Safari/537.36"
220.121.45.42 - - [18/Nov/2024:15:10:14 +0900] "GET /_jb_static/??-eJyVT8sKwjAQ/BtPpkutqJfip0iarG10synZ1NK/N1KQFnrQ0zDMgxkYe+XY0GBRwIiAdZKgoWCeilwTdZxA0kRYeMdFNuxhmXgIeLROI6FHTivSk54wKsJWm+m3eNaWfBUygdPHk7qsCTC+cF6mvHasGMdNe09D63j2qz4Gpa0NDN8JPtiBMubL7S3roEUwycbpfxs71Bbj7R5CytBGZze7r74uz1V5PF3KQ7UzTV2+ASWYl14= HTTP/1.1" 200 34661 "https://example.com/archives/category/news-and-announcement" "Mozilla/5.0 (Windows NT 10.0; Win64; x64) AppleWebKit/537.36 (KHTML, like Gecko) Chrome/130.0.0.0 Safari/537.36"
220.121.45.42 - - [18/Nov/2024:15:10:14 +0900] "GET /wp-content/plugins/neve-pro-addon/includes/modules/scroll_to_top/assets/js/build/script.js?m=1730215403 HTTP/1.1" 200 616 "https://example.com/archives/category/news-and-announcement" "Mozilla/5.0 (Windows NT 10.0; Win64; x64) AppleWebKit/537.36 (KHTML, like Gecko) Chrome/130.0.0.0 Safari/537.36"
220.121.45.42 - - [18/Nov/2024:15:10:14 +0900] "GET /wp-content/themes/neve/assets/js/build/modern/frontend.js?ver=3.8.13 HTTP/1.1" 200 2937 "https://example.com/archives/category/news-and-announcement" "Mozilla/5.0 (Windows NT 10.0; Win64; x64) AppleWebKit/537.36 (KHTML, like Gecko) Chrome/130.0.0.0 Safari/537.36"
220.121.45.42 - - [18/Nov/2024:15:10:13 +0900] "GET /_jb_static/??-eJxtjcEOwiAQRP/Gk3QlNXpq/JSGstsK0l3Cgv6+HOzN00tmMm/gk40XrsQVcmpbYAWmN5lcxDhEYQjsU0NS2AVb6nySQyrzKlI7thIQnCpVhaiwtJAQ1tKdhhiHqGf48xGpZudfMHf7b+NdkaaUjs4cwbAH7p7HPtn7aC/jzdrryS+T/QLBhkWh HTTP/1.1" 200 9177 "https://example.com/archives/category/news-and-announcement" "Mozilla/5.0 (Windows NT 10.0; Win64; x64) AppleWebKit/537.36 (KHTML, like Gecko) Chrome/130.0.0.0 Safari/537.36"
220.121.45.42 - - [18/Nov/2024:15:10:13 +0900] "GET /wp-content/plugins/neve-pro-addon/includes/modules/elementor_booster/assets/js/track.js?m=1730215403 HTTP/1.1" 200 453 "https://example.com/archives/category/news-and-announcement" "Mozilla/5.0 (Windows NT 10.0; Win64; x64) AppleWebKit/537.36 (KHTML, like Gecko) Chrome/130.0.0.0 Safari/537.36"
220.121.45.42 - - [18/Nov/2024:15:10:13 +0900] "GET /wp-includes/js/jquery/jquery-migrate.min.js?m=1691551340 HTTP/1.1" 200 5219 "https://example.com/archives/category/news-and-announcement" "Mozilla/5.0 (Windows NT 10.0; Win64; x64) AppleWebKit/537.36 (KHTML, like Gecko) Chrome/130.0.0.0 Safari/537.36"
220.121.45.42 - - [18/Nov/2024:15:10:13 +0900] "GET /wp-includes/js/jquery/jquery.min.js?ver=3.7.1 HTTP/1.1" 200 34263 "https://example.com/archives/category/news-and-announcement" "Mozilla/5.0 (Windows NT 10.0; Win64; x64) AppleWebKit/537.36 (KHTML, like Gecko) Chrome/130.0.0.0 Safari/537.36"
220.121.45.42 - - [18/Nov/2024:15:10:13 +0900] "GET /archives/category/news-and-announcement HTTP/1.1" 200 33782 "https://www.google.com/" "Mozilla/5.0 (Windows NT 10.0; Win64; x64) AppleWebKit/537.36 (KHTML, like Gecko) Chrome/130.0.0.0 Safari/537.36"
72.14.201.167 - - [18/Nov/2024:15:10:04 +0900] "GET / HTTP/1.1" 200 35568 "https://www.google.com/" "Mozilla/5.0 (Windows NT 10.0; Win64; x64) AppleWebKit/537.36 (KHTML, like Gecko) Chrome/130.0.0.0 Safari/537.36"
66.249.82.198 - - [18/Nov/2024:15:10:03 +0900] "GET /.well-known/traffic-advice HTTP/1.1" 404 19335 "-" "Chrome Privacy Preserving Prefetch Proxy"
172.105.150.15 - - [18/Nov/2024:15:09:44 +0900] "GET /feed/podcast HTTP/1.1" 200 2379 "-" "Aggrivator (PodcastIndex.org)/v0.1.7"
34.64.82.79 - - [18/Nov/2024:15:08:59 +0900] "GET /feed HTTP/1.1" 304 0 "-" "Mozilla/5.0 (compatible; Googlebot/2.1; +http://www.google.com/bot.html)"
34.64.82.65 - - [18/Nov/2024:15:08:55 +0900] "GET /feed/podcast HTTP/1.1" 200 2379 "-" "Mozilla/5.0 (compatible; Googlebot/2.1; +http://www.google.com/bot.html)"
216.244.66.234 - - [18/Nov/2024:15:08:20 +0900] "GET /archives/tag/MASKED-STRING HTTP/1.1" 200 92032 "-" "Mozilla/5.0 (compatible; DotBot/1.2; +https://opensiteexplorer.org/dotbot; help@moz.com)"
157.55.39.195 - - [18/Nov/2024:15:08:10 +0900] "GET /archives/tag/MASKED-STRING HTTP/1.1" 200 20675 "-" "Mozilla/5.0 AppleWebKit/537.36 (KHTML, like Gecko; compatible; bingbot/2.0; +http://www.bing.com/bingbot.htm) Chrome/116.0.1938.76 Safari/537.36"
157.55.39.195 - - [18/Nov/2024:15:08:01 +0900] "GET /archives/tag/MASKED-STRING/page/2 HTTP/1.1" 200 21538 "-" "Mozilla/5.0 AppleWebKit/537.36 (KHTML, like Gecko; compatible; bingbot/2.0; +http://www.bing.com/bingbot.htm) Chrome/116.0.1938.76 Safari/537.36"
115.94.137.93 - - [18/Nov/2024:15:07:30 +0900] "GET / HTTP/1.1" 200 35568 "https://welfare.example.com/" "Mozilla/5.0 (Windows NT 10.0; Win64; x64) AppleWebKit/537.36 (KHTML, like Gecko) Chrome/128.0.0.0 Whale/3.28.266.14 Safari/537.36"
207.46.13.31 - - [18/Nov/2024:15:06:44 +0900] "GET /archives/category/lectures/lectures-for-advent/page/4 HTTP/1.1" 200 30367 "-" "Mozilla/5.0 AppleWebKit/537.36 (KHTML, like Gecko; compatible; bingbot/2.0; +http://www.bing.com/bingbot.htm) Chrome/116.0.1938.76 Safari/537.36"
157.55.39.195 - - [18/Nov/2024:15:06:20 +0900] "GET /archives/tag/MASKED-STRING HTTP/1.1" 200 20453 "-" "Mozilla/5.0 AppleWebKit/537.36 (KHTML, like Gecko; compatible; bingbot/2.0; +http://www.bing.com/bingbot.htm) Chrome/116.0.1938.76 Safari/537.36"
141.95.84.64 - - [18/Nov/2024:15:06:19 +0900] "GET /feed/podcast HTTP/1.1" 200 2379 "-" "Podbean/FeedUpdate 2.1"
115.94.137.93 - - [18/Nov/2024:15:06:04 +0900] "GET /wp-content/plugins/powerpress/images/modern_icon_sprite_2024.svg HTTP/1.1" 404 19336 "https://example.com/archives/29970" "Mozilla/5.0 (Windows NT 10.0; Win64; x64) AppleWebKit/537.36 (KHTML, like Gecko) Chrome/128.0.0.0 Whale/3.28.266.14 Safari/537.36"
115.94.137.93 - - [18/Nov/2024:15:06:04 +0900] "GET /_jb_static/wp-content/plugins/neve-pro-addon/includes/modules/header_footer_grid/assets/js/build/front-end.js,/wp-content/plugins/akismet/_inc/akismet-frontend.js?m=1730215403&cb=1 HTTP/1.1" 200 2823 "https://example.com/archives/29970" "Mozilla/5.0 (Windows NT 10.0; Win64; x64) AppleWebKit/537.36 (KHTML, like Gecko) Chrome/128.0.0.0 Whale/3.28.266.14 Safari/537.36"
115.94.137.93 - - [18/Nov/2024:15:06:04 +0900] "GET /_jb_static/wp-content/themes/neve/assets/css/mega-menu.min.css,/wp-content/plugins/powerpress/css/subscribe-widget.min.css?m=1731424969&cb=1 HTTP/1.1" 200 2509 "https://example.com/archives/29970" "Mozilla/5.0 (Windows NT 10.0; Win64; x64) AppleWebKit/537.36 (KHTML, like Gecko) Chrome/128.0.0.0 Whale/3.28.266.14 Safari/537.36"
115.94.137.93 - - [18/Nov/2024:15:06:04 +0900] "GET /archives/29970 HTTP/1.1" 200 28432 "https://example.com/" "Mozilla/5.0 (Windows NT 10.0; Win64; x64) AppleWebKit/537.36 (KHTML, like Gecko) Chrome/128.0.0.0 Whale/3.28.266.14 Safari/537.36"
115.94.137.93 - - [18/Nov/2024:15:05:40 +0900] "GET / HTTP/1.1" 200 35568 "-" "Mozilla/5.0 (Windows NT 10.0; Win64; x64) AppleWebKit/537.36 (KHTML, like Gecko) Chrome/128.0.0.0 Whale/3.28.266.14 Safari/537.36"
115.94.137.93 - - [18/Nov/2024:15:05:36 +0900] "GET /archives/category/news-and-announcement HTTP/1.1" 200 33782 "https://example.com/" "Mozilla/5.0 (Windows NT 10.0; Win64; x64) AppleWebKit/537.36 (KHTML, like Gecko) Chrome/128.0.0.0 Whale/3.28.266.14 Safari/537.36"
34.64.82.74 - - [18/Nov/2024:15:05:17 +0900] "GET /feed HTTP/1.1" 304 0 "-" "Mozilla/5.0 (compatible; Googlebot/2.1; +http://www.google.com/bot.html)"
207.46.13.31 - - [18/Nov/2024:15:05:02 +0900] "GET /archives/tag/MASKED-STRING HTTP/1.1" 200 20799 "-" "Mozilla/5.0 AppleWebKit/537.36 (KHTML, like Gecko; compatible; bingbot/2.0; +http://www.bing.com/bingbot.htm) Chrome/116.0.1938.76 Safari/537.36"
115.94.137.93 - - [18/Nov/2024:15:04:46 +0900] "GET /wp-content/plugins/powerpress/images/modern_icon_sprite_2024.svg HTTP/1.1" 404 19334 "https://example.com/archives/29916" "Mozilla/5.0 (Windows NT 10.0; Win64; x64) AppleWebKit/537.36 (KHTML, like Gecko) Chrome/128.0.0.0 Whale/3.28.266.14 Safari/537.36"
115.94.137.93 - - [18/Nov/2024:15:04:45 +0900] "GET /archives/29916 HTTP/1.1" 200 33275 "https://example.com/archives/category/news-and-announcement" "Mozilla/5.0 (Windows NT 10.0; Win64; x64) AppleWebKit/537.36 (KHTML, like Gecko) Chrome/128.0.0.0 Whale/3.28.266.14 Safari/537.36"
115.94.137.93 - - [18/Nov/2024:15:04:38 +0900] "GET /archives/category/news-and-announcement HTTP/1.1" 200 33782 "https://example.com/" "Mozilla/5.0 (Windows NT 10.0; Win64; x64) AppleWebKit/537.36 (KHTML, like Gecko) Chrome/128.0.0.0 Whale/3.28.266.14 Safari/537.36"
115.94.137.93 - - [18/Nov/2024:15:04:28 +0900] "GET /wp-content/plugins/powerpress/images/modern_icon_sprite_2024.svg HTTP/1.1" 404 19334 "https://example.com/archives/29734" "Mozilla/5.0 (Windows NT 10.0; Win64; x64) AppleWebKit/537.36 (KHTML, like Gecko) Chrome/128.0.0.0 Whale/3.28.266.14 Safari/537.36"
115.94.137.93 - - [18/Nov/2024:15:04:27 +0900] "GET /wp-content/plugins/powerpress/images/modern_icon_sprite_2024_2.svg HTTP/1.1" 200 12022 "https://example.com/_jb_static/??-eJyVjkEOwiAURG/jSvpTbTRdNJ4F6KSi8CF8KNe3iTZx48Ltm7yXoZaUjVzAhcodAUKMFaRFUISsCAUsWgVw7YLjbiNH+pKSr4tjoQdK0vZJIc7VbxWrc6wCT9JcQlam8uzxv/4Z1A5+FlJsyClD3q+lGrHZGajm5gVlP38LU38998NpGC/jwZqpfwEe+mDS" "Mozilla/5.0 (Windows NT 10.0; Win64; x64) AppleWebKit/537.36 (KHTML, like Gecko) Chrome/128.0.0.0 Whale/3.28.266.14 Safari/537.36"
115.94.137.93 - - [18/Nov/2024:15:04:27 +0900] "GET /_jb_static/??-eJyVjkEOwiAURG/jSvpTbTRdNJ4F6KSi8CF8KNe3iTZx48Ltm7yXoZaUjVzAhcodAUKMFaRFUISsCAUsWgVw7YLjbiNH+pKSr4tjoQdK0vZJIc7VbxWrc6wCT9JcQlam8uzxv/4Z1A5+FlJsyClD3q+lGrHZGajm5gVlP38LU38998NpGC/jwZqpfwEe+mDS HTTP/1.1" 200 10242 "https://example.com/archives/29734" "Mozilla/5.0 (Windows NT 10.0; Win64; x64) AppleWebKit/537.36 (KHTML, like Gecko) Chrome/128.0.0.0 Whale/3.28.266.14 Safari/537.36"
115.94.137.93 - - [18/Nov/2024:15:04:27 +0900] "GET /_jb_static/wp-includes/js/comment-reply.min.js,/wp-content/plugins/neve-pro-addon/includes/modules/scroll_to_top/assets/js/build/script.js?m=1731468123&cb=1 HTTP/1.1" 200 1927 "https://example.com/archives/29734" "Mozilla/5.0 (Windows NT 10.0; Win64; x64) AppleWebKit/537.36 (KHTML, like Gecko) Chrome/128.0.0.0 Whale/3.28.266.14 Safari/537.36"
115.94.137.93 - - [18/Nov/2024:15:04:27 +0900] "GET /_jb_static/??-eJx1jUEOgjAQRW/jyjI2GF0Rj0JKZ8BCOyWdVq9vI7DT1c//k3kP3quykTNxhtWXybEA04vUmqIyiJHBsfUFSSBELL7mkwxS6scYc40pOQQjQllgFhiK8whjqkxFjM0sZ/jhmCmvxi7QV/r+Y02KRcgfN3UMTXD8j2MWJ4HyxtmL+to3+SN0+t7qS3vT+nqyQ6c/0J5Z1g== HTTP/1.1" 200 10932 "https://example.com/archives/29734" "Mozilla/5.0 (Windows NT 10.0; Win64; x64) AppleWebKit/537.36 (KHTML, like Gecko) Chrome/128.0.0.0 Whale/3.28.266.14 Safari/537.36"
115.94.137.93 - - [18/Nov/2024:15:04:27 +0900] "GET /archives/29734 HTTP/1.1" 200 33862 "https://example.com/archives/category/news-and-announcement" "Mozilla/5.0 (Windows NT 10.0; Win64; x64) AppleWebKit/537.36 (KHTML, like Gecko) Chrome/128.0.0.0 Whale/3.28.266.14 Safari/537.36"
220.121.45.42 - - [18/Nov/2024:15:04:08 +0900] "GET /wp-content/plugins/powerpress/images/modern_icon_sprite_2024.svg HTTP/1.1" 404 19336 "https://example.com/archives/29970" "Mozilla/5.0 (Windows NT 10.0; Win64; x64) AppleWebKit/537.36 (KHTML, like Gecko) Chrome/129.0.0.0 Safari/537.36 Edg/129.0.0.0"
220.121.45.42 - - [18/Nov/2024:15:04:08 +0900] "GET /archives/29970 HTTP/1.1" 200 28432 "https://example.com/archives/29970" "Mozilla/5.0 (Windows NT 10.0; Win64; x64) AppleWebKit/537.36 (KHTML, like Gecko) Chrome/129.0.0.0 Safari/537.36 Edg/129.0.0.0"
115.94.137.93 - - [18/Nov/2024:15:04:04 +0900] "GET /_jb_static/??-eJxtjcEOwiAQRP/Gk3QlNXpq/JSGstsK0l3Cgv6+HOzN00tmMm/gk40XrsQVcmpbYAWmN5lcxDhEYQjsU0NS2AVb6nySQyrzKlI7thIQnCpVhaiwtJAQ1tKdhhiHqGf48xGpZudfMHf7b+NdkaaUjs4cwbAH7p7HPtn7aC/jzdrryS+T/QLBhkWh HTTP/1.1" 200 9177 "https://example.com/archives/category/news-and-announcement" "Mozilla/5.0 (Windows NT 10.0; Win64; x64) AppleWebKit/537.36 (KHTML, like Gecko) Chrome/128.0.0.0 Whale/3.28.266.14 Safari/537.36"
115.94.137.93 - - [18/Nov/2024:15:04:04 +0900] "GET /_jb_static/??-eJyVT8sKwjAQ/BtPpkutqJfip0iarG10synZ1NK/N1KQFnrQ0zDMgxkYe+XY0GBRwIiAdZKgoWCeilwTdZxA0kRYeMdFNuxhmXgIeLROI6FHTivSk54wKsJWm+m3eNaWfBUygdPHk7qsCTC+cF6mvHasGMdNe09D63j2qz4Gpa0NDN8JPtiBMubL7S3roEUwycbpfxs71Bbj7R5CytBGZze7r74uz1V5PF3KQ7UzTV2+ASWYl14= HTTP/1.1" 200 34661 "https://example.com/archives/category/news-and-announcement" "Mozilla/5.0 (Windows NT 10.0; Win64; x64) AppleWebKit/537.36 (KHTML, like Gecko) Chrome/128.0.0.0 Whale/3.28.266.14 Safari/537.36"
115.94.137.93 - - [18/Nov/2024:15:04:04 +0900] "GET /wp-content/plugins/neve-pro-addon/includes/modules/scroll_to_top/assets/js/build/script.js?m=1730215403 HTTP/1.1" 200 616 "https://example.com/archives/category/news-and-announcement" "Mozilla/5.0 (Windows NT 10.0; Win64; x64) AppleWebKit/537.36 (KHTML, like Gecko) Chrome/128.0.0.0 Whale/3.28.266.14 Safari/537.36"
115.94.137.93 - - [18/Nov/2024:15:04:03 +0900] "GET /archives/category/news-and-announcement HTTP/1.1" 200 33782 "https://example.com/" "Mozilla/5.0 (Windows NT 10.0; Win64; x64) AppleWebKit/537.36 (KHTML, like Gecko) Chrome/128.0.0.0 Whale/3.28.266.14 Safari/537.36"
115.94.137.93 - - [18/Nov/2024:15:04:01 +0900] "GET / HTTP/1.1" 200 35568 "-" "Mozilla/5.0 (Windows NT 10.0; Win64; x64) AppleWebKit/537.36 (KHTML, like Gecko) Chrome/128.0.0.0 Whale/3.28.266.14 Safari/537.36"
220.121.45.42 - - [18/Nov/2024:15:04:01 +0900] "GET /archives/29970 HTTP/1.1" 200 28432 "https://example.com/" "Mozilla/5.0 (Windows NT 10.0; Win64; x64) AppleWebKit/537.36 (KHTML, like Gecko) Chrome/129.0.0.0 Safari/537.36 Edg/129.0.0.0"
157.55.39.57 - - [18/Nov/2024:15:03:52 +0900] "GET /archives/tag/MASKED-STRING HTTP/1.1" 200 20550 "-" "Mozilla/5.0 AppleWebKit/537.36 (KHTML, like Gecko; compatible; bingbot/2.0; +http://www.bing.com/bingbot.htm) Chrome/116.0.1938.76 Safari/537.36"
220.121.45.42 - - [18/Nov/2024:15:03:44 +0900] "GET / HTTP/1.1" 200 35568 "https://search.daum.net/search?nil_suggest=btn&w=tot&DA=SBC&q=MASKED-STRING+MASKED-STRING" "Mozilla/5.0 (Windows NT 10.0; Win64; x64) AppleWebKit/537.36 (KHTML, like Gecko) Chrome/129.0.0.0 Safari/537.36 Edg/129.0.0.0"
115.94.137.93 - - [18/Nov/2024:15:03:15 +0900] "GET / HTTP/1.1" 200 35568 "-" "Mozilla/5.0 (Windows NT 10.0; Win64; x64) AppleWebKit/537.36 (KHTML, like Gecko) Chrome/128.0.0.0 Whale/3.28.266.14 Safari/537.36"
220.121.45.42 - - [18/Nov/2024:15:03:10 +0900] "GET /wp-content/plugins/powerpress/images/modern_icon_sprite_2024.svg HTTP/1.1" 404 19334 "https://example.com/archives/29970" "Mozilla/5.0 (Windows NT 10.0; Win64; x64) AppleWebKit/537.36 (KHTML, like Gecko) Chrome/129.0.0.0 Safari/537.36 Edg/129.0.0.0"
220.121.45.42 - - [18/Nov/2024:15:03:10 +0900] "GET /wp-content/plugins/powerpress/images/modern_icon_sprite_2024_2.svg HTTP/1.1" 200 12022 "https://example.com/_jb_static/wp-content/themes/neve/assets/css/mega-menu.min.css,/wp-content/plugins/powerpress/css/subscribe-widget.min.css?m=1731424969&cb=1" "Mozilla/5.0 (Windows NT 10.0; Win64; x64) AppleWebKit/537.36 (KHTML, like Gecko) Chrome/129.0.0.0 Safari/537.36 Edg/129.0.0.0"
220.121.45.42 - - [18/Nov/2024:15:03:10 +0900] "GET /_jb_static/wp-content/themes/neve/assets/css/mega-menu.min.css,/wp-content/plugins/powerpress/css/subscribe-widget.min.css?m=1731424969&cb=1 HTTP/1.1" 200 2509 "https://example.com/archives/29970" "Mozilla/5.0 (Windows NT 10.0; Win64; x64) AppleWebKit/537.36 (KHTML, like Gecko) Chrome/129.0.0.0 Safari/537.36 Edg/129.0.0.0"
220.121.45.42 - - [18/Nov/2024:15:03:10 +0900] "GET /_jb_static/wp-content/plugins/neve-pro-addon/includes/modules/header_footer_grid/assets/js/build/front-end.js,/wp-content/plugins/akismet/_inc/akismet-frontend.js?m=1730215403&cb=1 HTTP/1.1" 200 2823 "https://example.com/archives/29970" "Mozilla/5.0 (Windows NT 10.0; Win64; x64) AppleWebKit/537.36 (KHTML, like Gecko) Chrome/129.0.0.0 Safari/537.36 Edg/129.0.0.0"
220.121.45.42 - - [18/Nov/2024:15:03:10 +0900] "GET /_jb_static/wp-includes/js/comment-reply.min.js,/wp-content/plugins/neve-pro-addon/includes/modules/scroll_to_top/assets/js/build/script.js?m=1731468123&cb=1 HTTP/1.1" 200 1927 "https://example.com/archives/29970" "Mozilla/5.0 (Windows NT 10.0; Win64; x64) AppleWebKit/537.36 (KHTML, like Gecko) Chrome/129.0.0.0 Safari/537.36 Edg/129.0.0.0"
220.121.45.42 - - [18/Nov/2024:15:03:10 +0900] "GET /archives/29970 HTTP/1.1" 200 28432 "https://example.com/" "Mozilla/5.0 (Windows NT 10.0; Win64; x64) AppleWebKit/537.36 (KHTML, like Gecko) Chrome/129.0.0.0 Safari/537.36 Edg/129.0.0.0"
220.121.45.42 - - [18/Nov/2024:15:03:03 +0900] "GET / HTTP/1.1" 200 35568 "https://example.com/archives/category/news-and-announcement" "Mozilla/5.0 (Windows NT 10.0; Win64; x64) AppleWebKit/537.36 (KHTML, like Gecko) Chrome/129.0.0.0 Safari/537.36 Edg/129.0.0.0"
157.55.39.195 - - [18/Nov/2024:15:02:49 +0900] "GET /archives/tag/MASKED-STRING HTTP/1.1" 200 20229 "-" "Mozilla/5.0 AppleWebKit/537.36 (KHTML, like Gecko; compatible; bingbot/2.0; +http://www.bing.com/bingbot.htm) Chrome/116.0.1938.76 Safari/537.36"
124.156.187.113 - - [18/Nov/2024:15:02:46 +0900] "HEAD /Core/Skin/Login.aspx HTTP/1.1" 404 0 "http://3.35.28.164:80/Core/Skin/Login.aspx" "Mozilla/5.0 (Windows NT 10.0; Win64; x64) AppleWebKit/537.36 (KHTML, like Gecko) Chrome/106.0.0.0 Safari/537.36"
124.156.187.113 - - [18/Nov/2024:15:02:46 +0900] "HEAD /Core/Skin/Login.aspx HTTP/1.1" 301 0 "-" "Mozilla/5.0 (Windows NT 10.0; Win64; x64) AppleWebKit/537.36 (KHTML, like Gecko) Chrome/106.0.0.0 Safari/537.36"
157.55.39.195 - - [18/Nov/2024:15:02:40 +0900] "GET /archives/7384 HTTP/1.1" 200 35841 "-" "Mozilla/5.0 AppleWebKit/537.36 (KHTML, like Gecko; compatible; bingbot/2.0; +http://www.bing.com/bingbot.htm) Chrome/116.0.1938.76 Safari/537.36"
220.121.45.42 - - [18/Nov/2024:15:02:34 +0900] "GET /_jb_static/??-eJyVT8sKwjAQ/BtPpkutqJfip0iarG10synZ1NK/N1KQFnrQ0zDMgxkYe+XY0GBRwIiAdZKgoWCeilwTdZxA0kRYeMdFNuxhmXgIeLROI6FHTivSk54wKsJWm+m3eNaWfBUygdPHk7qsCTC+cF6mvHasGMdNe09D63j2qz4Gpa0NDN8JPtiBMubL7S3roEUwycbpfxs71Bbj7R5CytBGZze7r74uz1V5PF3KQ7UzTV2+ASWYl14= HTTP/1.1" 200 34661 "https://example.com/archives/category/news-and-announcement" "Mozilla/5.0 (Windows NT 10.0; Win64; x64) AppleWebKit/537.36 (KHTML, like Gecko) Chrome/129.0.0.0 Safari/537.36 Edg/129.0.0.0"
220.121.45.42 - - [18/Nov/2024:15:02:34 +0900] "GET /_jb_static/??-eJxtjcEOwiAQRP/Gk3QlNXpq/JSGstsK0l3Cgv6+HOzN00tmMm/gk40XrsQVcmpbYAWmN5lcxDhEYQjsU0NS2AVb6nySQyrzKlI7thIQnCpVhaiwtJAQ1tKdhhiHqGf48xGpZudfMHf7b+NdkaaUjs4cwbAH7p7HPtn7aC/jzdrryS+T/QLBhkWh HTTP/1.1" 200 9177 "https://example.com/archives/category/news-and-announcement" "Mozilla/5.0 (Windows NT 10.0; Win64; x64) AppleWebKit/537.36 (KHTML, like Gecko) Chrome/129.0.0.0 Safari/537.36 Edg/129.0.0.0"
220.121.45.42 - - [18/Nov/2024:15:02:33 +0900] "GET /wp-content/plugins/neve-pro-addon/includes/modules/scroll_to_top/assets/js/build/script.js?m=1730215403 HTTP/1.1" 200 616 "https://example.com/archives/category/news-and-announcement" "Mozilla/5.0 (Windows NT 10.0; Win64; x64) AppleWebKit/537.36 (KHTML, like Gecko) Chrome/129.0.0.0 Safari/537.36 Edg/129.0.0.0"
220.121.45.42 - - [18/Nov/2024:15:02:33 +0900] "GET /archives/category/news-and-announcement HTTP/1.1" 200 33782 "https://example.com/" "Mozilla/5.0 (Windows NT 10.0; Win64; x64) AppleWebKit/537.36 (KHTML, like Gecko) Chrome/129.0.0.0 Safari/537.36 Edg/129.0.0.0"
3.94.102.62 - - [18/Nov/2024:15:02:33 +0900] "GET //example.com/wp-content/plugins/elementor-pro/assets/js/frontend.min.js HTTP/1.1" 301 5 "-" "Mozilla/5.0 (Macintosh; Intel Mac OS X 10_13_6) AppleWebKit/537.36 (KHTML, like Gecko) Chrome/75.0.3770.100 Safari/537.36"
3.94.102.62 - - [18/Nov/2024:15:02:33 +0900] "GET //example.com/wp-content/plugins/elementor-pro/assets/js/elements-handlers.min.js HTTP/1.1" 301 5 "-" "Mozilla/5.0 (Windows NT 10.0; WOW64; Trident/7.0; Touch; MALNJS; rv:11.0) like Gecko"
3.94.102.62 - - [18/Nov/2024:15:02:33 +0900] "GET //example.com/wp-includes/js/dist/i18n.min.js HTTP/1.1" 301 5 "-" "Mozilla/5.0 (Windows NT 6.1; WOW64) AppleWebKit/537.36 (KHTML, like Gecko) Chrome/74.0.3729.169 Safari/537.36"
3.94.102.62 - - [18/Nov/2024:15:02:33 +0900] "GET //stats.wp.com/e-202447.js HTTP/1.1" 301 5 "-" "Mozilla/5.0 (Windows NT 6.1; WOW64) AppleWebKit/537.36 (KHTML, like Gecko) Chrome/55.0.2883.87 UBrowser/6.2.4098.3 Safari/537.36"
3.94.102.62 - - [18/Nov/2024:15:02:33 +0900] "GET /default.js HTTP/1.1" 404 19336 "-" "Mozilla/5.0 (X11; Linux x86_64) AppleWebKit/537.36 (KHTML, like Gecko) Chrome/68.0.3440.106 Safari/537.36"
3.94.102.62 - - [18/Nov/2024:15:02:32 +0900] "GET //example.com/_jb_static/wp-content/plugins/neve-pro-addon/includes/modules/scroll_to_top/assets/js/build/script.js HTTP/1.1" 200 616 "-" "Mozilla/5.0 (Linux; Android 9; SM-G955F) AppleWebKit/537.36 (KHTML, like Gecko) Chrome/76.0.3809.111 Mobile Safari/537.36"
3.94.102.62 - - [18/Nov/2024:15:02:32 +0900] "GET //www.googletagmanager.com/gtm.js HTTP/1.1" 301 5 "-" "Lynx/2.8.5rel.1 libwww-FM/2.14 SSL-MM/1.4.1 GNUTLS/0.8.12"
3.94.102.62 - - [18/Nov/2024:15:02:32 +0900] "GET /swiper-bundle.min.js HTTP/1.1" 404 19333 "-" "Mozilla/5.0 (Linux; Android 9; Pixel XL) AppleWebKit/537.36 (KHTML, like Gecko) Chrome/76.0.3809.111 Mobile Safari/537.36"
3.94.102.62 - - [18/Nov/2024:15:02:32 +0900] "GET /wp-emoji-release.min.js HTTP/1.1" 404 19336 "-" "Mozilla/5.0 (X11; Linux x86_64) AppleWebKit/537.36 (KHTML, like Gecko) Ubuntu Chromium/75.0.3770.142 Chrome/75.0.3770.142 Safari/537.36"
3.94.102.62 - - [18/Nov/2024:15:02:32 +0900] "GET //example.com/wp-includes/js/jquery/jquery-migrate.min.js HTTP/1.1" 301 5 "-" "Mozilla/5.0 (Linux; Android 9; SM-N960F) AppleWebKit/537.36 (KHTML, like Gecko) Chrome/76.0.3809.89 Mobile Safari/537.36"
3.94.102.62 - - [18/Nov/2024:15:02:32 +0900] "GET //example.com/wp-includes/js/jquery/ui/core.min.js HTTP/1.1" 301 5 "-" "Mozilla/5.0 (Macintosh; Intel Mac OS X 10_14_4) AppleWebKit/605.1.15 (KHTML, like Gecko) Version/12.1 Safari/605.1.15"
3.94.102.62 - - [18/Nov/2024:15:02:32 +0900] "GET //example.com/wp-includes/js/jquery/jquery.min.js HTTP/1.1" 301 5 "-" "Mozilla/5.0 (Windows; U; Windows NT 5.1; en-US; rv:1.8.1.23) Gecko/20090825 SeaMonkey/1.1.18"
3.94.102.62 - - [18/Nov/2024:15:02:32 +0900] "GET //example.com/wp-content/themes/neve/assets/js/build/modern/frontend.js HTTP/1.1" 301 5 "-" "Mozilla/5.0 (Macintosh; Intel Mac OS X 10_14_5) AppleWebKit/537.36 (KHTML, like Gecko) Chrome/75.0.3770.100 Safari/537.36"
3.94.102.62 - - [18/Nov/2024:15:02:31 +0900] "GET //example.com/wp-content/plugins/neve-pro-addon/includes/modules/elementor_booster/assets/js/track.js HTTP/1.1" 301 5 "-" "Mozilla/5.0 (Linux; U; Android 4.0.3; en-us; KFTT Build/IML74K) AppleWebKit/535.19 (KHTML, like Gecko) Silk/2.1 Mobile Safari/535.19 Silk-Accelerated=true"
3.94.102.62 - - [18/Nov/2024:15:02:31 +0900] "GET //example.com/wp-content/plugins/elementor/assets/js/frontend.min.js HTTP/1.1" 301 5 "-" "Mozilla/5.0 (X11; Linux x86_64) AppleWebKit/537.36 (KHTML, like Gecko) Chrome/70.0.3538.110 Safari/537.36"
3.94.102.62 - - [18/Nov/2024:15:02:31 +0900] "GET /wp-includes/js/imagesloaded.min.js HTTP/1.1" 200 1959 "-" "Mozilla/5.0 (X11; Linux i686) AppleWebKit/537.36 (KHTML, like Gecko) Chrome/53.0.2785.101 Safari/537.36 OPR/40.0.2308.62"
220.121.45.42 - - [18/Nov/2024:15:02:22 +0900] "GET /favicon.ico HTTP/1.1" 200 36152 "https://example.com/" "Mozilla/5.0 (Windows NT 10.0; Win64; x64) AppleWebKit/537.36 (KHTML, like Gecko) Chrome/129.0.0.0 Safari/537.36 Edg/129.0.0.0"
115.94.137.93 - - [18/Nov/2024:15:02:22 +0900] "GET /favicon.ico HTTP/1.1" 200 36152 "https://example.com/" "Mozilla/5.0 (Windows NT 10.0; Win64; x64) AppleWebKit/537.36 (KHTML, like Gecko) Chrome/128.0.0.0 Whale/3.28.266.14 Safari/537.36"
220.121.45.42 - - [18/Nov/2024:15:02:21 +0900] "GET /wp-content/plugins/elementor/assets/lib/swiper/v8/swiper.min.js?ver=8.4.5 HTTP/1.1" 200 46188 "https://example.com/" "Mozilla/5.0 (Windows NT 10.0; Win64; x64) AppleWebKit/537.36 (KHTML, like Gecko) Chrome/129.0.0.0 Safari/537.36 Edg/129.0.0.0"
220.121.45.42 - - [18/Nov/2024:15:02:21 +0900] "GET /wp-content/plugins/elementor-pro/assets/js/posts.aec59265318492b89cb5.bundle.min.js HTTP/1.1" 200 1345 "https://example.com/" "Mozilla/5.0 (Windows NT 10.0; Win64; x64) AppleWebKit/537.36 (KHTML, like Gecko) Chrome/129.0.0.0 Safari/537.36 Edg/129.0.0.0"
220.121.45.42 - - [18/Nov/2024:15:02:21 +0900] "GET /wp-content/plugins/elementor-pro/assets/js/load-more.8b46f464e573feab5dd7.bundle.min.js HTTP/1.1" 200 1715 "https://example.com/" "Mozilla/5.0 (Windows NT 10.0; Win64; x64) AppleWebKit/537.36 (KHTML, like Gecko) Chrome/129.0.0.0 Safari/537.36 Edg/129.0.0.0"
220.121.45.42 - - [18/Nov/2024:15:02:21 +0900] "GET /wp-content/plugins/elementor-pro/assets/js/slides.c0029640cbdb48199471.bundle.min.js HTTP/1.1" 200 1562 "https://example.com/" "Mozilla/5.0 (Windows NT 10.0; Win64; x64) AppleWebKit/537.36 (KHTML, like Gecko) Chrome/129.0.0.0 Safari/537.36 Edg/129.0.0.0"
220.121.45.42 - - [18/Nov/2024:15:02:21 +0900] "GET /wp-includes/js/wp-emoji-release.min.js?ver=6.7 HTTP/1.1" 200 5684 "https://example.com/" "Mozilla/5.0 (Windows NT 10.0; Win64; x64) AppleWebKit/537.36 (KHTML, like Gecko) Chrome/129.0.0.0 Safari/537.36 Edg/129.0.0.0"
220.121.45.42 - - [18/Nov/2024:15:02:21 +0900] "GET /wp-content/plugins/elementor/assets/lib/eicons/fonts/eicons.woff2?5.32.0 HTTP/1.1" 200 98472 "https://example.com/_jb_static/??-eJytVMtOwzAQ/BtOuFZoUcuh4swHcI4ce5sa+SWvk6h/z+bR0ggaSEou0XpnZ2e9I/MmMO2kqRQg/0BuQWkBBiy4NAqCESeIzEAp5GlltVtJxEc+VU6563hUJL1LLSYdKYfcQQ0c08kAs0I75qD5ER5MVWrX41mIngmlvOMXCdarytC/ML7MKc8FIiTsqScZB5E+nkuMLjhogiGnmq88687mcbUEh9ih1HwV2OgAkde7jqeP5vcnkNJJeycMIdgETRWMF+qapq0PHhPLdtlm/XtfdnX133oHH6pw13YvffLCkyoYzblw1cJpK1qJAwMtTCh4c+/TUm+O3GhVQmJoNCm/i0IKY1iiy5CtvGVUowWkKBx20QIbD6KUrmmwP9rwxmCto5YrwCDkfAM/bbebl8XGOwJ5IuYH78l0eRm1uvOBORCIiQbQW+hfCToY4n9gQ0/2O/O82n22XWfP9GXZgyz22Sd6zUZn" "Mozilla/5.0 (Windows NT 10.0; Win64; x64) AppleWebKit/537.36 (KHTML, like Gecko) Chrome/129.0.0.0 Safari/537.36 Edg/129.0.0.0"
220.121.45.42 - - [18/Nov/2024:15:02:21 +0900] "GET /wp-content/plugins/elementor/assets/lib/font-awesome/webfonts/fa-solid-900.woff2 HTTP/1.1" 200 78196 "https://example.com/_jb_static/??-eJytVMtOwzAQ/BtOuFZoUcuh4swHcI4ce5sa+SWvk6h/z+bR0ggaSEou0XpnZ2e9I/MmMO2kqRQg/0BuQWkBBiy4NAqCESeIzEAp5GlltVtJxEc+VU6563hUJL1LLSYdKYfcQQ0c08kAs0I75qD5ER5MVWrX41mIngmlvOMXCdarytC/ML7MKc8FIiTsqScZB5E+nkuMLjhogiGnmq88687mcbUEh9ih1HwV2OgAkde7jqeP5vcnkNJJeycMIdgETRWMF+qapq0PHhPLdtlm/XtfdnX133oHH6pw13YvffLCkyoYzblw1cJpK1qJAwMtTCh4c+/TUm+O3GhVQmJoNCm/i0IKY1iiy5CtvGVUowWkKBx20QIbD6KUrmmwP9rwxmCto5YrwCDkfAM/bbebl8XGOwJ5IuYH78l0eRm1uvOBORCIiQbQW+hfCToY4n9gQ0/2O/O82n22XWfP9GXZgyz22Sd6zUZn" "Mozilla/5.0 (Windows NT 10.0; Win64; x64) AppleWebKit/537.36 (KHTML, like Gecko) Chrome/129.0.0.0 Safari/537.36 Edg/129.0.0.0"
115.94.137.93 - - [18/Nov/2024:15:02:21 +0900] "GET /wp-content/plugins/elementor/assets/lib/swiper/v8/swiper.min.js?ver=8.4.5 HTTP/1.1" 200 46188 "https://example.com/" "Mozilla/5.0 (Windows NT 10.0; Win64; x64) AppleWebKit/537.36 (KHTML, like Gecko) Chrome/128.0.0.0 Whale/3.28.266.14 Safari/537.36"
220.121.45.42 - - [18/Nov/2024:15:02:21 +0900] "GET /_jb_static/??-eJyVjMEOgjAQBf/Gk2VTJRoOxG8p5QWr3W3DtvD7QoKJV68zmaE1G5+kQAqVJxhKggXkVFGUvCoxJmcYUhsO0mzkTD9RjnUKovRCyc6/idNY43bxbk5VEUnXkDGbocoY8X9+CPMF++HBvb1fbXtpu1t38kNvP39gSas= HTTP/1.1" 200 8500 "https://example.com/" "Mozilla/5.0 (Windows NT 10.0; Win64; x64) AppleWebKit/537.36 (KHTML, like Gecko) Chrome/129.0.0.0 Safari/537.36 Edg/129.0.0.0"
115.94.137.93 - - [18/Nov/2024:15:02:21 +0900] "GET /wp-content/plugins/elementor-pro/assets/js/posts.aec59265318492b89cb5.bundle.min.js HTTP/1.1" 200 1345 "https://example.com/" "Mozilla/5.0 (Windows NT 10.0; Win64; x64) AppleWebKit/537.36 (KHTML, like Gecko) Chrome/128.0.0.0 Whale/3.28.266.14 Safari/537.36"
115.94.137.93 - - [18/Nov/2024:15:02:21 +0900] "GET /wp-content/plugins/elementor-pro/assets/js/load-more.8b46f464e573feab5dd7.bundle.min.js HTTP/1.1" 200 1715 "https://example.com/" "Mozilla/5.0 (Windows NT 10.0; Win64; x64) AppleWebKit/537.36 (KHTML, like Gecko) Chrome/128.0.0.0 Whale/3.28.266.14 Safari/537.36"
115.94.137.93 - - [18/Nov/2024:15:02:21 +0900] "GET /wp-content/plugins/elementor-pro/assets/js/slides.c0029640cbdb48199471.bundle.min.js HTTP/1.1" 200 1562 "https://example.com/" "Mozilla/5.0 (Windows NT 10.0; Win64; x64) AppleWebKit/537.36 (KHTML, like Gecko) Chrome/128.0.0.0 Whale/3.28.266.14 Safari/537.36"
115.94.137.93 - - [18/Nov/2024:15:02:21 +0900] "GET /wp-includes/js/wp-emoji-release.min.js?ver=6.7 HTTP/1.1" 200 5684 "https://example.com/" "Mozilla/5.0 (Windows NT 10.0; Win64; x64) AppleWebKit/537.36 (KHTML, like Gecko) Chrome/128.0.0.0 Whale/3.28.266.14 Safari/537.36"
220.121.45.42 - - [18/Nov/2024:15:02:21 +0900] "GET /_jb_static/??-eJytVMtOwzAQ/BtOuFZoUcuh4swHcI4ce5sa+SWvk6h/z+bR0ggaSEou0XpnZ2e9I/MmMO2kqRQg/0BuQWkBBiy4NAqCESeIzEAp5GlltVtJxEc+VU6563hUJL1LLSYdKYfcQQ0c08kAs0I75qD5ER5MVWrX41mIngmlvOMXCdarytC/ML7MKc8FIiTsqScZB5E+nkuMLjhogiGnmq88687mcbUEh9ih1HwV2OgAkde7jqeP5vcnkNJJeycMIdgETRWMF+qapq0PHhPLdtlm/XtfdnX133oHH6pw13YvffLCkyoYzblw1cJpK1qJAwMtTCh4c+/TUm+O3GhVQmJoNCm/i0IKY1iiy5CtvGVUowWkKBx20QIbD6KUrmmwP9rwxmCto5YrwCDkfAM/bbebl8XGOwJ5IuYH78l0eRm1uvOBORCIiQbQW+hfCToY4n9gQ0/2O/O82n22XWfP9GXZgyz22Sd6zUZn HTTP/1.1" 200 67181 "https://example.com/" "Mozilla/5.0 (Windows NT 10.0; Win64; x64) AppleWebKit/537.36 (KHTML, like Gecko) Chrome/129.0.0.0 Safari/537.36 Edg/129.0.0.0"
115.94.137.93 - - [18/Nov/2024:15:02:21 +0900] "GET /wp-content/plugins/elementor/assets/lib/eicons/fonts/eicons.woff2?5.32.0 HTTP/1.1" 200 98472 "https://example.com/_jb_static/??-eJytVMtOwzAQ/BtOuFZoUcuh4swHcI4ce5sa+SWvk6h/z+bR0ggaSEou0XpnZ2e9I/MmMO2kqRQg/0BuQWkBBiy4NAqCESeIzEAp5GlltVtJxEc+VU6563hUJL1LLSYdKYfcQQ0c08kAs0I75qD5ER5MVWrX41mIngmlvOMXCdarytC/ML7MKc8FIiTsqScZB5E+nkuMLjhogiGnmq88687mcbUEh9ih1HwV2OgAkde7jqeP5vcnkNJJeycMIdgETRWMF+qapq0PHhPLdtlm/XtfdnX133oHH6pw13YvffLCkyoYzblw1cJpK1qJAwMtTCh4c+/TUm+O3GhVQmJoNCm/i0IKY1iiy5CtvGVUowWkKBx20QIbD6KUrmmwP9rwxmCto5YrwCDkfAM/bbebl8XGOwJ5IuYH78l0eRm1uvOBORCIiQbQW+hfCToY4n9gQ0/2O/O82n22XWfP9GXZgyz22Sd6zUZn" "Mozilla/5.0 (Windows NT 10.0; Win64; x64) AppleWebKit/537.36 (KHTML, like Gecko) Chrome/128.0.0.0 Whale/3.28.266.14 Safari/537.36"
115.94.137.93 - - [18/Nov/2024:15:02:21 +0900] "GET /wp-content/plugins/elementor/assets/lib/font-awesome/webfonts/fa-solid-900.woff2 HTTP/1.1" 200 78196 "https://example.com/_jb_static/??-eJytVMtOwzAQ/BtOuFZoUcuh4swHcI4ce5sa+SWvk6h/z+bR0ggaSEou0XpnZ2e9I/MmMO2kqRQg/0BuQWkBBiy4NAqCESeIzEAp5GlltVtJxEc+VU6563hUJL1LLSYdKYfcQQ0c08kAs0I75qD5ER5MVWrX41mIngmlvOMXCdarytC/ML7MKc8FIiTsqScZB5E+nkuMLjhogiGnmq88687mcbUEh9ih1HwV2OgAkde7jqeP5vcnkNJJeycMIdgETRWMF+qapq0PHhPLdtlm/XtfdnX133oHH6pw13YvffLCkyoYzblw1cJpK1qJAwMtTCh4c+/TUm+O3GhVQmJoNCm/i0IKY1iiy5CtvGVUowWkKBx20QIbD6KUrmmwP9rwxmCto5YrwCDkfAM/bbebl8XGOwJ5IuYH78l0eRm1uvOBORCIiQbQW+hfCToY4n9gQ0/2O/O82n22XWfP9GXZgyz22Sd6zUZn" "Mozilla/5.0 (Windows NT 10.0; Win64; x64) AppleWebKit/537.36 (KHTML, like Gecko) Chrome/128.0.0.0 Whale/3.28.266.14 Safari/537.36"
220.121.45.42 - - [18/Nov/2024:15:02:21 +0900] "GET /wp-content/themes/neve/assets/js/build/modern/frontend.js?ver=3.8.13 HTTP/1.1" 200 2937 "https://example.com/" "Mozilla/5.0 (Windows NT 10.0; Win64; x64) AppleWebKit/537.36 (KHTML, like Gecko) Chrome/129.0.0.0 Safari/537.36 Edg/129.0.0.0"
