34.64.82.69 - - [18/Nov/2024:17:40:25 +0900] "GET /feed HTTP/1.1" 200 2780 "-" "Mozilla/5.0 (compatible; Googlebot/2.1; +http://www.google.com/bot.html)"
34.64.82.67 - - [18/Nov/2024:17:40:23 +0900] "GET /feed HTTP/1.1" 200 2780 "-" "Mozilla/5.0 (compatible; Googlebot/2.1; +http://www.google.com/bot.html)"
172.105.150.15 - - [18/Nov/2024:17:39:38 +0900] "GET /feed/podcast HTTP/1.1" 200 2379 "-" "Aggrivator (PodcastIndex.org)/v0.1.7"
61.40.36.15 - - [18/Nov/2024:17:39:21 +0900] "GET /feed HTTP/1.1" 200 2780 "-" "Mozilla/5.0 (Windows NT 10.0; WOW64; Trident/7.0; rv:11.0) like Gecko"
34.34.182.188 - - [18/Nov/2024:17:38:31 +0900] "OPTIONS / HTTP/1.0" 301 162 "-" "-"
34.34.182.188 - - [18/Nov/2024:17:38:29 +0900] "\x16\x03\x01\x00M\x01\x00\x00I\x03\x03\xD4\x1EQw\xB8\xC0O\x01+9\xE6yq\x9Ey\xD1\xD2\xDC\x82R!\xC7\xC5H\x18\xA4 \xC8,\x0Cq% \xF6\xF7\xA4\x81oq" 400 150 "-" "-"
207.46.13.51 - - [18/Nov/2024:17:38:24 +0900] "GET /archives/tag/MASKED-STRING HTTP/1.1" 200 22596 "-" "Mozilla/5.0 AppleWebKit/537.36 (KHTML, like Gecko; compatible; bingbot/2.0; +http://www.bing.com/bingbot.htm) Chrome/116.0.1938.76 Safari/537.36"
207.46.13.51 - - [18/Nov/2024:17:38:15 +0900] "GET /archives/tag/MASKED-STRING HTTP/1.1" 200 20731 "-" "Mozilla/5.0 AppleWebKit/537.36 (KHTML, like Gecko; compatible; bingbot/2.0; +http://www.bing.com/bingbot.htm) Chrome/116.0.1938.76 Safari/537.36"
207.46.13.102 - - [18/Nov/2024:17:37:06 +0900] "GET /hiding_place HTTP/1.1" 200 23136 "-" "Mozilla/5.0 AppleWebKit/537.36 (KHTML, like Gecko; compatible; bingbot/2.0; +http://www.bing.com/bingbot.htm) Chrome/116.0.1938.76 Safari/537.36"
34.64.82.71 - - [18/Nov/2024:17:36:47 +0900] "GET /archives/tag/MASKED-STRING HTTP/1.1" 200 20151 "-" "Mozilla/5.0 (Linux; Android 6.0.1; Nexus 5X Build/MMB29P) AppleWebKit/537.36 (KHTML, like Gecko) Chrome/131.0.6778.69 Mobile Safari/537.36 (compatible; Googlebot/2.1; +http://www.google.com/bot.html)"
61.40.36.15 - - [18/Nov/2024:17:36:43 +0900] "GET /feed/podcast HTTP/1.1" 200 2379 "-" "Mozilla/5.0 (Windows NT 10.0; WOW64; Trident/7.0; rv:11.0) like Gecko"
175.119.132.110 - - [18/Nov/2024:17:35:22 +0900] "GET /wp-content/plugins/powerpress/images/modern_icon_sprite_2024.svg HTTP/1.1" 404 19336 "https://example.com/archives/7563" "Mozilla/5.0 (Linux; Android 14; SM-F711N Build/UP1A.231005.007; wv) AppleWebKit/537.36 (KHTML, like Gecko) Version/4.0 Chrome/114.0.0.0 Whale/1.0.0.0 Crosswalk/28.114.0.23 Mobile Safari/537.36 NAVER(inapp; search; 2000; 12.8.53)"
175.119.132.110 - - [18/Nov/2024:17:35:21 +0900] "GET /archives/7563 HTTP/1.1" 200 31104 "https://www.google.com/" "Mozilla/5.0 (Linux; Android 14; SM-F711N Build/UP1A.231005.007; wv) AppleWebKit/537.36 (KHTML, like Gecko) Version/4.0 Chrome/114.0.0.0 Whale/1.0.0.0 Crosswalk/28.114.0.23 Mobile Safari/537.36 NAVER(inapp; search; 2000; 12.8.53)"
27.0.238.114 - - [18/Nov/2024:17:35:21 +0900] "GET /archives/7563 HTTP/1.1" 200 31104 "-" "facebookexternalhit/1.1; kakaotalk-scrap/1.0; +https://devtalk.kakao.com/t/scrap/33984"
34.64.82.64 - - [18/Nov/2024:17:35:11 +0900] "GET /feed HTTP/1.1" 200 2780 "-" "Mozilla/5.0 (compatible; Googlebot/2.1; +http://www.google.com/bot.html)"
207.46.13.102 - - [18/Nov/2024:17:33:36 +0900] "GET /archives/tag/MASKED-STRING HTTP/1.1" 200 21376 "-" "Mozilla/5.0 AppleWebKit/537.36 (KHTML, like Gecko; compatible; bingbot/2.0; +http://www.bing.com/bingbot.htm) Chrome/116.0.1938.76 Safari/537.36"
157.55.39.7 - - [18/Nov/2024:17:33:24 +0900] "GET /archives/tag/MASKED-STRING HTTP/1.1" 200 20116 "-" "Mozilla/5.0 AppleWebKit/537.36 (KHTML, like Gecko; compatible; bingbot/2.0; +http://www.bing.com/bingbot.htm) Chrome/116.0.1938.76 Safari/537.36"
40.77.167.62 - - [18/Nov/2024:17:31:02 +0900] "GET /archives/tag/MASKED-STRING HTTP/1.1" 200 21473 "-" "Mozilla/5.0 AppleWebKit/537.36 (KHTML, like Gecko; compatible; bingbot/2.0; +http://www.bing.com/bingbot.htm) Chrome/116.0.1938.76 Safari/537.36"
188.166.45.9 - - [18/Nov/2024:17:30:36 +0900] "GET /feed/podcast HTTP/1.1" 200 17666 "-" "Mozilla/5.0 (compatible; Podtail/2.0; +https://podtail.com/)"
17.241.75.46 - - [18/Nov/2024:17:30:13 +0900] "GET /feed/podcast HTTP/1.1" 200 2379 "-" "itms"
34.64.82.78 - - [18/Nov/2024:17:30:11 +0900] "GET /feed HTTP/1.1" 200 2780 "-" "Mozilla/5.0 (compatible; Googlebot/2.1; +http://www.google.com/bot.html)"
34.64.82.65 - - [18/Nov/2024:17:30:05 +0900] "GET /feed HTTP/1.1" 200 2780 "-" "Mozilla/5.0 (compatible; Googlebot/2.1; +http://www.google.com/bot.html)"
157.55.39.7 - - [18/Nov/2024:17:30:03 +0900] "GET /archives/tag/MASKED-STRING HTTP/1.1" 200 20112 "-" "Mozilla/5.0 AppleWebKit/537.36 (KHTML, like Gecko; compatible; bingbot/2.0; +http://www.bing.com/bingbot.htm) Chrome/116.0.1938.76 Safari/537.36"
207.46.13.102 - - [18/Nov/2024:17:29:37 +0900] "GET /archives/tag/MASKED-STRING HTTP/1.1" 200 20217 "-" "Mozilla/5.0 AppleWebKit/537.36 (KHTML, like Gecko; compatible; bingbot/2.0; +http://www.bing.com/bingbot.htm) Chrome/116.0.1938.76 Safari/537.36"
5.8.11.202 - - [18/Nov/2024:17:28:23 +0900] "GET / HTTP/1.0" 301 162 "-" "Mozilla/5.0 (Windows; U; Windows NT 6.0; en-US) AppleWebKit/533.1 (KHTML, like Gecko) Maxthon/3.0.8.2 Safari/533.1"
40.77.167.20 - - [18/Nov/2024:17:27:32 +0900] "GET /archives/tag/MASKED-STRING HTTP/1.1" 200 20524 "-" "Mozilla/5.0 AppleWebKit/537.36 (KHTML, like Gecko; compatible; bingbot/2.0; +http://www.bing.com/bingbot.htm) Chrome/116.0.1938.76 Safari/537.36"
61.40.36.174 - - [18/Nov/2024:17:26:37 +0900] "GET /feed HTTP/1.1" 200 2780 "-" "Mozilla/5.0 (Windows NT 10.0; WOW64; Trident/7.0; rv:11.0) like Gecko"
172.105.150.15 - - [18/Nov/2024:17:25:30 +0900] "GET /feed/podcast HTTP/1.1" 200 2379 "-" "Aggrivator (PodcastIndex.org)/v0.1.7"
216.244.66.234 - - [18/Nov/2024:17:25:21 +0900] "GET /archives/tag/MASKED-STRING HTTP/1.1" 200 92881 "-" "Mozilla/5.0 (compatible; DotBot/1.2; +https://opensiteexplorer.org/dotbot; help@moz.com)"
34.64.82.77 - - [18/Nov/2024:17:25:03 +0900] "GET /feed HTTP/1.1" 304 0 "-" "Mozilla/5.0 (compatible; Googlebot/2.1; +http://www.google.com/bot.html)"
216.244.66.234 - - [18/Nov/2024:17:24:46 +0900] "GET /archives/29005 HTTP/1.1" 200 144670 "-" "Mozilla/5.0 (compatible; DotBot/1.2; +https://opensiteexplorer.org/dotbot; help@moz.com)"
34.64.82.68 - - [18/Nov/2024:17:24:28 +0900] "GET /feed HTTP/1.1" 304 0 "-" "Mozilla/5.0 (compatible; Googlebot/2.1; +http://www.google.com/bot.html)"
157.55.39.195 - - [18/Nov/2024:17:24:27 +0900] "GET /wp-json/wp/v2/media/20854 HTTP/1.1" 200 1312 "-" "Mozilla/5.0 AppleWebKit/537.36 (KHTML, like Gecko; compatible; bingbot/2.0; +http://www.bing.com/bingbot.htm) Chrome/116.0.1938.76 Safari/537.36"
157.55.39.7 - - [18/Nov/2024:17:24:23 +0900] "GET /archives/tag/MASKED-STRING HTTP/1.1" 200 20811 "-" "Mozilla/5.0 AppleWebKit/537.36 (KHTML, like Gecko; compatible; bingbot/2.0; +http://www.bing.com/bingbot.htm) Chrome/116.0.1938.76 Safari/537.36"
216.244.66.234 - - [18/Nov/2024:17:24:21 +0900] "GET /archives/21695 HTTP/1.1" 200 150793 "-" "Mozilla/5.0 (compatible; DotBot/1.2; +https://opensiteexplorer.org/dotbot; help@moz.com)"
211.234.181.250 - - [18/Nov/2024:17:24:01 +0900] "GET /wp-content/plugins/powerpress/images/modern_icon_sprite_2024.svg HTTP/1.1" 404 19336 "https://example.com/archives/7563" "Mozilla/5.0 (Linux; Android 10; K) AppleWebKit/537.36 (KHTML, like Gecko) SamsungBrowser/27.0 Chrome/125.0.0.0 Mobile Safari/537.36"
211.234.181.250 - - [18/Nov/2024:17:24:00 +0900] "GET /archives/7563 HTTP/1.1" 200 31104 "https://www.google.com/" "Mozilla/5.0 (Linux; Android 10; K) AppleWebKit/537.36 (KHTML, like Gecko) SamsungBrowser/27.0 Chrome/125.0.0.0 Mobile Safari/537.36"
211.234.181.250 - - [18/Nov/2024:17:23:46 +0900] "GET /wp-content/plugins/powerpress/images/modern_icon_sprite_2024.svg HTTP/1.1" 404 19334 "https://example.com/archives/7559" "Mozilla/5.0 (Linux; Android 10; K) AppleWebKit/537.36 (KHTML, like Gecko) SamsungBrowser/27.0 Chrome/125.0.0.0 Mobile Safari/537.36"
211.234.181.250 - - [18/Nov/2024:17:23:46 +0900] "GET /wp-content/plugins/powerpress/images/modern_icon_sprite_2024_2.svg HTTP/1.1" 304 0 "https://example.com/_jb_static/wp-content/themes/neve/assets/css/mega-menu.min.css,/wp-content/plugins/powerpress/css/subscribe-widget.min.css?m=1731424969&cb=1" "Mozilla/5.0 (Linux; Android 10; K) AppleWebKit/537.36 (KHTML, like Gecko) SamsungBrowser/27.0 Chrome/125.0.0.0 Mobile Safari/537.36"
211.234.181.250 - - [18/Nov/2024:17:23:46 +0900] "GET /wp-content/themes/neve/assets/js/build/modern/frontend.js?ver=3.8.13 HTTP/1.1" 304 0 "https://example.com/archives/7559" "Mozilla/5.0 (Linux; Android 10; K) AppleWebKit/537.36 (KHTML, like Gecko) SamsungBrowser/27.0 Chrome/125.0.0.0 Mobile Safari/537.36"
211.234.181.250 - - [18/Nov/2024:17:23:46 +0900] "GET /wp-content/plugins/neve-pro-addon/includes/modules/elementor_booster/assets/js/track.js?m=1730215403 HTTP/1.1" 304 0 "https://example.com/archives/7559" "Mozilla/5.0 (Linux; Android 10; K) AppleWebKit/537.36 (KHTML, like Gecko) SamsungBrowser/27.0 Chrome/125.0.0.0 Mobile Safari/537.36"
211.234.181.250 - - [18/Nov/2024:17:23:45 +0900] "GET /archives/7559 HTTP/1.1" 200 32539 "https://www.google.com/" "Mozilla/5.0 (Linux; Android 10; K) AppleWebKit/537.36 (KHTML, like Gecko) SamsungBrowser/27.0 Chrome/125.0.0.0 Mobile Safari/537.36"
216.244.66.234 - - [18/Nov/2024:17:23:39 +0900] "GET /archives/tag/MASKED-STRING/page/2 HTTP/1.1" 200 93814 "-" "Mozilla/5.0 (compatible; DotBot/1.2; +https://opensiteexplorer.org/dotbot; help@moz.com)"
216.244.66.234 - - [18/Nov/2024:17:23:29 +0900] "GET /archives/tag/MASKED-STRING/page/2 HTTP/1.1" 200 85058 "-" "Mozilla/5.0 (compatible; DotBot/1.2; +https://opensiteexplorer.org/dotbot; help@moz.com)"
157.55.39.7 - - [18/Nov/2024:17:23:23 +0900] "GET /archives/tag/MASKED-STRING HTTP/1.1" 200 20276 "-" "Mozilla/5.0 AppleWebKit/537.36 (KHTML, like Gecko; compatible; bingbot/2.0; +http://www.bing.com/bingbot.htm) Chrome/116.0.1938.76 Safari/537.36"
216.244.66.234 - - [18/Nov/2024:17:23:18 +0900] "GET /archives/22783 HTTP/1.1" 200 163559 "-" "Mozilla/5.0 (compatible; DotBot/1.2; +https://opensiteexplorer.org/dotbot; help@moz.com)"
40.77.167.20 - - [18/Nov/2024:17:22:41 +0900] "GET /archives/tag/MASKED-STRING HTTP/1.1" 200 20297 "-" "Mozilla/5.0 AppleWebKit/537.36 (KHTML, like Gecko; compatible; bingbot/2.0; +http://www.bing.com/bingbot.htm) Chrome/116.0.1938.76 Safari/537.36"
157.55.39.195 - - [18/Nov/2024:17:22:25 +0900] "GET /michael-2-60 HTTP/1.1" 200 24701 "-" "Mozilla/5.0 AppleWebKit/537.36 (KHTML, like Gecko; compatible; bingbot/2.0; +http://www.bing.com/bingbot.htm) Chrome/116.0.1938.76 Safari/537.36"
61.40.36.174 - - [18/Nov/2024:17:22:16 +0900] "GET /feed/podcast HTTP/1.1" 200 2379 "-" "Mozilla/5.0 (Windows NT 10.0; WOW64; Trident/7.0; rv:11.0) like Gecko"
175.119.132.110 - - [18/Nov/2024:17:20:41 +0900] "GET /wp-content/plugins/powerpress/images/modern_icon_sprite_2024.svg HTTP/1.1" 404 19334 "https://example.com/archives/7563" "Mozilla/5.0 (Linux; Android 14; SM-F711N Build/UP1A.231005.007; wv) AppleWebKit/537.36 (KHTML, like Gecko) Version/4.0 Chrome/114.0.0.0 Whale/1.0.0.0 Crosswalk/28.114.0.23 Mobile Safari/537.36 NAVER(inapp; search; 2000; 12.8.53)"
175.119.132.110 - - [18/Nov/2024:17:20:41 +0900] "GET /_jb_static/??-eJyVT8sKwjAQ/BtPpkutqJfip0iarG10synZ1NK/N1KQFnrQ0zDMgxkYe+XY0GBRwIiAdZKgoWCeilwTdZxA0kRYeMdFNuxhmXgIeLROI6FHTivSk54wKsJWm+m3eNaWfBUygdPHk7qsCTC+cF6mvHasGMdNe09D63j2qz4Gpa0NDN8JPtiBMubL7S3roEUwycbpfxs71Bbj7R5CytBGZze7r74uz1V5PF3KQ7UzTV2+ASWYl14= HTTP/1.1" 200 34661 "https://example.com/archives/7563" "Mozilla/5.0 (Linux; Android 14; SM-F711N Build/UP1A.231005.007; wv) AppleWebKit/537.36 (KHTML, like Gecko) Version/4.0 Chrome/114.0.0.0 Whale/1.0.0.0 Crosswalk/28.114.0.23 Mobile Safari/537.36 NAVER(inapp; search; 2000; 12.8.53)"
175.119.132.110 - - [18/Nov/2024:17:20:40 +0900] "GET /archives/7563 HTTP/1.1" 200 31104 "https://www.google.com/" "Mozilla/5.0 (Linux; Android 14; SM-F711N Build/UP1A.231005.007; wv) AppleWebKit/537.36 (KHTML, like Gecko) Version/4.0 Chrome/114.0.0.0 Whale/1.0.0.0 Crosswalk/28.114.0.23 Mobile Safari/537.36 NAVER(inapp; search; 2000; 12.8.53)"
157.55.39.49 - - [18/Nov/2024:17:20:04 +0900] "GET /archives/29745 HTTP/1.1" 200 38444 "-" "Mozilla/5.0 AppleWebKit/537.36 (KHTML, like Gecko; compatible; bingbot/2.0; +http://www.bing.com/bingbot.htm) Chrome/116.0.1938.76 Safari/537.36"
34.64.82.65 - - [18/Nov/2024:17:20:02 +0900] "GET /feed HTTP/1.1" 304 0 "-" "Mozilla/5.0 (compatible; Googlebot/2.1; +http://www.google.com/bot.html)"
183.98.238.252 - - [18/Nov/2024:17:19:54 +0900] "GET /wp-content/plugins/powerpress/images/modern_icon_sprite_2024.svg HTTP/1.1" 404 19333 "https://example.com/archives/7566" "Mozilla/5.0 (Linux; Android 12; SM-N971N Build/SP1A.210812.016; wv) AppleWebKit/537.36 (KHTML, like Gecko) Version/4.0 Chrome/114.0.0.0 Whale/1.0.0.0 Crosswalk/28.114.0.23 Mobile Safari/537.36 NAVER(inapp; search; 2000; 12.8.53)"
183.98.238.252 - - [18/Nov/2024:17:19:54 +0900] "GET /wp-content/plugins/powerpress/images/modern_icon_sprite_2024_2.svg HTTP/1.1" 304 0 "https://example.com/_jb_static/wp-content/themes/neve/assets/css/mega-menu.min.css,/wp-content/plugins/powerpress/css/subscribe-widget.min.css?m=1731424969&cb=1" "Mozilla/5.0 (Linux; Android 12; SM-N971N Build/SP1A.210812.016; wv) AppleWebKit/537.36 (KHTML, like Gecko) Version/4.0 Chrome/114.0.0.0 Whale/1.0.0.0 Crosswalk/28.114.0.23 Mobile Safari/537.36 NAVER(inapp; search; 2000; 12.8.53)"
183.98.238.252 - - [18/Nov/2024:17:19:54 +0900] "GET /wp-content/themes/neve/assets/js/build/modern/frontend.js?ver=3.8.13 HTTP/1.1" 304 0 "https://example.com/archives/7566" "Mozilla/5.0 (Linux; Android 12; SM-N971N Build/SP1A.210812.016; wv) AppleWebKit/537.36 (KHTML, like Gecko) Version/4.0 Chrome/114.0.0.0 Whale/1.0.0.0 Crosswalk/28.114.0.23 Mobile Safari/537.36 NAVER(inapp; search; 2000; 12.8.53)"
183.98.238.252 - - [18/Nov/2024:17:19:54 +0900] "GET /wp-content/plugins/neve-pro-addon/includes/modules/elementor_booster/assets/js/track.js?m=1730215403 HTTP/1.1" 304 0 "https://example.com/archives/7566" "Mozilla/5.0 (Linux; Android 12; SM-N971N Build/SP1A.210812.016; wv) AppleWebKit/537.36 (KHTML, like Gecko) Version/4.0 Chrome/114.0.0.0 Whale/1.0.0.0 Crosswalk/28.114.0.23 Mobile Safari/537.36 NAVER(inapp; search; 2000; 12.8.53)"
183.98.238.252 - - [18/Nov/2024:17:19:54 +0900] "GET /archives/7566 HTTP/1.1" 200 31004 "https://www.google.com/" "Mozilla/5.0 (Linux; Android 12; SM-N971N Build/SP1A.210812.016; wv) AppleWebKit/537.36 (KHTML, like Gecko) Version/4.0 Chrome/114.0.0.0 Whale/1.0.0.0 Crosswalk/28.114.0.23 Mobile Safari/537.36 NAVER(inapp; search; 2000; 12.8.53)"
40.77.167.20 - - [18/Nov/2024:17:19:41 +0900] "GET /archives/26434 HTTP/1.1" 200 35096 "-" "Mozilla/5.0 AppleWebKit/537.36 (KHTML, like Gecko; compatible; bingbot/2.0; +http://www.bing.com/bingbot.htm) Chrome/116.0.1938.76 Safari/537.36"
34.64.82.65 - - [18/Nov/2024:17:19:27 +0900] "GET /feed HTTP/1.1" 304 0 "-" "Mozilla/5.0 (compatible; Googlebot/2.1; +http://www.google.com/bot.html)"
34.64.82.79 - - [18/Nov/2024:17:18:39 +0900] "GET /archives/29417 HTTP/1.1" 200 33974 "-" "Mozilla/5.0 (Linux; Android 6.0.1; Nexus 5X Build/MMB29P) AppleWebKit/537.36 (KHTML, like Gecko) Chrome/131.0.6778.69 Mobile Safari/537.36 (compatible; Googlebot/2.1; +http://www.google.com/bot.html)"
34.64.82.79 - - [18/Nov/2024:17:18:38 +0900] "GET /?p=29417 HTTP/1.1" 301 5 "-" "Mozilla/5.0 (Linux; Android 6.0.1; Nexus 5X Build/MMB29P) AppleWebKit/537.36 (KHTML, like Gecko) Chrome/131.0.6778.69 Mobile Safari/537.36 (compatible; Googlebot/2.1; +http://www.google.com/bot.html)"
40.77.167.20 - - [18/Nov/2024:17:18:01 +0900] "GET /archives/tag/MASKED-STRING HTTP/1.1" 200 20189 "-" "Mozilla/5.0 AppleWebKit/537.36 (KHTML, like Gecko; compatible; bingbot/2.0; +http://www.bing.com/bingbot.htm) Chrome/116.0.1938.76 Safari/537.36"
216.244.66.234 - - [18/Nov/2024:17:17:13 +0900] "GET /robots.txt HTTP/1.1" 200 244 "-" "Mozilla/5.0 (compatible; DotBot/1.2; +https://opensiteexplorer.org/dotbot; help@moz.com)"
216.244.66.234 - - [18/Nov/2024:17:17:12 +0900] "GET /robots.txt HTTP/1.1" 301 162 "-" "Mozilla/5.0 (compatible; DotBot/1.2; +https://opensiteexplorer.org/dotbot; help@moz.com)"
157.55.39.195 - - [18/Nov/2024:17:17:05 +0900] "GET /archives/tag/MASKED-STRING HTTP/1.1" 200 20113 "-" "Mozilla/5.0 AppleWebKit/537.36 (KHTML, like Gecko; compatible; bingbot/2.0; +http://www.bing.com/bingbot.htm) Chrome/116.0.1938.76 Safari/537.36"
137.184.41.14 - - [18/Nov/2024:17:16:50 +0900] "GET /favicon.ico HTTP/1.1" 400 650 "-" "Mozilla/5.0 (Windows NT 10.0; Win64; x64) AppleWebKit/537.36 (KHTML, like Gecko) Chrome/108.0.0.0 Safari/537.36"
137.184.41.14 - - [18/Nov/2024:17:16:50 +0900] "GET /t4 HTTP/1.1" 400 248 "-" "Mozilla/5.0"
137.184.41.14 - - [18/Nov/2024:17:16:49 +0900] "GET / HTTP/1.1" 400 650 "-" "Mozilla/5.0 (Windows NT 10.0; Win64; x64) AppleWebKit/537.36 (KHTML, like Gecko) Chrome/108.0.0.0 Safari/537.36"
157.55.39.49 - - [18/Nov/2024:17:16:33 +0900] "GET /archives/tag/MASKED-STRING HTTP/1.1" 200 20178 "-" "Mozilla/5.0 AppleWebKit/537.36 (KHTML, like Gecko; compatible; bingbot/2.0; +http://www.bing.com/bingbot.htm) Chrome/116.0.1938.76 Safari/537.36"
157.55.39.49 - - [18/Nov/2024:17:15:43 +0900] "GET /archives/26246 HTTP/1.1" 200 33562 "-" "Mozilla/5.0 AppleWebKit/537.36 (KHTML, like Gecko; compatible; bingbot/2.0; +http://www.bing.com/bingbot.htm) Chrome/116.0.1938.76 Safari/537.36"
207.46.13.124 - - [18/Nov/2024:17:15:36 +0900] "GET /archives/tag/MASKED-STRING HTTP/1.1" 200 20684 "-" "Mozilla/5.0 AppleWebKit/537.36 (KHTML, like Gecko; compatible; bingbot/2.0; +http://www.bing.com/bingbot.htm) Chrome/116.0.1938.76 Safari/537.36"
207.46.13.124 - - [18/Nov/2024:17:15:35 +0900] "GET /archives/tag/MASKED-STRING HTTP/1.1" 200 20604 "-" "Mozilla/5.0 AppleWebKit/537.36 (KHTML, like Gecko; compatible; bingbot/2.0; +http://www.bing.com/bingbot.htm) Chrome/116.0.1938.76 Safari/537.36"
34.64.82.74 - - [18/Nov/2024:17:14:55 +0900] "GET /feed HTTP/1.1" 304 0 "-" "Mozilla/5.0 (compatible; Googlebot/2.1; +http://www.google.com/bot.html)"
52.167.144.199 - - [18/Nov/2024:17:14:51 +0900] "GET /archives/tag/year-a/page/13 HTTP/1.1" 200 22137 "-" "Mozilla/5.0 AppleWebKit/537.36 (KHTML, like Gecko; compatible; bingbot/2.0; +http://www.bing.com/bingbot.htm) Chrome/116.0.1938.76 Safari/537.36"
34.64.82.74 - - [18/Nov/2024:17:14:16 +0900] "GET /feed HTTP/1.1" 304 0 "-" "Mozilla/5.0 (compatible; Googlebot/2.1; +http://www.google.com/bot.html)"
207.46.13.124 - - [18/Nov/2024:17:13:54 +0900] "GET /archives/tag/MASKED-STRING HTTP/1.1" 200 20493 "-" "Mozilla/5.0 AppleWebKit/537.36 (KHTML, like Gecko; compatible; bingbot/2.0; +http://www.bing.com/bingbot.htm) Chrome/116.0.1938.76 Safari/537.36"
52.167.144.199 - - [18/Nov/2024:17:13:10 +0900] "GET /archives/tag/MASKED-STRING HTTP/1.1" 200 20114 "-" "Mozilla/5.0 AppleWebKit/537.36 (KHTML, like Gecko; compatible; bingbot/2.0; +http://www.bing.com/bingbot.htm) Chrome/116.0.1938.76 Safari/537.36"
27.0.238.117 - - [18/Nov/2024:17:12:33 +0900] "GET /archives/7664 HTTP/1.1" 200 35859 "-" "facebookexternalhit/1.1; kakaotalk-scrap/1.0; +https://devtalk.kakao.com/t/scrap/33984"
172.105.150.15 - - [18/Nov/2024:17:12:03 +0900] "GET /feed/podcast HTTP/1.1" 200 2379 "-" "Aggrivator (PodcastIndex.org)/v0.1.7"
34.64.82.77 - - [18/Nov/2024:17:09:54 +0900] "GET /feed HTTP/1.1" 304 0 "-" "Mozilla/5.0 (compatible; Googlebot/2.1; +http://www.google.com/bot.html)"
34.64.82.74 - - [18/Nov/2024:17:09:15 +0900] "GET /feed HTTP/1.1" 304 0 "-" "Mozilla/5.0 (compatible; Googlebot/2.1; +http://www.google.com/bot.html)"
52.167.144.199 - - [18/Nov/2024:17:09:00 +0900] "GET /archives/tag/MASKED-STRING HTTP/1.1" 200 20202 "-" "Mozilla/5.0 AppleWebKit/537.36 (KHTML, like Gecko; compatible; bingbot/2.0; +http://www.bing.com/bingbot.htm) Chrome/116.0.1938.76 Safari/537.36"
172.245.251.215 - - [18/Nov/2024:17:08:59 +0900] "GET /comments/feed HTTP/1.1" 200 8931 "-" "-"
34.64.82.67 - - [18/Nov/2024:17:08:05 +0900] "GET /archives/28048 HTTP/1.1" 200 35147 "-" "Mozilla/5.0 (Linux; Android 6.0.1; Nexus 5X Build/MMB29P) AppleWebKit/537.36 (KHTML, like Gecko) Chrome/131.0.6778.69 Mobile Safari/537.36 (compatible; Googlebot/2.1; +http://www.google.com/bot.html)"
207.46.13.141 - - [18/Nov/2024:17:08:03 +0900] "GET /archives/29606 HTTP/1.1" 200 32808 "-" "Mozilla/5.0 AppleWebKit/537.36 (KHTML, like Gecko; compatible; bingbot/2.0; +http://www.bing.com/bingbot.htm) Chrome/116.0.1938.76 Safari/537.36"
207.46.13.141 - - [18/Nov/2024:17:07:21 +0900] "GET /archives/tag/MASKED-STRING HTTP/1.1" 200 20105 "-" "Mozilla/5.0 AppleWebKit/537.36 (KHTML, like Gecko; compatible; bingbot/2.0; +http://www.bing.com/bingbot.htm) Chrome/116.0.1938.76 Safari/537.36"
207.46.13.124 - - [18/Nov/2024:17:06:54 +0900] "GET /archives/tag/MASKED-STRING HTTP/1.1" 200 20625 "-" "Mozilla/5.0 AppleWebKit/537.36 (KHTML, like Gecko; compatible; bingbot/2.0; +http://www.bing.com/bingbot.htm) Chrome/116.0.1938.76 Safari/537.36"
65.21.233.213 - - [18/Nov/2024:17:06:40 +0900] "GET /archives/category/office/page/58 HTTP/1.1" 200 33495 "-" "Mozilla/5.0 (compatible; MJ12bot/v1.4.8; http://mj12bot.com/)"
65.21.233.213 - - [18/Nov/2024:17:06:37 +0900] "GET /robots.txt HTTP/1.1" 200 244 "-" "Mozilla/5.0 (compatible; MJ12bot/v1.4.8; http://mj12bot.com/)"
34.64.82.74 - - [18/Nov/2024:17:05:44 +0900] "GET /wp-content/plugins/neve-pro-addon/includes/modules/elementor_booster/assets/js/track.js?m=1730215403 HTTP/1.1" 200 453 "https://example.com/archives/author/mission" "Mozilla/5.0 AppleWebKit/537.36 (KHTML, like Gecko; compatible; Googlebot/2.1; +http://www.google.com/bot.html) Chrome/130.0.6723.116 Safari/537.36"
207.46.13.124 - - [18/Nov/2024:17:05:43 +0900] "GET /archives/27189 HTTP/1.1" 301 5 "-" "Mozilla/5.0 AppleWebKit/537.36 (KHTML, like Gecko; compatible; bingbot/2.0; +http://www.bing.com/bingbot.htm) Chrome/116.0.1938.76 Safari/537.36"
34.64.82.77 - - [18/Nov/2024:17:05:43 +0900] "GET /_jb_static/??-eJxtjcEOwiAQRP/Gk3QlNXpq/JSGstsK0l3Cgv6+HOzN00tmMm/gk40XrsQVcmpbYAWmN5lcxDhEYQjsU0NS2AVb6nySQyrzKlI7thIQnCpVhaiwtJAQ1tKdhhiHqGf48xGpZudfMHf7b+NdkaaUjs4cwbAH7p7HPtn7aC/jzdrryS+T/QLBhkWh HTTP/1.1" 200 9177 "https://example.com/archives/author/mission" "Mozilla/5.0 AppleWebKit/537.36 (KHTML, like Gecko; compatible; Googlebot/2.1; +http://www.google.com/bot.html) Chrome/130.0.6723.116 Safari/537.36"
34.64.82.76 - - [18/Nov/2024:17:05:40 +0900] "GET /archives/author/mission HTTP/1.1" 200 25856 "-" "Mozilla/5.0 (compatible; Googlebot/2.1; +http://www.google.com/bot.html)"
52.167.144.204 - - [18/Nov/2024:17:05:40 +0900] "GET /archives/tag/MASKED-STRING HTTP/1.1" 200 20335 "-" "Mozilla/5.0 AppleWebKit/537.36 (KHTML, like Gecko; compatible; bingbot/2.0; +http://www.bing.com/bingbot.htm) Chrome/116.0.1938.76 Safari/537.36"
110.93.150.68 - - [18/Nov/2024:17:05:15 +0900] "GET /archives/2026 HTTP/1.1" 200 32153 "-" "Mozilla/5.0 (compatible; Yeti/1.1; +https://naver.me/spd)"
141.95.84.65 - - [18/Nov/2024:17:05:10 +0900] "GET /feed/podcast HTTP/1.1" 200 2379 "-" "Podbean/FeedUpdate 2.1"
207.46.13.141 - - [18/Nov/2024:17:04:35 +0900] "GET /archives/tag/MASKED-STRING HTTP/1.1" 200 20664 "-" "Mozilla/5.0 AppleWebKit/537.36 (KHTML, like Gecko; compatible; bingbot/2.0; +http://www.bing.com/bingbot.htm) Chrome/116.0.1938.76 Safari/537.36"
52.167.144.204 - - [18/Nov/2024:17:04:30 +0900] "GET /archives/26591 HTTP/1.1" 200 33544 "-" "Mozilla/5.0 AppleWebKit/537.36 (KHTML, like Gecko; compatible; bingbot/2.0; +http://www.bing.com/bingbot.htm) Chrome/116.0.1938.76 Safari/537.36"
118.42.174.65 - - [18/Nov/2024:17:04:12 +0900] "GET /favicon.ico HTTP/1.1" 200 36152 "https://example.com/archives/7575" "Mozilla/5.0 (iPhone; CPU iPhone OS 17_5_1 like Mac OS X) AppleWebKit/605.1.15 (KHTML, like Gecko) Version/17.5 Mobile/15E148 Safari/604.1"
118.42.174.65 - - [18/Nov/2024:17:04:12 +0900] "GET /wp-content/plugins/powerpress/images/modern_icon_sprite_2024.svg HTTP/1.1" 404 19336 "https://example.com/archives/7575" "Mozilla/5.0 (iPhone; CPU iPhone OS 17_5_1 like Mac OS X) AppleWebKit/605.1.15 (KHTML, like Gecko) Version/17.5 Mobile/15E148 Safari/604.1"
118.42.174.65 - - [18/Nov/2024:17:04:11 +0900] "GET /wp-content/plugins/powerpress/images/modern_icon_sprite_2024_2.svg HTTP/1.1" 200 12022 "https://example.com/archives/7575" "Mozilla/5.0 (iPhone; CPU iPhone OS 17_5_1 like Mac OS X) AppleWebKit/605.1.15 (KHTML, like Gecko) Version/17.5 Mobile/15E148 Safari/604.1"
118.42.174.65 - - [18/Nov/2024:17:04:11 +0900] "GET /_jb_static/wp-includes/js/comment-reply.min.js,/wp-content/plugins/neve-pro-addon/includes/modules/scroll_to_top/assets/js/build/script.js?m=1731468123&cb=1 HTTP/1.1" 200 1927 "https://example.com/archives/7575" "Mozilla/5.0 (iPhone; CPU iPhone OS 17_5_1 like Mac OS X) AppleWebKit/605.1.15 (KHTML, like Gecko) Version/17.5 Mobile/15E148 Safari/604.1"
118.42.174.65 - - [18/Nov/2024:17:04:11 +0900] "GET /wp-includes/js/jquery/jquery.min.js?ver=3.7.1 HTTP/1.1" 200 34263 "https://example.com/archives/7575" "Mozilla/5.0 (iPhone; CPU iPhone OS 17_5_1 like Mac OS X) AppleWebKit/605.1.15 (KHTML, like Gecko) Version/17.5 Mobile/15E148 Safari/604.1"
118.42.174.65 - - [18/Nov/2024:17:04:11 +0900] "GET /wp-content/themes/neve/assets/js/build/modern/frontend.js?ver=3.8.13 HTTP/1.1" 200 2937 "https://example.com/archives/7575" "Mozilla/5.0 (iPhone; CPU iPhone OS 17_5_1 like Mac OS X) AppleWebKit/605.1.15 (KHTML, like Gecko) Version/17.5 Mobile/15E148 Safari/604.1"
118.42.174.65 - - [18/Nov/2024:17:04:11 +0900] "GET /wp-content/plugins/neve-pro-addon/includes/modules/elementor_booster/assets/js/track.js?m=1730215403 HTTP/1.1" 200 453 "https://example.com/archives/7575" "Mozilla/5.0 (iPhone; CPU iPhone OS 17_5_1 like Mac OS X) AppleWebKit/605.1.15 (KHTML, like Gecko) Version/17.5 Mobile/15E148 Safari/604.1"
118.42.174.65 - - [18/Nov/2024:17:04:11 +0900] "GET /wp-includes/js/jquery/jquery-migrate.min.js?m=1691551340 HTTP/1.1" 200 5219 "https://example.com/archives/7575" "Mozilla/5.0 (iPhone; CPU iPhone OS 17_5_1 like Mac OS X) AppleWebKit/605.1.15 (KHTML, like Gecko) Version/17.5 Mobile/15E148 Safari/604.1"
118.42.174.65 - - [18/Nov/2024:17:04:11 +0900] "GET /_jb_static/wp-content/plugins/neve-pro-addon/includes/modules/header_footer_grid/assets/js/build/front-end.js,/wp-content/plugins/akismet/_inc/akismet-frontend.js?m=1730215403&cb=1 HTTP/1.1" 200 2823 "https://example.com/archives/7575" "Mozilla/5.0 (iPhone; CPU iPhone OS 17_5_1 like Mac OS X) AppleWebKit/605.1.15 (KHTML, like Gecko) Version/17.5 Mobile/15E148 Safari/604.1"
118.42.174.65 - - [18/Nov/2024:17:04:11 +0900] "GET /_jb_static/wp-content/themes/neve/assets/css/mega-menu.min.css,/wp-content/plugins/powerpress/css/subscribe-widget.min.css?m=1731424969&cb=1 HTTP/1.1" 200 2509 "https://example.com/archives/7575" "Mozilla/5.0 (iPhone; CPU iPhone OS 17_5_1 like Mac OS X) AppleWebKit/605.1.15 (KHTML, like Gecko) Version/17.5 Mobile/15E148 Safari/604.1"
118.42.174.65 - - [18/Nov/2024:17:04:11 +0900] "GET /_jb_static/??-eJyVT8sKwjAQ/BtPpkutqJfip0iarG10synZ1NK/N1KQFnrQ0zDMgxkYe+XY0GBRwIiAdZKgoWCeilwTdZxA0kRYeMdFNuxhmXgIeLROI6FHTivSk54wKsJWm+m3eNaWfBUygdPHk7qsCTC+cF6mvHasGMdNe09D63j2qz4Gpa0NDN8JPtiBMubL7S3roEUwycbpfxs71Bbj7R5CytBGZze7r74uz1V5PF3KQ7UzTV2+ASWYl14= HTTP/1.1" 200 34661 "https://example.com/archives/7575" "Mozilla/5.0 (iPhone; CPU iPhone OS 17_5_1 like Mac OS X) AppleWebKit/605.1.15 (KHTML, like Gecko) Version/17.5 Mobile/15E148 Safari/604.1"
118.42.174.65 - - [18/Nov/2024:17:04:11 +0900] "GET /archives/7575 HTTP/1.1" 200 32105 "https://www.google.com/" "Mozilla/5.0 (iPhone; CPU iPhone OS 17_5_1 like Mac OS X) AppleWebKit/605.1.15 (KHTML, like Gecko) Version/17.5 Mobile/15E148 Safari/604.1"
140.242.214.111 - - [18/Nov/2024:17:03:51 +0900] "GET /feed/podcast HTTP/1.1" 200 2379 "-" "CastBox/9.13.1-241108032 (Linux;Android 14)"
34.64.82.69 - - [18/Nov/2024:17:03:01 +0900] "GET /feed HTTP/1.1" 304 0 "-" "Mozilla/5.0 (compatible; Googlebot/2.1; +http://www.google.com/bot.html)"
216.244.66.234 - - [18/Nov/2024:17:02:56 +0900] "GET /archives/tag/365/page/8 HTTP/1.1" 200 137616 "-" "Mozilla/5.0 (compatible; DotBot/1.2; +https://opensiteexplorer.org/dotbot; help@moz.com)"
216.244.66.234 - - [18/Nov/2024:17:02:51 +0900] "GET /archives/tag/365/page/6 HTTP/1.1" 200 131659 "-" "Mozilla/5.0 (compatible; DotBot/1.2; +https://opensiteexplorer.org/dotbot; help@moz.com)"
34.64.82.68 - - [18/Nov/2024:17:02:48 +0900] "GET /feed/podcast HTTP/1.1" 200 2379 "-" "Mozilla/5.0 (compatible; Googlebot/2.1; +http://www.google.com/bot.html)"
216.244.66.234 - - [18/Nov/2024:17:02:48 +0900] "GET /archives/2640/feed HTTP/1.1" 200 1119 "-" "Mozilla/5.0 (compatible; DotBot/1.2; +https://opensiteexplorer.org/dotbot; help@moz.com)"
34.64.82.79 - - [18/Nov/2024:17:02:47 +0900] "GET /feed HTTP/1.1" 304 0 "-" "Mozilla/5.0 (compatible; Googlebot/2.1; +http://www.google.com/bot.html)"
52.167.144.204 - - [18/Nov/2024:17:01:40 +0900] "GET /archives/29293 HTTP/1.1" 200 35152 "-" "Mozilla/5.0 AppleWebKit/537.36 (KHTML, like Gecko; compatible; bingbot/2.0; +http://www.bing.com/bingbot.htm) Chrome/116.0.1938.76 Safari/537.36"
124.236.100.56 - - [18/Nov/2024:17:01:14 +0900] "GET / HTTP/1.1" 200 35568 "-" "Mozilla/5.0 (Macintosh; Intel Mac OS X 10_10_5) AppleWebKit/537.36 (KHTML, like Gecko) Chrome/60.0.3112.113 Safari/537.36"
203.234.197.8 - - [18/Nov/2024:17:00:54 +0900] "GET /wp-content/plugins/powerpress/images/modern_icon_sprite_2024.svg HTTP/1.1" 404 19336 "https://example.com/archives/7563" "Mozilla/5.0 (Linux; Android 10; K) AppleWebKit/537.36 (KHTML, like Gecko) SamsungBrowser/27.0 Chrome/125.0.0.0 Mobile Safari/537.36"
203.234.197.8 - - [18/Nov/2024:17:00:53 +0900] "GET /archives/7563 HTTP/1.1" 200 31104 "https://www.google.com/" "Mozilla/5.0 (Linux; Android 10; K) AppleWebKit/537.36 (KHTML, like Gecko) SamsungBrowser/27.0 Chrome/125.0.0.0 Mobile Safari/537.36"
81.161.238.40 - - [18/Nov/2024:17:00:40 +0900] "GET /.env HTTP/1.1" 404 19336 "-" "Mozilla/5.0 (Macintosh; Intel Mac OS X 10_14_6) AppleWebKit/537.36 (KHTML, like Gecko) Chrome/78.0.3889.0 Safari/537.36"
81.161.238.40 - - [18/Nov/2024:17:00:32 +0900] "GET /.env HTTP/1.1" 404 19335 "-" "WDG_Validator/1.6.2"
52.167.144.204 - - [18/Nov/2024:16:59:09 +0900] "GET /archives/tag/13 HTTP/1.1" 200 21012 "-" "Mozilla/5.0 AppleWebKit/537.36 (KHTML, like Gecko; compatible; bingbot/2.0; +http://www.bing.com/bingbot.htm) Chrome/116.0.1938.76 Safari/537.36"
157.55.39.204 - - [18/Nov/2024:16:59:01 +0900] "GET /archives/tag/hello_world HTTP/1.1" 200 24382 "-" "Mozilla/5.0 AppleWebKit/537.36 (KHTML, like Gecko; compatible; bingbot/2.0; +http://www.bing.com/bingbot.htm) Chrome/116.0.1938.76 Safari/537.36"
207.46.13.116 - - [18/Nov/2024:16:58:55 +0900] "GET /archives/author/admin/page/160 HTTP/1.1" 200 21400 "-" "Mozilla/5.0 AppleWebKit/537.36 (KHTML, like Gecko; compatible; bingbot/2.0; +http://www.bing.com/bingbot.htm) Chrome/116.0.1938.76 Safari/537.36"
207.46.13.116 - - [18/Nov/2024:16:58:53 +0900] "GET /archives/21138 HTTP/1.1" 200 37002 "-" "Mozilla/5.0 AppleWebKit/537.36 (KHTML, like Gecko; compatible; bingbot/2.0; +http://www.bing.com/bingbot.htm) Chrome/116.0.1938.76 Safari/537.36"
106.101.196.22 - - [18/Nov/2024:16:58:53 +0900] "GET /favicon.ico HTTP/1.1" 200 36152 "https://example.com/archives/26732" "Mozilla/5.0 (Linux; Android 10; K) AppleWebKit/537.36 (KHTML, like Gecko) Chrome/131.0.0.0 Mobile Safari/537.36"
106.101.196.22 - - [18/Nov/2024:16:58:52 +0900] "GET /_jb_static/wp-content/plugins/neve-pro-addon/includes/modules/header_footer_grid/assets/js/build/front-end.js,/wp-content/plugins/akismet/_inc/akismet-frontend.js?m=1730215403&cb=1 HTTP/1.1" 200 2823 "https://example.com/archives/26732" "Mozilla/5.0 (Linux; Android 10; K) AppleWebKit/537.36 (KHTML, like Gecko) Chrome/131.0.0.0 Mobile Safari/537.36"
106.101.196.22 - - [18/Nov/2024:16:58:52 +0900] "GET /_jb_static/wp-includes/js/comment-reply.min.js,/wp-content/plugins/neve-pro-addon/includes/modules/scroll_to_top/assets/js/build/script.js?m=1731468123&cb=1 HTTP/1.1" 200 1927 "https://example.com/archives/26732" "Mozilla/5.0 (Linux; Android 10; K) AppleWebKit/537.36 (KHTML, like Gecko) Chrome/131.0.0.0 Mobile Safari/537.36"
106.101.196.22 - - [18/Nov/2024:16:58:52 +0900] "GET /wp-content/plugins/powerpress/images/modern_icon_sprite_2024_2.svg HTTP/1.1" 200 12022 "https://example.com/_jb_static/wp-content/themes/neve/assets/css/mega-menu.min.css,/wp-content/plugins/powerpress/css/subscribe-widget.min.css?m=1731424969&cb=1" "Mozilla/5.0 (Linux; Android 10; K) AppleWebKit/537.36 (KHTML, like Gecko) Chrome/131.0.0.0 Mobile Safari/537.36"
106.101.196.22 - - [18/Nov/2024:16:58:52 +0900] "GET /wp-content/themes/neve/assets/js/build/modern/frontend.js?ver=3.8.13 HTTP/1.1" 200 2937 "https://example.com/archives/26732" "Mozilla/5.0 (Linux; Android 10; K) AppleWebKit/537.36 (KHTML, like Gecko) Chrome/131.0.0.0 Mobile Safari/537.36"
106.101.196.22 - - [18/Nov/2024:16:58:52 +0900] "GET /wp-content/plugins/neve-pro-addon/includes/modules/elementor_booster/assets/js/track.js?m=1730215403 HTTP/1.1" 200 453 "https://example.com/archives/26732" "Mozilla/5.0 (Linux; Android 10; K) AppleWebKit/537.36 (KHTML, like Gecko) Chrome/131.0.0.0 Mobile Safari/537.36"
106.101.196.22 - - [18/Nov/2024:16:58:52 +0900] "GET /wp-includes/js/jquery/jquery-migrate.min.js?m=1691551340 HTTP/1.1" 200 5219 "https://example.com/archives/26732" "Mozilla/5.0 (Linux; Android 10; K) AppleWebKit/537.36 (KHTML, like Gecko) Chrome/131.0.0.0 Mobile Safari/537.36"
106.101.196.22 - - [18/Nov/2024:16:58:52 +0900] "GET /wp-includes/js/jquery/jquery.min.js?ver=3.7.1 HTTP/1.1" 200 34263 "https://example.com/archives/26732" "Mozilla/5.0 (Linux; Android 10; K) AppleWebKit/537.36 (KHTML, like Gecko) Chrome/131.0.0.0 Mobile Safari/537.36"
106.101.196.22 - - [18/Nov/2024:16:58:52 +0900] "GET /wp-content/plugins/powerpress/images/modern_icon_sprite_2024.svg HTTP/1.1" 404 19333 "https://example.com/archives/26732" "Mozilla/5.0 (Linux; Android 10; K) AppleWebKit/537.36 (KHTML, like Gecko) Chrome/131.0.0.0 Mobile Safari/537.36"
106.101.196.22 - - [18/Nov/2024:16:58:52 +0900] "GET /_jb_static/wp-content/themes/neve/assets/css/mega-menu.min.css,/wp-content/plugins/powerpress/css/subscribe-widget.min.css?m=1731424969&cb=1 HTTP/1.1" 200 2509 "https://example.com/archives/26732" "Mozilla/5.0 (Linux; Android 10; K) AppleWebKit/537.36 (KHTML, like Gecko) Chrome/131.0.0.0 Mobile Safari/537.36"
106.101.196.22 - - [18/Nov/2024:16:58:52 +0900] "GET /_jb_static/??-eJyVT8sKwjAQ/BtPpkutqJfip0iarG10synZ1NK/N1KQFnrQ0zDMgxkYe+XY0GBRwIiAdZKgoWCeilwTdZxA0kRYeMdFNuxhmXgIeLROI6FHTivSk54wKsJWm+m3eNaWfBUygdPHk7qsCTC+cF6mvHasGMdNe09D63j2qz4Gpa0NDN8JPtiBMubL7S3roEUwycbpfxs71Bbj7R5CytBGZze7r74uz1V5PF3KQ7UzTV2+ASWYl14= HTTP/1.1" 200 34661 "https://example.com/archives/26732" "Mozilla/5.0 (Linux; Android 10; K) AppleWebKit/537.36 (KHTML, like Gecko) Chrome/131.0.0.0 Mobile Safari/537.36"
106.101.196.22 - - [18/Nov/2024:16:58:51 +0900] "GET /archives/26732 HTTP/1.1" 200 28618 "https://www.google.com/" "Mozilla/5.0 (Linux; Android 10; K) AppleWebKit/537.36 (KHTML, like Gecko) Chrome/131.0.0.0 Mobile Safari/537.36"
34.64.82.66 - - [18/Nov/2024:16:58:00 +0900] "GET /feed HTTP/1.1" 304 0 "-" "Mozilla/5.0 (compatible; Googlebot/2.1; +http://www.google.com/bot.html)"
172.105.150.15 - - [18/Nov/2024:16:57:54 +0900] "GET /feed/podcast HTTP/1.1" 200 2379 "-" "Aggrivator (PodcastIndex.org)/v0.1.7"
34.64.82.78 - - [18/Nov/2024:16:57:45 +0900] "GET /feed HTTP/1.1" 304 0 "-" "Mozilla/5.0 (compatible; Googlebot/2.1; +http://www.google.com/bot.html)"
207.46.13.116 - - [18/Nov/2024:16:55:13 +0900] "GET /archives/tag/MASKED-STRING HTTP/1.1" 200 21389 "-" "Mozilla/5.0 AppleWebKit/537.36 (KHTML, like Gecko; compatible; bingbot/2.0; +http://www.bing.com/bingbot.htm) Chrome/116.0.1938.76 Safari/537.36"
211.179.7.31 - - [18/Nov/2024:16:54:52 +0900] "GET / HTTP/1.1" 200 35568 "https://m.search.daum.net/search?w=tot&q=MASKED-STRING&f=androidapp&DN=ADDA&enc_all=utf8&DA=BJE" "Mozilla/5.0 (Linux; Android 13; SM-A516N Build/TP1A.220624.014; wv) AppleWebKit/537.36 (KHTML, like Gecko) Version/4.0 Chrome/130.0.6723.107 Mobile Safari/537.36 DaumApps/7.5.0 DaumDevice/mobile"
123.212.199.8 - - [18/Nov/2024:16:54:38 +0900] "GET /wp-content/plugins/powerpress/images/modern_icon_sprite_2024.svg HTTP/1.1" 404 19334 "https://example.com/archives/21602" "Mozilla/5.0 (Linux; Android 13; SM-A325N Build/TP1A.220624.014; wv) AppleWebKit/537.36 (KHTML, like Gecko) Version/4.0 Chrome/114.0.0.0 Whale/1.0.0.0 Crosswalk/28.114.0.23 Mobile Safari/537.36 NAVER(inapp; search; 2000; 12.8.53)"
123.212.199.8 - - [18/Nov/2024:16:54:36 +0900] "GET /archives/21602 HTTP/1.1" 200 31679 "-" "Mozilla/5.0 (Linux; Android 13; SM-A325N Build/TP1A.220624.014; wv) AppleWebKit/537.36 (KHTML, like Gecko) Version/4.0 Chrome/114.0.0.0 Whale/1.0.0.0 Crosswalk/28.114.0.23 Mobile Safari/537.36 NAVER(inapp; search; 2000; 12.8.53)"
157.55.39.204 - - [18/Nov/2024:16:54:31 +0900] "GET /archives/tag/MASKED-STRING HTTP/1.1" 200 23722 "-" "Mozilla/5.0 AppleWebKit/537.36 (KHTML, like Gecko; compatible; bingbot/2.0; +http://www.bing.com/bingbot.htm) Chrome/116.0.1938.76 Safari/537.36"
222.239.104.205 - - [18/Nov/2024:16:53:57 +0900] "GET /wp-content/plugins/elementor/assets/lib/font-awesome/webfonts/fa-solid-900.woff HTTP/1.1" 200 101652 "https://example.com/" "Mozilla/5.0 (Windows NT 10.0; Win64; x64) AppleWebKit/537.36 (KHTML, like Gecko) Chrome/111.0.0.0 Safari/537.36"
222.239.104.205 - - [18/Nov/2024:16:53:57 +0900] "GET /wp-content/plugins/elementor/assets/lib/eicons/fonts/eicons.woff?5.32.0 HTTP/1.1" 200 120456 "https://example.com/" "Mozilla/5.0 (Windows NT 10.0; Win64; x64) AppleWebKit/537.36 (KHTML, like Gecko) Chrome/111.0.0.0 Safari/537.36"
222.239.104.205 - - [18/Nov/2024:16:53:57 +0900] "GET /wp-content/plugins/elementor/assets/lib/font-awesome/webfonts/fa-solid-900.woff2 HTTP/1.1" 200 78196 "https://example.com/" "Mozilla/5.0 (Windows NT 10.0; Win64; x64) AppleWebKit/537.36 (KHTML, like Gecko) Chrome/111.0.0.0 Safari/537.36"
222.239.104.205 - - [18/Nov/2024:16:53:57 +0900] "GET /wp-content/plugins/elementor/assets/lib/eicons/fonts/eicons.woff2?5.32.0 HTTP/1.1" 200 98472 "https://example.com/" "Mozilla/5.0 (Windows NT 10.0; Win64; x64) AppleWebKit/537.36 (KHTML, like Gecko) Chrome/111.0.0.0 Safari/537.36"
222.239.104.205 - - [18/Nov/2024:16:53:57 +0900] "GET /wp-includes/js/wp-emoji-release.min.js?ver=6.7 HTTP/1.1" 200 5684 "https://example.com/" "Mozilla/5.0 (Windows NT 10.0; Win64; x64) AppleWebKit/537.36 (KHTML, like Gecko) Chrome/111.0.0.0 Safari/537.36"
222.239.104.205 - - [18/Nov/2024:16:53:57 +0900] "GET /_jb_static/??-eJyVjMEOgjAQBf/Gk2VTJRoOxG8p5QWr3W3DtvD7QoKJV68zmaE1G5+kQAqVJxhKggXkVFGUvCoxJmcYUhsO0mzkTD9RjnUKovRCyc6/idNY43bxbk5VEUnXkDGbocoY8X9+CPMF++HBvb1fbXtpu1t38kNvP39gSas= HTTP/1.1" 200 8500 "https://example.com/" "Mozilla/5.0 (Windows NT 10.0; Win64; x64) AppleWebKit/537.36 (KHTML, like Gecko) Chrome/111.0.0.0 Safari/537.36"
222.239.104.205 - - [18/Nov/2024:16:53:57 +0900] "GET /_jb_static/??-eJytVMtOwzAQ/BtOuFZoUcuh4swHcI4ce5sa+SWvk6h/z+bR0ggaSEou0XpnZ2e9I/MmMO2kqRQg/0BuQWkBBiy4NAqCESeIzEAp5GlltVtJxEc+VU6563hUJL1LLSYdKYfcQQ0c08kAs0I75qD5ER5MVWrX41mIngmlvOMXCdarytC/ML7MKc8FIiTsqScZB5E+nkuMLjhogiGnmq88687mcbUEh9ih1HwV2OgAkde7jqeP5vcnkNJJeycMIdgETRWMF+qapq0PHhPLdtlm/XtfdnX133oHH6pw13YvffLCkyoYzblw1cJpK1qJAwMtTCh4c+/TUm+O3GhVQmJoNCm/i0IKY1iiy5CtvGVUowWkKBx20QIbD6KUrmmwP9rwxmCto5YrwCDkfAM/bbebl8XGOwJ5IuYH78l0eRm1uvOBORCIiQbQW+hfCToY4n9gQ0/2O/O82n22XWfP9GXZgyz22Sd6zUZn HTTP/1.1" 200 67181 "https://example.com/" "Mozilla/5.0 (Windows NT 10.0; Win64; x64) AppleWebKit/537.36 (KHTML, like Gecko) Chrome/111.0.0.0 Safari/537.36"
222.239.104.205 - - [18/Nov/2024:16:53:57 +0900] "GET /_jb_static/??-eJydkMsKAjEMRf/GlZ04+FqJnyKdJmrHNhmaVn/fKo4IKoirSx73JFy4DMYJZ+IMQygHzwpMZzJDEmMRhcGzCwVJIQqWUPVIFint9iK5yiF5BKtKWaFX6IoPCPtUmYYYm16n8OFGT3mw7gS7Sn94nE1SlMI4M2OjiZ6/cShQrLWk28Mvb1youzNqt0mFs4/0E+Yd8a/9HkFNwDxie/U/I6176DXDUeQ0bmzjpl3P2+VysZqtJ67btFd/553/ HTTP/1.1" 200 32746 "https://example.com/" "Mozilla/5.0 (Windows NT 10.0; Win64; x64) AppleWebKit/537.36 (KHTML, like Gecko) Chrome/111.0.0.0 Safari/537.36"
222.239.104.205 - - [18/Nov/2024:16:53:57 +0900] "GET /_jb_static/wp-content/plugins/neve-pro-addon/includes/modules/scroll_to_top/assets/js/build/script.js,/wp-includes/js/imagesloaded.min.js?m=1730215403&cb=1 HTTP/1.1" 200 2488 "https://example.com/" "Mozilla/5.0 (Windows NT 10.0; Win64; x64) AppleWebKit/537.36 (KHTML, like Gecko) Chrome/111.0.0.0 Safari/537.36"
222.239.104.205 - - [18/Nov/2024:16:53:57 +0900] "GET /wp-content/plugins/elementor-pro/assets/js/elements-handlers.min.js?ver=3.25.3 HTTP/1.1" 200 11515 "https://example.com/" "Mozilla/5.0 (Windows NT 10.0; Win64; x64) AppleWebKit/537.36 (KHTML, like Gecko) Chrome/111.0.0.0 Safari/537.36"
222.239.104.205 - - [18/Nov/2024:16:53:57 +0900] "GET /wp-includes/js/dist/i18n.min.js?ver=5e580eb46a90c2b997e6 HTTP/1.1" 200 3866 "https://example.com/" "Mozilla/5.0 (Windows NT 10.0; Win64; x64) AppleWebKit/537.36 (KHTML, like Gecko) Chrome/111.0.0.0 Safari/537.36"
222.239.104.205 - - [18/Nov/2024:16:53:57 +0900] "GET /wp-content/plugins/elementor/assets/js/frontend.min.js?ver=3.25.6 HTTP/1.1" 200 15001 "https://example.com/" "Mozilla/5.0 (Windows NT 10.0; Win64; x64) AppleWebKit/537.36 (KHTML, like Gecko) Chrome/111.0.0.0 Safari/537.36"
222.239.104.205 - - [18/Nov/2024:16:53:57 +0900] "GET /wp-includes/js/jquery/ui/core.min.js?m=1721186539 HTTP/1.1" 200 7775 "https://example.com/" "Mozilla/5.0 (Windows NT 10.0; Win64; x64) AppleWebKit/537.36 (KHTML, like Gecko) Chrome/111.0.0.0 Safari/537.36"
222.239.104.205 - - [18/Nov/2024:16:53:57 +0900] "GET /wp-content/themes/neve/assets/js/build/modern/frontend.js?ver=3.8.13 HTTP/1.1" 200 2937 "https://example.com/" "Mozilla/5.0 (Windows NT 10.0; Win64; x64) AppleWebKit/537.36 (KHTML, like Gecko) Chrome/111.0.0.0 Safari/537.36"
222.239.104.205 - - [18/Nov/2024:16:53:57 +0900] "GET /wp-content/plugins/elementor-pro/assets/js/frontend.min.js?ver=3.25.3 HTTP/1.1" 200 7504 "https://example.com/" "Mozilla/5.0 (Windows NT 10.0; Win64; x64) AppleWebKit/537.36 (KHTML, like Gecko) Chrome/111.0.0.0 Safari/537.36"
222.239.104.205 - - [18/Nov/2024:16:53:57 +0900] "GET /wp-content/plugins/neve-pro-addon/includes/modules/elementor_booster/assets/js/track.js?m=1730215403 HTTP/1.1" 200 453 "https://example.com/" "Mozilla/5.0 (Windows NT 10.0; Win64; x64) AppleWebKit/537.36 (KHTML, like Gecko) Chrome/111.0.0.0 Safari/537.36"
222.239.104.205 - - [18/Nov/2024:16:53:57 +0900] "GET /wp-includes/js/jquery/jquery-migrate.min.js?m=1691551340 HTTP/1.1" 200 5219 "https://example.com/" "Mozilla/5.0 (Windows NT 10.0; Win64; x64) AppleWebKit/537.36 (KHTML, like Gecko) Chrome/111.0.0.0 Safari/537.36"
222.239.104.205 - - [18/Nov/2024:16:53:57 +0900] "GET /wp-includes/js/jquery/jquery.min.js?ver=3.7.1 HTTP/1.1" 200 34263 "https://example.com/" "Mozilla/5.0 (Windows NT 10.0; Win64; x64) AppleWebKit/537.36 (KHTML, like Gecko) Chrome/111.0.0.0 Safari/537.36"
222.239.104.205 - - [18/Nov/2024:16:53:57 +0900] "GET / HTTP/1.1" 200 35568 "-" "Mozilla/5.0 (Windows NT 10.0; Win64; x64) AppleWebKit/537.36 (KHTML, like Gecko) Chrome/111.0.0.0 Safari/537.36"
222.239.104.205 - - [18/Nov/2024:16:53:56 +0900] "GET / HTTP/1.1" 301 162 "-" "Mozilla/5.0 (Windows NT 10.0; Win64; x64) AppleWebKit/537.36 (KHTML, like Gecko) Chrome/111.0.0.0 Safari/537.36"
17.58.59.21 - - [18/Nov/2024:16:53:38 +0900] "GET /feed/podcast HTTP/1.1" 200 17666 "-" "iTMS"
17.58.59.21 - - [18/Nov/2024:16:53:38 +0900] "HEAD /feed/podcast HTTP/1.1" 200 0 "-" "iTMS"
17.58.59.21 - - [18/Nov/2024:16:53:37 +0900] "HEAD /feed/podcast HTTP/1.1" 200 0 "-" "iTMS"
211.235.82.28 - - [18/Nov/2024:16:52:34 +0900] "GET /feed/podcast HTTP/1.1" 200 2379 "-" "Reeder/5040601 CFNetwork/1498.700.2 Darwin/23.6.0"
216.244.66.234 - - [18/Nov/2024:16:52:03 +0900] "GET /event/MASKED-STRING HTTP/1.1" 301 5 "-" "Mozilla/5.0 (compatible; DotBot/1.2; +https://opensiteexplorer.org/dotbot; help@moz.com)"
140.242.214.111 - - [18/Nov/2024:16:50:42 +0900] "GET /feed/podcast HTTP/1.1" 200 2379 "-" "CastBox/9.13.1-241108032 (Linux;Android 14)"
157.55.39.204 - - [18/Nov/2024:16:50:30 +0900] "GET /archives/tag/MASKED-STRING HTTP/1.1" 200 22329 "-" "Mozilla/5.0 AppleWebKit/537.36 (KHTML, like Gecko; compatible; bingbot/2.0; +http://www.bing.com/bingbot.htm) Chrome/116.0.1938.76 Safari/537.36"
222.120.127.117 - - [18/Nov/2024:16:50:18 +0900] "GET /wp-content/plugins/powerpress/images/modern_icon_sprite_2024.svg HTTP/1.1" 404 19336 "https://example.com/archives/7734" "Mozilla/5.0 (Windows NT 10.0; Win64; x64) AppleWebKit/537.36 (KHTML, like Gecko) Chrome/131.0.0.0 Safari/537.36 Edg/131.0.0.0"
222.120.127.117 - - [18/Nov/2024:16:50:18 +0900] "GET /_jb_static/wp-content/plugins/neve-pro-addon/includes/modules/header_footer_grid/assets/js/build/front-end.js,/wp-content/plugins/akismet/_inc/akismet-frontend.js?m=1730215403&cb=1 HTTP/1.1" 200 2823 "https://example.com/archives/7734" "Mozilla/5.0 (Windows NT 10.0; Win64; x64) AppleWebKit/537.36 (KHTML, like Gecko) Chrome/131.0.0.0 Safari/537.36 Edg/131.0.0.0"
222.120.127.117 - - [18/Nov/2024:16:50:18 +0900] "GET /wp-content/plugins/powerpress/images/modern_icon_sprite_2024_2.svg HTTP/1.1" 200 12022 "https://example.com/_jb_static/wp-content/themes/neve/assets/css/mega-menu.min.css,/wp-content/plugins/powerpress/css/subscribe-widget.min.css?m=1731424969&cb=1" "Mozilla/5.0 (Windows NT 10.0; Win64; x64) AppleWebKit/537.36 (KHTML, like Gecko) Chrome/131.0.0.0 Safari/537.36 Edg/131.0.0.0"
222.120.127.117 - - [18/Nov/2024:16:50:18 +0900] "GET /_jb_static/wp-includes/js/comment-reply.min.js,/wp-content/plugins/neve-pro-addon/includes/modules/scroll_to_top/assets/js/build/script.js?m=1731468123&cb=1 HTTP/1.1" 200 1927 "https://example.com/archives/7734" "Mozilla/5.0 (Windows NT 10.0; Win64; x64) AppleWebKit/537.36 (KHTML, like Gecko) Chrome/131.0.0.0 Safari/537.36 Edg/131.0.0.0"
222.120.127.117 - - [18/Nov/2024:16:50:18 +0900] "GET /_jb_static/wp-content/themes/neve/assets/css/mega-menu.min.css,/wp-content/plugins/powerpress/css/subscribe-widget.min.css?m=1731424969&cb=1 HTTP/1.1" 200 2509 "https://example.com/archives/7734" "Mozilla/5.0 (Windows NT 10.0; Win64; x64) AppleWebKit/537.36 (KHTML, like Gecko) Chrome/131.0.0.0 Safari/537.36 Edg/131.0.0.0"
222.120.127.117 - - [18/Nov/2024:16:50:18 +0900] "GET /_jb_static/??-eJyVT8sKwjAQ/BtPpkutqJfip0iarG10synZ1NK/N1KQFnrQ0zDMgxkYe+XY0GBRwIiAdZKgoWCeilwTdZxA0kRYeMdFNuxhmXgIeLROI6FHTivSk54wKsJWm+m3eNaWfBUygdPHk7qsCTC+cF6mvHasGMdNe09D63j2qz4Gpa0NDN8JPtiBMubL7S3roEUwycbpfxs71Bbj7R5CytBGZze7r74uz1V5PF3KQ7UzTV2+ASWYl14= HTTP/1.1" 200 34661 "https://example.com/archives/7734" "Mozilla/5.0 (Windows NT 10.0; Win64; x64) AppleWebKit/537.36 (KHTML, like Gecko) Chrome/131.0.0.0 Safari/537.36 Edg/131.0.0.0"
222.120.127.117 - - [18/Nov/2024:16:50:18 +0900] "GET /archives/7734 HTTP/1.1" 200 31756 "https://www.google.com/" "Mozilla/5.0 (Windows NT 10.0; Win64; x64) AppleWebKit/537.36 (KHTML, like Gecko) Chrome/131.0.0.0 Safari/537.36 Edg/131.0.0.0"
34.64.82.74 - - [18/Nov/2024:16:49:58 +0900] "GET /feed HTTP/1.1" 304 0 "-" "Mozilla/5.0 (compatible; Googlebot/2.1; +http://www.google.com/bot.html)"
203.234.197.8 - - [18/Nov/2024:16:49:36 +0900] "GET /wp-content/plugins/powerpress/images/modern_icon_sprite_2024.svg HTTP/1.1" 404 19333 "https://example.com/archives/7563" "Mozilla/5.0 (Linux; Android 10; K) AppleWebKit/537.36 (KHTML, like Gecko) SamsungBrowser/27.0 Chrome/125.0.0.0 Mobile Safari/537.36"
203.234.197.8 - - [18/Nov/2024:16:49:35 +0900] "GET /wp-content/themes/neve/assets/js/build/modern/frontend.js?ver=3.8.13 HTTP/1.1" 304 0 "https://example.com/archives/7563" "Mozilla/5.0 (Linux; Android 10; K) AppleWebKit/537.36 (KHTML, like Gecko) SamsungBrowser/27.0 Chrome/125.0.0.0 Mobile Safari/537.36"
203.234.197.8 - - [18/Nov/2024:16:49:35 +0900] "GET /archives/7563 HTTP/1.1" 200 31104 "https://www.google.com/" "Mozilla/5.0 (Linux; Android 10; K) AppleWebKit/537.36 (KHTML, like Gecko) SamsungBrowser/27.0 Chrome/125.0.0.0 Mobile Safari/537.36"
34.64.82.72 - - [18/Nov/2024:16:48:59 +0900] "GET /feed HTTP/1.1" 304 0 "-" "Mozilla/5.0 (compatible; Googlebot/2.1; +http://www.google.com/bot.html)"
27.0.238.116 - - [18/Nov/2024:16:48:11 +0900] "GET /archives/7540 HTTP/1.1" 200 30821 "-" "facebookexternalhit/1.1; kakaotalk-scrap/1.0; +https://devtalk.kakao.com/t/scrap/33984"
157.55.39.54 - - [18/Nov/2024:16:47:00 +0900] "GET /archives/tag/MASKED-STRING HTTP/1.1" 200 20137 "-" "Mozilla/5.0 AppleWebKit/537.36 (KHTML, like Gecko; compatible; bingbot/2.0; +http://www.bing.com/bingbot.htm) Chrome/116.0.1938.76 Safari/537.36"
216.244.66.234 - - [18/Nov/2024:16:46:52 +0900] "GET /archives/tag/MASKED-STRING HTTP/1.1" 200 86815 "-" "Mozilla/5.0 (compatible; DotBot/1.2; +https://opensiteexplorer.org/dotbot; help@moz.com)"
3.70.72.172 - - [18/Nov/2024:16:46:47 +0900] "GET /feed/podcast HTTP/1.1" 200 2379 "-" "axios/1.6.8"
216.244.66.234 - - [18/Nov/2024:16:46:46 +0900] "GET /archives/26214 HTTP/1.1" 200 144500 "-" "Mozilla/5.0 (compatible; DotBot/1.2; +https://opensiteexplorer.org/dotbot; help@moz.com)"
3.70.72.172 - - [18/Nov/2024:16:46:46 +0900] "GET /feed/podcast HTTP/1.1" 200 2379 "-" "axios/1.6.8"
157.55.39.201 - - [18/Nov/2024:16:45:44 +0900] "GET /archives/tag/MASKED-STRING HTTP/1.1" 200 20380 "-" "Mozilla/5.0 AppleWebKit/537.36 (KHTML, like Gecko; compatible; bingbot/2.0; +http://www.bing.com/bingbot.htm) Chrome/116.0.1938.76 Safari/537.36"
157.55.39.54 - - [18/Nov/2024:16:45:41 +0900] "GET /?s=2023 HTTP/1.1" 200 30113 "-" "Mozilla/5.0 AppleWebKit/537.36 (KHTML, like Gecko; compatible; bingbot/2.0; +http://www.bing.com/bingbot.htm) Chrome/116.0.1938.76 Safari/537.36"
