34.64.82.78 - - [18/Nov/2024:16:44:41 +0900] "GET /archives/tag/MASKED-STRING HTTP/1.1" 200 20828 "-" "Mozilla/5.0 (Linux; Android 6.0.1; Nexus 5X Build/MMB29P) AppleWebKit/537.36 (KHTML, like Gecko) Chrome/131.0.6778.69 Mobile Safari/537.36 (compatible; Googlebot/2.1; +http://www.google.com/bot.html)"
172.105.150.15 - - [18/Nov/2024:16:44:36 +0900] "GET /feed/podcast HTTP/1.1" 200 2379 "-" "Aggrivator (PodcastIndex.org)/v0.1.7"
17.241.75.58 - - [18/Nov/2024:16:44:12 +0900] "GET /feed/podcast HTTP/1.1" 200 2379 "-" "itms"
34.64.82.71 - - [18/Nov/2024:16:44:04 +0900] "GET /wp-content/uploads/powerpress/book-of-prayer-489.jpg HTTP/1.1" 200 664961 "-" "Googlebot-Image/1.0"
34.64.82.76 - - [18/Nov/2024:16:44:03 +0900] "GET /feed HTTP/1.1" 304 0 "-" "Mozilla/5.0 (compatible; Googlebot/2.1; +http://www.google.com/bot.html)"
140.242.214.111 - - [18/Nov/2024:16:43:39 +0900] "GET /feed/podcast HTTP/1.1" 200 2379 "-" "CastBox/9.13.1-241108032 (Linux;Android 14)"
40.77.167.25 - - [18/Nov/2024:16:43:07 +0900] "GET /archives/tag/MASKED-STRING HTTP/1.1" 200 20608 "-" "Mozilla/5.0 AppleWebKit/537.36 (KHTML, like Gecko; compatible; bingbot/2.0; +http://www.bing.com/bingbot.htm) Chrome/116.0.1938.76 Safari/537.36"
157.55.39.16 - - [18/Nov/2024:16:42:42 +0900] "GET /archives/tag/MASKED-STRING HTTP/1.1" 200 20666 "-" "Mozilla/5.0 AppleWebKit/537.36 (KHTML, like Gecko; compatible; bingbot/2.0; +http://www.bing.com/bingbot.htm) Chrome/116.0.1938.76 Safari/537.36"
211.112.225.215 - - [18/Nov/2024:16:41:12 +0900] "GET /wp-content/plugins/powerpress/images/modern_icon_sprite_2024.svg HTTP/1.1" 404 19334 "https://example.com/archives/7575" "Mozilla/5.0 (Linux; Android 10; K) AppleWebKit/537.36 (KHTML, like Gecko) Chrome/131.0.0.0 Mobile Safari/537.36"
211.112.225.215 - - [18/Nov/2024:16:41:12 +0900] "GET /archives/7575 HTTP/1.1" 200 32105 "https://www.google.com/" "Mozilla/5.0 (Linux; Android 10; K) AppleWebKit/537.36 (KHTML, like Gecko) Chrome/131.0.0.0 Mobile Safari/537.36"
211.112.225.215 - - [18/Nov/2024:16:40:50 +0900] "GET /wp-content/plugins/powerpress/images/modern_icon_sprite_2024.svg HTTP/1.1" 404 19333 "https://example.com/archives/7566" "Mozilla/5.0 (Linux; Android 10; K) AppleWebKit/537.36 (KHTML, like Gecko) Chrome/131.0.0.0 Mobile Safari/537.36"
211.112.225.215 - - [18/Nov/2024:16:40:50 +0900] "GET /wp-content/plugins/powerpress/images/modern_icon_sprite_2024_2.svg HTTP/1.1" 304 0 "https://example.com/_jb_static/wp-content/themes/neve/assets/css/mega-menu.min.css,/wp-content/plugins/powerpress/css/subscribe-widget.min.css?m=1731424969&cb=1" "Mozilla/5.0 (Linux; Android 10; K) AppleWebKit/537.36 (KHTML, like Gecko) Chrome/131.0.0.0 Mobile Safari/537.36"
211.112.225.215 - - [18/Nov/2024:16:40:50 +0900] "GET /wp-content/themes/neve/assets/js/build/modern/frontend.js?ver=3.8.13 HTTP/1.1" 304 0 "https://example.com/archives/7566" "Mozilla/5.0 (Linux; Android 10; K) AppleWebKit/537.36 (KHTML, like Gecko) Chrome/131.0.0.0 Mobile Safari/537.36"
211.112.225.215 - - [18/Nov/2024:16:40:49 +0900] "GET /archives/7566 HTTP/1.1" 200 31004 "https://www.google.com/" "Mozilla/5.0 (Linux; Android 10; K) AppleWebKit/537.36 (KHTML, like Gecko) Chrome/131.0.0.0 Mobile Safari/537.36"
140.242.214.111 - - [18/Nov/2024:16:40:47 +0900] "GET /feed/podcast HTTP/1.1" 200 2379 "-" "CastBox/9.13.1-241108032 (Linux;Android 14)"
40.77.167.25 - - [18/Nov/2024:16:40:37 +0900] "GET /wp-json/wp/v2/posts/23098 HTTP/1.1" 200 2336 "-" "Mozilla/5.0 AppleWebKit/537.36 (KHTML, like Gecko; compatible; bingbot/2.0; +http://www.bing.com/bingbot.htm) Chrome/116.0.1938.76 Safari/537.36"
40.77.167.25 - - [18/Nov/2024:16:40:27 +0900] "GET /archives/tag/MASKED-STRING HTTP/1.1" 200 20455 "-" "Mozilla/5.0 AppleWebKit/537.36 (KHTML, like Gecko; compatible; bingbot/2.0; +http://www.bing.com/bingbot.htm) Chrome/116.0.1938.76 Safari/537.36"
3.94.102.62 - - [18/Nov/2024:16:39:10 +0900] "GET / HTTP/1.1" 301 5 "-" "Mozilla/5.0 (Linux U; en-US)  AppleWebKit/528.5  (KHTML, like Gecko, Safari/528.5 ) Version/4.0 Kindle/3.0 (screen 600x800; rotate)"
211.218.197.38 - - [18/Nov/2024:16:38:29 +0900] "GET /wp-content/plugins/powerpress/images/modern_icon_sprite_2024.svg HTTP/1.1" 404 19334 "https://example.com/archives/7734" "Mozilla/5.0 (Windows NT 10.0; Win64; x64) AppleWebKit/537.36 (KHTML, like Gecko) Chrome/130.0.0.0 Safari/537.36"
211.218.197.38 - - [18/Nov/2024:16:38:29 +0900] "GET /archives/7734 HTTP/1.1" 200 31756 "https://www.google.com/" "Mozilla/5.0 (Windows NT 10.0; Win64; x64) AppleWebKit/537.36 (KHTML, like Gecko) Chrome/130.0.0.0 Safari/537.36"
207.46.13.150 - - [18/Nov/2024:16:37:49 +0900] "GET /archives/1979 HTTP/1.1" 200 38290 "-" "Mozilla/5.0 AppleWebKit/537.36 (KHTML, like Gecko; compatible; bingbot/2.0; +http://www.bing.com/bingbot.htm) Chrome/116.0.1938.76 Safari/537.36"
34.64.82.77 - - [18/Nov/2024:16:37:49 +0900] "GET /feed HTTP/1.1" 304 0 "-" "Mozilla/5.0 (compatible; Googlebot/2.1; +http://www.google.com/bot.html)"
34.64.82.64 - - [18/Nov/2024:16:37:48 +0900] "GET /feed HTTP/1.1" 304 0 "-" "Mozilla/5.0 (compatible; Googlebot/2.1; +http://www.google.com/bot.html)"
27.0.238.182 - - [18/Nov/2024:16:36:38 +0900] "GET /archives/7670 HTTP/1.1" 200 34943 "-" "facebookexternalhit/1.1; kakaotalk-scrap/1.0; +https://devtalk.kakao.com/t/scrap/33984"
34.64.82.67 - - [18/Nov/2024:16:36:26 +0900] "GET /robots.txt HTTP/1.1" 200 205 "-" "Mozilla/5.0 (compatible; Googlebot/2.1; +http://www.google.com/bot.html)"
40.77.167.25 - - [18/Nov/2024:16:36:17 +0900] "GET /archives/tag/MASKED-STRING HTTP/1.1" 200 20763 "-" "Mozilla/5.0 AppleWebKit/537.36 (KHTML, like Gecko; compatible; bingbot/2.0; +http://www.bing.com/bingbot.htm) Chrome/116.0.1938.76 Safari/537.36"
207.46.13.150 - - [18/Nov/2024:16:36:08 +0900] "GET /archives/tag/MASKED-STRING HTTP/1.1" 200 20086 "-" "Mozilla/5.0 AppleWebKit/537.36 (KHTML, like Gecko; compatible; bingbot/2.0; +http://www.bing.com/bingbot.htm) Chrome/116.0.1938.76 Safari/537.36"
40.77.167.25 - - [18/Nov/2024:16:35:37 +0900] "GET /archives/21734 HTTP/1.1" 200 36600 "-" "Mozilla/5.0 AppleWebKit/537.36 (KHTML, like Gecko; compatible; bingbot/2.0; +http://www.bing.com/bingbot.htm) Chrome/116.0.1938.76 Safari/537.36"
34.64.82.64 - - [18/Nov/2024:16:35:18 +0900] "GET /robots.txt HTTP/1.1" 200 205 "-" "Mozilla/5.0 (compatible; Googlebot/2.1; +http://www.google.com/bot.html)"
207.46.13.150 - - [18/Nov/2024:16:34:58 +0900] "GET /archives/20390 HTTP/1.1" 200 37932 "-" "Mozilla/5.0 AppleWebKit/537.36 (KHTML, like Gecko; compatible; bingbot/2.0; +http://www.bing.com/bingbot.htm) Chrome/116.0.1938.76 Safari/537.36"
157.55.39.16 - - [18/Nov/2024:16:34:31 +0900] "GET /archives/tag/MASKED-STRING HTTP/1.1" 200 24636 "-" "Mozilla/5.0 AppleWebKit/537.36 (KHTML, like Gecko; compatible; bingbot/2.0; +http://www.bing.com/bingbot.htm) Chrome/116.0.1938.76 Safari/537.36"
40.77.167.25 - - [18/Nov/2024:16:34:07 +0900] "GET /archives/tag/MASKED-STRING HTTP/1.1" 200 20117 "-" "Mozilla/5.0 AppleWebKit/537.36 (KHTML, like Gecko; compatible; bingbot/2.0; +http://www.bing.com/bingbot.htm) Chrome/116.0.1938.76 Safari/537.36"
34.64.82.68 - - [18/Nov/2024:16:34:02 +0900] "GET /robots.txt HTTP/1.1" 200 205 "-" "Mozilla/5.0 (compatible; Googlebot/2.1; +http://www.google.com/bot.html)"
118.235.66.221 - - [18/Nov/2024:16:33:58 +0900] "GET /wp-content/plugins/powerpress/images/modern_icon_sprite_2024_2.svg HTTP/1.1" 200 12022 "https://example.com/_jb_static/wp-content/themes/neve/assets/css/mega-menu.min.css,/wp-content/plugins/powerpress/css/subscribe-widget.min.css?m=1731424969&cb=1" "Mozilla/5.0 (Linux; Android 12; SM-N971N Build/SP1A.210812.016; wv) AppleWebKit/537.36 (KHTML, like Gecko) Version/4.0 Chrome/114.0.0.0 Whale/1.0.0.0 Crosswalk/28.114.0.23 Mobile Safari/537.36 NAVER(inapp; search; 2000; 12.8.52)"
118.235.66.221 - - [18/Nov/2024:16:33:58 +0900] "GET /wp-content/plugins/powerpress/images/modern_icon_sprite_2024.svg HTTP/1.1" 404 19334 "https://example.com/archives/29757" "Mozilla/5.0 (Linux; Android 12; SM-N971N Build/SP1A.210812.016; wv) AppleWebKit/537.36 (KHTML, like Gecko) Version/4.0 Chrome/114.0.0.0 Whale/1.0.0.0 Crosswalk/28.114.0.23 Mobile Safari/537.36 NAVER(inapp; search; 2000; 12.8.52)"
118.235.66.221 - - [18/Nov/2024:16:33:58 +0900] "GET /_jb_static/wp-content/themes/neve/assets/css/mega-menu.min.css,/wp-content/plugins/powerpress/css/subscribe-widget.min.css?m=1731424969&cb=1 HTTP/1.1" 200 2509 "https://example.com/archives/29757" "Mozilla/5.0 (Linux; Android 12; SM-N971N Build/SP1A.210812.016; wv) AppleWebKit/537.36 (KHTML, like Gecko) Version/4.0 Chrome/114.0.0.0 Whale/1.0.0.0 Crosswalk/28.114.0.23 Mobile Safari/537.36 NAVER(inapp; search; 2000; 12.8.52)"
118.235.66.221 - - [18/Nov/2024:16:33:58 +0900] "GET /_jb_static/??-eJyVT8sKwjAQ/BtPpkutqJfip0iarG10synZ1NK/N1KQFnrQ0zDMgxkYe+XY0GBRwIiAdZKgoWCeilwTdZxA0kRYeMdFNuxhmXgIeLROI6FHTivSk54wKsJWm+m3eNaWfBUygdPHk7qsCTC+cF6mvHasGMdNe09D63j2qz4Gpa0NDN8JPtiBMubL7S3roEUwycbpfxs71Bbj7R5CytBGZze7r74uz1V5PF3KQ7UzTV2+ASWYl14= HTTP/1.1" 200 34661 "https://example.com/archives/29757" "Mozilla/5.0 (Linux; Android 12; SM-N971N Build/SP1A.210812.016; wv) AppleWebKit/537.36 (KHTML, like Gecko) Version/4.0 Chrome/114.0.0.0 Whale/1.0.0.0 Crosswalk/28.114.0.23 Mobile Safari/537.36 NAVER(inapp; search; 2000; 12.8.52)"
118.235.66.221 - - [18/Nov/2024:16:33:58 +0900] "GET /_jb_static/wp-content/plugins/neve-pro-addon/includes/modules/header_footer_grid/assets/js/build/front-end.js,/wp-content/plugins/akismet/_inc/akismet-frontend.js?m=1730215403&cb=1 HTTP/1.1" 200 2823 "https://example.com/archives/29757" "Mozilla/5.0 (Linux; Android 12; SM-N971N Build/SP1A.210812.016; wv) AppleWebKit/537.36 (KHTML, like Gecko) Version/4.0 Chrome/114.0.0.0 Whale/1.0.0.0 Crosswalk/28.114.0.23 Mobile Safari/537.36 NAVER(inapp; search; 2000; 12.8.52)"
118.235.66.221 - - [18/Nov/2024:16:33:58 +0900] "GET /_jb_static/wp-includes/js/comment-reply.min.js,/wp-content/plugins/neve-pro-addon/includes/modules/scroll_to_top/assets/js/build/script.js?m=1731468123&cb=1 HTTP/1.1" 200 1927 "https://example.com/archives/29757" "Mozilla/5.0 (Linux; Android 12; SM-N971N Build/SP1A.210812.016; wv) AppleWebKit/537.36 (KHTML, like Gecko) Version/4.0 Chrome/114.0.0.0 Whale/1.0.0.0 Crosswalk/28.114.0.23 Mobile Safari/537.36 NAVER(inapp; search; 2000; 12.8.52)"
118.235.66.221 - - [18/Nov/2024:16:33:57 +0900] "GET /archives/29757 HTTP/1.1" 200 28901 "https://example.com/" "Mozilla/5.0 (Linux; Android 12; SM-N971N Build/SP1A.210812.016; wv) AppleWebKit/537.36 (KHTML, like Gecko) Version/4.0 Chrome/114.0.0.0 Whale/1.0.0.0 Crosswalk/28.114.0.23 Mobile Safari/537.36 NAVER(inapp; search; 2000; 12.8.52)"
40.77.167.51 - - [18/Nov/2024:16:33:07 +0900] "GET /archives/23308 HTTP/1.1" 200 36703 "-" "Mozilla/5.0 AppleWebKit/537.36 (KHTML, like Gecko; compatible; bingbot/2.0; +http://www.bing.com/bingbot.htm) Chrome/116.0.1938.76 Safari/537.36"
118.235.66.221 - - [18/Nov/2024:16:32:59 +0900] "GET /?napp=mysection&subtab_h=24 HTTP/1.1" 200 35568 "-" "Mozilla/5.0 (Linux; Android 12; SM-N971N Build/SP1A.210812.016; wv) AppleWebKit/537.36 (KHTML, like Gecko) Version/4.0 Chrome/114.0.0.0 Whale/1.0.0.0 Crosswalk/28.114.0.23 Mobile Safari/537.36 NAVER(inapp; search; 2000; 12.8.52) NLAB(dts_00;Mobile) NaverOM"
118.235.66.221 - - [18/Nov/2024:16:32:55 +0900] "GET /favicon.ico HTTP/1.1" 200 36152 "https://example.com/?napp=mysection&subtab_h=24" "Mozilla/5.0 (Linux; Android 12; SM-N971N Build/SP1A.210812.016; wv) AppleWebKit/537.36 (KHTML, like Gecko) Version/4.0 Chrome/114.0.0.0 Whale/1.0.0.0 Crosswalk/28.114.0.23 Mobile Safari/537.36 NAVER(inapp; search; 2000; 12.8.52) NLAB(dts_00;Mobile) NaverOM"
118.235.66.221 - - [18/Nov/2024:16:32:54 +0900] "GET /wp-content/plugins/elementor/assets/lib/swiper/v8/swiper.min.js?ver=8.4.5 HTTP/1.1" 200 46188 "https://example.com/?napp=mysection&subtab_h=24" "Mozilla/5.0 (Linux; Android 12; SM-N971N Build/SP1A.210812.016; wv) AppleWebKit/537.36 (KHTML, like Gecko) Version/4.0 Chrome/114.0.0.0 Whale/1.0.0.0 Crosswalk/28.114.0.23 Mobile Safari/537.36 NAVER(inapp; search; 2000; 12.8.52) NLAB(dts_00;Mobile) NaverOM"
118.235.66.221 - - [18/Nov/2024:16:32:54 +0900] "GET /wp-content/plugins/elementor-pro/assets/js/posts.aec59265318492b89cb5.bundle.min.js HTTP/1.1" 200 1345 "https://example.com/?napp=mysection&subtab_h=24" "Mozilla/5.0 (Linux; Android 12; SM-N971N Build/SP1A.210812.016; wv) AppleWebKit/537.36 (KHTML, like Gecko) Version/4.0 Chrome/114.0.0.0 Whale/1.0.0.0 Crosswalk/28.114.0.23 Mobile Safari/537.36 NAVER(inapp; search; 2000; 12.8.52) NLAB(dts_00;Mobile) NaverOM"
118.235.66.221 - - [18/Nov/2024:16:32:54 +0900] "GET /wp-content/plugins/elementor-pro/assets/js/load-more.8b46f464e573feab5dd7.bundle.min.js HTTP/1.1" 200 1715 "https://example.com/?napp=mysection&subtab_h=24" "Mozilla/5.0 (Linux; Android 12; SM-N971N Build/SP1A.210812.016; wv) AppleWebKit/537.36 (KHTML, like Gecko) Version/4.0 Chrome/114.0.0.0 Whale/1.0.0.0 Crosswalk/28.114.0.23 Mobile Safari/537.36 NAVER(inapp; search; 2000; 12.8.52) NLAB(dts_00;Mobile) NaverOM"
118.235.66.221 - - [18/Nov/2024:16:32:54 +0900] "GET /wp-content/plugins/elementor-pro/assets/js/slides.c0029640cbdb48199471.bundle.min.js HTTP/1.1" 200 1562 "https://example.com/?napp=mysection&subtab_h=24" "Mozilla/5.0 (Linux; Android 12; SM-N971N Build/SP1A.210812.016; wv) AppleWebKit/537.36 (KHTML, like Gecko) Version/4.0 Chrome/114.0.0.0 Whale/1.0.0.0 Crosswalk/28.114.0.23 Mobile Safari/537.36 NAVER(inapp; search; 2000; 12.8.52) NLAB(dts_00;Mobile) NaverOM"
118.235.66.221 - - [18/Nov/2024:16:32:54 +0900] "GET /wp-includes/js/wp-emoji-release.min.js?ver=6.7 HTTP/1.1" 200 5684 "https://example.com/?napp=mysection&subtab_h=24" "Mozilla/5.0 (Linux; Android 12; SM-N971N Build/SP1A.210812.016; wv) AppleWebKit/537.36 (KHTML, like Gecko) Version/4.0 Chrome/114.0.0.0 Whale/1.0.0.0 Crosswalk/28.114.0.23 Mobile Safari/537.36 NAVER(inapp; search; 2000; 12.8.52) NLAB(dts_00;Mobile) NaverOM"
118.235.66.221 - - [18/Nov/2024:16:32:53 +0900] "GET /wp-content/plugins/elementor-pro/assets/js/elements-handlers.min.js?ver=3.25.3 HTTP/1.1" 200 11515 "https://example.com/?napp=mysection&subtab_h=24" "Mozilla/5.0 (Linux; Android 12; SM-N971N Build/SP1A.210812.016; wv) AppleWebKit/537.36 (KHTML, like Gecko) Version/4.0 Chrome/114.0.0.0 Whale/1.0.0.0 Crosswalk/28.114.0.23 Mobile Safari/537.36 NAVER(inapp; search; 2000; 12.8.52) NLAB(dts_00;Mobile) NaverOM"
118.235.66.221 - - [18/Nov/2024:16:32:53 +0900] "GET /wp-content/themes/neve/assets/js/build/modern/frontend.js?ver=3.8.13 HTTP/1.1" 200 2937 "https://example.com/?napp=mysection&subtab_h=24" "Mozilla/5.0 (Linux; Android 12; SM-N971N Build/SP1A.210812.016; wv) AppleWebKit/537.36 (KHTML, like Gecko) Version/4.0 Chrome/114.0.0.0 Whale/1.0.0.0 Crosswalk/28.114.0.23 Mobile Safari/537.36 NAVER(inapp; search; 2000; 12.8.52) NLAB(dts_00;Mobile) NaverOM"
118.235.66.221 - - [18/Nov/2024:16:32:53 +0900] "GET /wp-content/plugins/elementor/assets/js/frontend.min.js?ver=3.25.6 HTTP/1.1" 200 15001 "https://example.com/?napp=mysection&subtab_h=24" "Mozilla/5.0 (Linux; Android 12; SM-N971N Build/SP1A.210812.016; wv) AppleWebKit/537.36 (KHTML, like Gecko) Version/4.0 Chrome/114.0.0.0 Whale/1.0.0.0 Crosswalk/28.114.0.23 Mobile Safari/537.36 NAVER(inapp; search; 2000; 12.8.52) NLAB(dts_00;Mobile) NaverOM"
118.235.66.221 - - [18/Nov/2024:16:32:53 +0900] "GET /wp-includes/js/jquery/ui/core.min.js?m=1721186539 HTTP/1.1" 200 7775 "https://example.com/?napp=mysection&subtab_h=24" "Mozilla/5.0 (Linux; Android 12; SM-N971N Build/SP1A.210812.016; wv) AppleWebKit/537.36 (KHTML, like Gecko) Version/4.0 Chrome/114.0.0.0 Whale/1.0.0.0 Crosswalk/28.114.0.23 Mobile Safari/537.36 NAVER(inapp; search; 2000; 12.8.52) NLAB(dts_00;Mobile) NaverOM"
118.235.66.221 - - [18/Nov/2024:16:32:53 +0900] "GET /wp-content/plugins/elementor-pro/assets/js/frontend.min.js?ver=3.25.3 HTTP/1.1" 200 7504 "https://example.com/?napp=mysection&subtab_h=24" "Mozilla/5.0 (Linux; Android 12; SM-N971N Build/SP1A.210812.016; wv) AppleWebKit/537.36 (KHTML, like Gecko) Version/4.0 Chrome/114.0.0.0 Whale/1.0.0.0 Crosswalk/28.114.0.23 Mobile Safari/537.36 NAVER(inapp; search; 2000; 12.8.52) NLAB(dts_00;Mobile) NaverOM"
118.235.66.221 - - [18/Nov/2024:16:32:53 +0900] "GET /wp-content/plugins/elementor/assets/lib/eicons/fonts/eicons.woff2?5.32.0 HTTP/1.1" 200 98472 "https://example.com/_jb_static/??-eJytVMtOwzAQ/BtOuFZoUcuh4swHcI4ce5sa+SWvk6h/z+bR0ggaSEou0XpnZ2e9I/MmMO2kqRQg/0BuQWkBBiy4NAqCESeIzEAp5GlltVtJxEc+VU6563hUJL1LLSYdKYfcQQ0c08kAs0I75qD5ER5MVWrX41mIngmlvOMXCdarytC/ML7MKc8FIiTsqScZB5E+nkuMLjhogiGnmq88687mcbUEh9ih1HwV2OgAkde7jqeP5vcnkNJJeycMIdgETRWMF+qapq0PHhPLdtlm/XtfdnX133oHH6pw13YvffLCkyoYzblw1cJpK1qJAwMtTCh4c+/TUm+O3GhVQmJoNCm/i0IKY1iiy5CtvGVUowWkKBx20QIbD6KUrmmwP9rwxmCto5YrwCDkfAM/bbebl8XGOwJ5IuYH78l0eRm1uvOBORCIiQbQW+hfCToY4n9gQ0/2O/O82n22XWfP9GXZgyz22Sd6zUZn" "Mozilla/5.0 (Linux; Android 12; SM-N971N Build/SP1A.210812.016; wv) AppleWebKit/537.36 (KHTML, like Gecko) Version/4.0 Chrome/114.0.0.0 Whale/1.0.0.0 Crosswalk/28.114.0.23 Mobile Safari/537.36 NAVER(inapp; search; 2000; 12.8.52) NLAB(dts_00;Mobile) NaverOM"
118.235.66.221 - - [18/Nov/2024:16:32:53 +0900] "GET /wp-includes/js/dist/i18n.min.js?ver=5e580eb46a90c2b997e6 HTTP/1.1" 200 3866 "https://example.com/?napp=mysection&subtab_h=24" "Mozilla/5.0 (Linux; Android 12; SM-N971N Build/SP1A.210812.016; wv) AppleWebKit/537.36 (KHTML, like Gecko) Version/4.0 Chrome/114.0.0.0 Whale/1.0.0.0 Crosswalk/28.114.0.23 Mobile Safari/537.36 NAVER(inapp; search; 2000; 12.8.52) NLAB(dts_00;Mobile) NaverOM"
118.235.66.221 - - [18/Nov/2024:16:32:53 +0900] "GET /_jb_static/??-eJydkMsKAjEMRf/GlZ04+FqJnyKdJmrHNhmaVn/fKo4IKoirSx73JFy4DMYJZ+IMQygHzwpMZzJDEmMRhcGzCwVJIQqWUPVIFint9iK5yiF5BKtKWaFX6IoPCPtUmYYYm16n8OFGT3mw7gS7Sn94nE1SlMI4M2OjiZ6/cShQrLWk28Mvb1youzNqt0mFs4/0E+Yd8a/9HkFNwDxie/U/I6176DXDUeQ0bmzjpl3P2+VysZqtJ67btFd/553/ HTTP/1.1" 200 32746 "https://example.com/?napp=mysection&subtab_h=24" "Mozilla/5.0 (Linux; Android 12; SM-N971N Build/SP1A.210812.016; wv) AppleWebKit/537.36 (KHTML, like Gecko) Version/4.0 Chrome/114.0.0.0 Whale/1.0.0.0 Crosswalk/28.114.0.23 Mobile Safari/537.36 NAVER(inapp; search; 2000; 12.8.52) NLAB(dts_00;Mobile) NaverOM"
118.235.66.221 - - [18/Nov/2024:16:32:53 +0900] "GET /wp-content/plugins/elementor/assets/lib/font-awesome/webfonts/fa-solid-900.woff2 HTTP/1.1" 200 78196 "https://example.com/_jb_static/??-eJytVMtOwzAQ/BtOuFZoUcuh4swHcI4ce5sa+SWvk6h/z+bR0ggaSEou0XpnZ2e9I/MmMO2kqRQg/0BuQWkBBiy4NAqCESeIzEAp5GlltVtJxEc+VU6563hUJL1LLSYdKYfcQQ0c08kAs0I75qD5ER5MVWrX41mIngmlvOMXCdarytC/ML7MKc8FIiTsqScZB5E+nkuMLjhogiGnmq88687mcbUEh9ih1HwV2OgAkde7jqeP5vcnkNJJeycMIdgETRWMF+qapq0PHhPLdtlm/XtfdnX133oHH6pw13YvffLCkyoYzblw1cJpK1qJAwMtTCh4c+/TUm+O3GhVQmJoNCm/i0IKY1iiy5CtvGVUowWkKBx20QIbD6KUrmmwP9rwxmCto5YrwCDkfAM/bbebl8XGOwJ5IuYH78l0eRm1uvOBORCIiQbQW+hfCToY4n9gQ0/2O/O82n22XWfP9GXZgyz22Sd6zUZn" "Mozilla/5.0 (Linux; Android 12; SM-N971N Build/SP1A.210812.016; wv) AppleWebKit/537.36 (KHTML, like Gecko) Version/4.0 Chrome/114.0.0.0 Whale/1.0.0.0 Crosswalk/28.114.0.23 Mobile Safari/537.36 NAVER(inapp; search; 2000; 12.8.52) NLAB(dts_00;Mobile) NaverOM"
118.235.66.221 - - [18/Nov/2024:16:32:52 +0900] "GET /_jb_static/wp-content/plugins/neve-pro-addon/includes/modules/scroll_to_top/assets/js/build/script.js,/wp-includes/js/imagesloaded.min.js?m=1730215403&cb=1 HTTP/1.1" 200 2488 "https://example.com/?napp=mysection&subtab_h=24" "Mozilla/5.0 (Linux; Android 12; SM-N971N Build/SP1A.210812.016; wv) AppleWebKit/537.36 (KHTML, like Gecko) Version/4.0 Chrome/114.0.0.0 Whale/1.0.0.0 Crosswalk/28.114.0.23 Mobile Safari/537.36 NAVER(inapp; search; 2000; 12.8.52) NLAB(dts_00;Mobile) NaverOM"
118.235.66.221 - - [18/Nov/2024:16:32:52 +0900] "GET /wp-content/plugins/neve-pro-addon/includes/modules/elementor_booster/assets/js/track.js?m=1730215403 HTTP/1.1" 200 453 "https://example.com/?napp=mysection&subtab_h=24" "Mozilla/5.0 (Linux; Android 12; SM-N971N Build/SP1A.210812.016; wv) AppleWebKit/537.36 (KHTML, like Gecko) Version/4.0 Chrome/114.0.0.0 Whale/1.0.0.0 Crosswalk/28.114.0.23 Mobile Safari/537.36 NAVER(inapp; search; 2000; 12.8.52) NLAB(dts_00;Mobile) NaverOM"
118.235.66.221 - - [18/Nov/2024:16:32:52 +0900] "GET /wp-includes/js/jquery/jquery-migrate.min.js?m=1691551340 HTTP/1.1" 200 5219 "https://example.com/?napp=mysection&subtab_h=24" "Mozilla/5.0 (Linux; Android 12; SM-N971N Build/SP1A.210812.016; wv) AppleWebKit/537.36 (KHTML, like Gecko) Version/4.0 Chrome/114.0.0.0 Whale/1.0.0.0 Crosswalk/28.114.0.23 Mobile Safari/537.36 NAVER(inapp; search; 2000; 12.8.52) NLAB(dts_00;Mobile) NaverOM"
118.235.66.221 - - [18/Nov/2024:16:32:52 +0900] "GET /wp-includes/js/jquery/jquery.min.js?ver=3.7.1 HTTP/1.1" 200 34263 "https://example.com/?napp=mysection&subtab_h=24" "Mozilla/5.0 (Linux; Android 12; SM-N971N Build/SP1A.210812.016; wv) AppleWebKit/537.36 (KHTML, like Gecko) Version/4.0 Chrome/114.0.0.0 Whale/1.0.0.0 Crosswalk/28.114.0.23 Mobile Safari/537.36 NAVER(inapp; search; 2000; 12.8.52) NLAB(dts_00;Mobile) NaverOM"
118.235.66.221 - - [18/Nov/2024:16:32:52 +0900] "GET /_jb_static/??-eJyVjMEOgjAQBf/Gk2VTJRoOxG8p5QWr3W3DtvD7QoKJV68zmaE1G5+kQAqVJxhKggXkVFGUvCoxJmcYUhsO0mzkTD9RjnUKovRCyc6/idNY43bxbk5VEUnXkDGbocoY8X9+CPMF++HBvb1fbXtpu1t38kNvP39gSas= HTTP/1.1" 200 8500 "https://example.com/?napp=mysection&subtab_h=24" "Mozilla/5.0 (Linux; Android 12; SM-N971N Build/SP1A.210812.016; wv) AppleWebKit/537.36 (KHTML, like Gecko) Version/4.0 Chrome/114.0.0.0 Whale/1.0.0.0 Crosswalk/28.114.0.23 Mobile Safari/537.36 NAVER(inapp; search; 2000; 12.8.52) NLAB(dts_00;Mobile) NaverOM"
118.235.66.221 - - [18/Nov/2024:16:32:52 +0900] "GET /_jb_static/??-eJytVMtOwzAQ/BtOuFZoUcuh4swHcI4ce5sa+SWvk6h/z+bR0ggaSEou0XpnZ2e9I/MmMO2kqRQg/0BuQWkBBiy4NAqCESeIzEAp5GlltVtJxEc+VU6563hUJL1LLSYdKYfcQQ0c08kAs0I75qD5ER5MVWrX41mIngmlvOMXCdarytC/ML7MKc8FIiTsqScZB5E+nkuMLjhogiGnmq88687mcbUEh9ih1HwV2OgAkde7jqeP5vcnkNJJeycMIdgETRWMF+qapq0PHhPLdtlm/XtfdnX133oHH6pw13YvffLCkyoYzblw1cJpK1qJAwMtTCh4c+/TUm+O3GhVQmJoNCm/i0IKY1iiy5CtvGVUowWkKBx20QIbD6KUrmmwP9rwxmCto5YrwCDkfAM/bbebl8XGOwJ5IuYH78l0eRm1uvOBORCIiQbQW+hfCToY4n9gQ0/2O/O82n22XWfP9GXZgyz22Sd6zUZn HTTP/1.1" 200 67181 "https://example.com/?napp=mysection&subtab_h=24" "Mozilla/5.0 (Linux; Android 12; SM-N971N Build/SP1A.210812.016; wv) AppleWebKit/537.36 (KHTML, like Gecko) Version/4.0 Chrome/114.0.0.0 Whale/1.0.0.0 Crosswalk/28.114.0.23 Mobile Safari/537.36 NAVER(inapp; search; 2000; 12.8.52) NLAB(dts_00;Mobile) NaverOM"
118.235.66.221 - - [18/Nov/2024:16:32:52 +0900] "GET /?napp=mysection&subtab_h=24 HTTP/1.1" 200 35568 "-" "Mozilla/5.0 (Linux; Android 12; SM-N971N Build/SP1A.210812.016; wv) AppleWebKit/537.36 (KHTML, like Gecko) Version/4.0 Chrome/114.0.0.0 Whale/1.0.0.0 Crosswalk/28.114.0.23 Mobile Safari/537.36 NAVER(inapp; search; 2000; 12.8.52) NLAB(dts_00;Mobile) NaverOM"
34.64.82.68 - - [18/Nov/2024:16:32:50 +0900] "GET /robots.txt HTTP/1.1" 200 205 "-" "Mozilla/5.0 (compatible; Googlebot/2.1; +http://www.google.com/bot.html)"
216.244.66.234 - - [18/Nov/2024:16:32:47 +0900] "GET /archives/tag/MASKED-STRING HTTP/1.1" 200 86003 "-" "Mozilla/5.0 (compatible; DotBot/1.2; +https://opensiteexplorer.org/dotbot; help@moz.com)"
207.46.13.150 - - [18/Nov/2024:16:32:39 +0900] "GET /archives/tag/MASKED-STRING HTTP/1.1" 200 20165 "-" "Mozilla/5.0 AppleWebKit/537.36 (KHTML, like Gecko; compatible; bingbot/2.0; +http://www.bing.com/bingbot.htm) Chrome/116.0.1938.76 Safari/537.36"
207.46.13.150 - - [18/Nov/2024:16:32:38 +0900] "GET /archives/category/campaign/MASKED-STRING/page/6 HTTP/1.1" 200 30846 "-" "Mozilla/5.0 AppleWebKit/537.36 (KHTML, like Gecko; compatible; bingbot/2.0; +http://www.bing.com/bingbot.htm) Chrome/116.0.1938.76 Safari/537.36"
40.77.167.51 - - [18/Nov/2024:16:31:56 +0900] "GET /archives/tag/MASKED-STRING HTTP/1.1" 200 20245 "-" "Mozilla/5.0 AppleWebKit/537.36 (KHTML, like Gecko; compatible; bingbot/2.0; +http://www.bing.com/bingbot.htm) Chrome/116.0.1938.76 Safari/537.36"
34.64.82.75 - - [18/Nov/2024:16:31:42 +0900] "GET /robots.txt HTTP/1.1" 200 205 "-" "Mozilla/5.0 (compatible; Googlebot/2.1; +http://www.google.com/bot.html)"
172.105.150.15 - - [18/Nov/2024:16:31:42 +0900] "GET /feed/podcast HTTP/1.1" 200 2379 "-" "Aggrivator (PodcastIndex.org)/v0.1.7"
221.147.38.9 - - [18/Nov/2024:16:31:39 +0900] "GET /favicon.ico HTTP/1.1" 200 36152 "https://example.com/" "Mozilla/5.0 (Windows NT 10.0; Win64; x64) AppleWebKit/537.36 (KHTML, like Gecko) Chrome/130.0.0.0 Safari/537.36 Edg/130.0.0.0"
221.147.38.9 - - [18/Nov/2024:16:31:38 +0900] "GET /wp-content/plugins/elementor/assets/lib/swiper/v8/swiper.min.js?ver=8.4.5 HTTP/1.1" 200 46188 "https://example.com/" "Mozilla/5.0 (Windows NT 10.0; Win64; x64) AppleWebKit/537.36 (KHTML, like Gecko) Chrome/130.0.0.0 Safari/537.36 Edg/130.0.0.0"
221.147.38.9 - - [18/Nov/2024:16:31:38 +0900] "GET /wp-content/plugins/elementor-pro/assets/js/load-more.8b46f464e573feab5dd7.bundle.min.js HTTP/1.1" 200 1715 "https://example.com/" "Mozilla/5.0 (Windows NT 10.0; Win64; x64) AppleWebKit/537.36 (KHTML, like Gecko) Chrome/130.0.0.0 Safari/537.36 Edg/130.0.0.0"
221.147.38.9 - - [18/Nov/2024:16:31:38 +0900] "GET /wp-content/plugins/elementor-pro/assets/js/posts.aec59265318492b89cb5.bundle.min.js HTTP/1.1" 200 1345 "https://example.com/" "Mozilla/5.0 (Windows NT 10.0; Win64; x64) AppleWebKit/537.36 (KHTML, like Gecko) Chrome/130.0.0.0 Safari/537.36 Edg/130.0.0.0"
221.147.38.9 - - [18/Nov/2024:16:31:38 +0900] "GET /wp-content/plugins/elementor-pro/assets/js/slides.c0029640cbdb48199471.bundle.min.js HTTP/1.1" 200 1562 "https://example.com/" "Mozilla/5.0 (Windows NT 10.0; Win64; x64) AppleWebKit/537.36 (KHTML, like Gecko) Chrome/130.0.0.0 Safari/537.36 Edg/130.0.0.0"
221.147.38.9 - - [18/Nov/2024:16:31:38 +0900] "GET /wp-includes/js/wp-emoji-release.min.js?ver=6.7 HTTP/1.1" 200 5684 "https://example.com/" "Mozilla/5.0 (Windows NT 10.0; Win64; x64) AppleWebKit/537.36 (KHTML, like Gecko) Chrome/130.0.0.0 Safari/537.36 Edg/130.0.0.0"
221.147.38.9 - - [18/Nov/2024:16:31:38 +0900] "GET /wp-content/plugins/elementor/assets/lib/eicons/fonts/eicons.woff2?5.32.0 HTTP/1.1" 200 98472 "https://example.com/_jb_static/??-eJytVMtOwzAQ/BtOuFZoUcuh4swHcI4ce5sa+SWvk6h/z+bR0ggaSEou0XpnZ2e9I/MmMO2kqRQg/0BuQWkBBiy4NAqCESeIzEAp5GlltVtJxEc+VU6563hUJL1LLSYdKYfcQQ0c08kAs0I75qD5ER5MVWrX41mIngmlvOMXCdarytC/ML7MKc8FIiTsqScZB5E+nkuMLjhogiGnmq88687mcbUEh9ih1HwV2OgAkde7jqeP5vcnkNJJeycMIdgETRWMF+qapq0PHhPLdtlm/XtfdnX133oHH6pw13YvffLCkyoYzblw1cJpK1qJAwMtTCh4c+/TUm+O3GhVQmJoNCm/i0IKY1iiy5CtvGVUowWkKBx20QIbD6KUrmmwP9rwxmCto5YrwCDkfAM/bbebl8XGOwJ5IuYH78l0eRm1uvOBORCIiQbQW+hfCToY4n9gQ0/2O/O82n22XWfP9GXZgyz22Sd6zUZn" "Mozilla/5.0 (Windows NT 10.0; Win64; x64) AppleWebKit/537.36 (KHTML, like Gecko) Chrome/130.0.0.0 Safari/537.36 Edg/130.0.0.0"
221.147.38.9 - - [18/Nov/2024:16:31:38 +0900] "GET /wp-content/plugins/elementor/assets/lib/font-awesome/webfonts/fa-solid-900.woff2 HTTP/1.1" 200 78196 "https://example.com/_jb_static/??-eJytVMtOwzAQ/BtOuFZoUcuh4swHcI4ce5sa+SWvk6h/z+bR0ggaSEou0XpnZ2e9I/MmMO2kqRQg/0BuQWkBBiy4NAqCESeIzEAp5GlltVtJxEc+VU6563hUJL1LLSYdKYfcQQ0c08kAs0I75qD5ER5MVWrX41mIngmlvOMXCdarytC/ML7MKc8FIiTsqScZB5E+nkuMLjhogiGnmq88687mcbUEh9ih1HwV2OgAkde7jqeP5vcnkNJJeycMIdgETRWMF+qapq0PHhPLdtlm/XtfdnX133oHH6pw13YvffLCkyoYzblw1cJpK1qJAwMtTCh4c+/TUm+O3GhVQmJoNCm/i0IKY1iiy5CtvGVUowWkKBx20QIbD6KUrmmwP9rwxmCto5YrwCDkfAM/bbebl8XGOwJ5IuYH78l0eRm1uvOBORCIiQbQW+hfCToY4n9gQ0/2O/O82n22XWfP9GXZgyz22Sd6zUZn" "Mozilla/5.0 (Windows NT 10.0; Win64; x64) AppleWebKit/537.36 (KHTML, like Gecko) Chrome/130.0.0.0 Safari/537.36 Edg/130.0.0.0"
221.147.38.9 - - [18/Nov/2024:16:31:38 +0900] "GET /_jb_static/??-eJyVjMEOgjAQBf/Gk2VTJRoOxG8p5QWr3W3DtvD7QoKJV68zmaE1G5+kQAqVJxhKggXkVFGUvCoxJmcYUhsO0mzkTD9RjnUKovRCyc6/idNY43bxbk5VEUnXkDGbocoY8X9+CPMF++HBvb1fbXtpu1t38kNvP39gSas= HTTP/1.1" 200 8500 "https://example.com/" "Mozilla/5.0 (Windows NT 10.0; Win64; x64) AppleWebKit/537.36 (KHTML, like Gecko) Chrome/130.0.0.0 Safari/537.36 Edg/130.0.0.0"
221.147.38.9 - - [18/Nov/2024:16:31:38 +0900] "GET /_jb_static/??-eJytVMtOwzAQ/BtOuFZoUcuh4swHcI4ce5sa+SWvk6h/z+bR0ggaSEou0XpnZ2e9I/MmMO2kqRQg/0BuQWkBBiy4NAqCESeIzEAp5GlltVtJxEc+VU6563hUJL1LLSYdKYfcQQ0c08kAs0I75qD5ER5MVWrX41mIngmlvOMXCdarytC/ML7MKc8FIiTsqScZB5E+nkuMLjhogiGnmq88687mcbUEh9ih1HwV2OgAkde7jqeP5vcnkNJJeycMIdgETRWMF+qapq0PHhPLdtlm/XtfdnX133oHH6pw13YvffLCkyoYzblw1cJpK1qJAwMtTCh4c+/TUm+O3GhVQmJoNCm/i0IKY1iiy5CtvGVUowWkKBx20QIbD6KUrmmwP9rwxmCto5YrwCDkfAM/bbebl8XGOwJ5IuYH78l0eRm1uvOBORCIiQbQW+hfCToY4n9gQ0/2O/O82n22XWfP9GXZgyz22Sd6zUZn HTTP/1.1" 200 67181 "https://example.com/" "Mozilla/5.0 (Windows NT 10.0; Win64; x64) AppleWebKit/537.36 (KHTML, like Gecko) Chrome/130.0.0.0 Safari/537.36 Edg/130.0.0.0"
221.147.38.9 - - [18/Nov/2024:16:31:38 +0900] "GET /_jb_static/wp-content/plugins/neve-pro-addon/includes/modules/scroll_to_top/assets/js/build/script.js,/wp-includes/js/imagesloaded.min.js?m=1730215403&cb=1 HTTP/1.1" 200 2488 "https://example.com/" "Mozilla/5.0 (Windows NT 10.0; Win64; x64) AppleWebKit/537.36 (KHTML, like Gecko) Chrome/130.0.0.0 Safari/537.36 Edg/130.0.0.0"
221.147.38.9 - - [18/Nov/2024:16:31:38 +0900] "GET /_jb_static/??-eJydkMsKAjEMRf/GlZ04+FqJnyKdJmrHNhmaVn/fKo4IKoirSx73JFy4DMYJZ+IMQygHzwpMZzJDEmMRhcGzCwVJIQqWUPVIFint9iK5yiF5BKtKWaFX6IoPCPtUmYYYm16n8OFGT3mw7gS7Sn94nE1SlMI4M2OjiZ6/cShQrLWk28Mvb1youzNqt0mFs4/0E+Yd8a/9HkFNwDxie/U/I6176DXDUeQ0bmzjpl3P2+VysZqtJ67btFd/553/ HTTP/1.1" 200 32746 "https://example.com/" "Mozilla/5.0 (Windows NT 10.0; Win64; x64) AppleWebKit/537.36 (KHTML, like Gecko) Chrome/130.0.0.0 Safari/537.36 Edg/130.0.0.0"
221.147.38.9 - - [18/Nov/2024:16:31:38 +0900] "GET /wp-content/themes/neve/assets/js/build/modern/frontend.js?ver=3.8.13 HTTP/1.1" 200 2937 "https://example.com/" "Mozilla/5.0 (Windows NT 10.0; Win64; x64) AppleWebKit/537.36 (KHTML, like Gecko) Chrome/130.0.0.0 Safari/537.36 Edg/130.0.0.0"
221.147.38.9 - - [18/Nov/2024:16:31:38 +0900] "GET /wp-content/plugins/elementor-pro/assets/js/elements-handlers.min.js?ver=3.25.3 HTTP/1.1" 200 11515 "https://example.com/" "Mozilla/5.0 (Windows NT 10.0; Win64; x64) AppleWebKit/537.36 (KHTML, like Gecko) Chrome/130.0.0.0 Safari/537.36 Edg/130.0.0.0"
221.147.38.9 - - [18/Nov/2024:16:31:38 +0900] "GET /wp-content/plugins/elementor/assets/js/frontend.min.js?ver=3.25.6 HTTP/1.1" 200 15001 "https://example.com/" "Mozilla/5.0 (Windows NT 10.0; Win64; x64) AppleWebKit/537.36 (KHTML, like Gecko) Chrome/130.0.0.0 Safari/537.36 Edg/130.0.0.0"
221.147.38.9 - - [18/Nov/2024:16:31:38 +0900] "GET /wp-content/plugins/elementor-pro/assets/js/frontend.min.js?ver=3.25.3 HTTP/1.1" 200 7504 "https://example.com/" "Mozilla/5.0 (Windows NT 10.0; Win64; x64) AppleWebKit/537.36 (KHTML, like Gecko) Chrome/130.0.0.0 Safari/537.36 Edg/130.0.0.0"
221.147.38.9 - - [18/Nov/2024:16:31:38 +0900] "GET /wp-includes/js/jquery/ui/core.min.js?m=1721186539 HTTP/1.1" 200 7775 "https://example.com/" "Mozilla/5.0 (Windows NT 10.0; Win64; x64) AppleWebKit/537.36 (KHTML, like Gecko) Chrome/130.0.0.0 Safari/537.36 Edg/130.0.0.0"
221.147.38.9 - - [18/Nov/2024:16:31:38 +0900] "GET /wp-includes/js/dist/i18n.min.js?ver=5e580eb46a90c2b997e6 HTTP/1.1" 200 3866 "https://example.com/" "Mozilla/5.0 (Windows NT 10.0; Win64; x64) AppleWebKit/537.36 (KHTML, like Gecko) Chrome/130.0.0.0 Safari/537.36 Edg/130.0.0.0"
221.147.38.9 - - [18/Nov/2024:16:31:38 +0900] "GET /wp-content/plugins/neve-pro-addon/includes/modules/elementor_booster/assets/js/track.js?m=1730215403 HTTP/1.1" 200 453 "https://example.com/" "Mozilla/5.0 (Windows NT 10.0; Win64; x64) AppleWebKit/537.36 (KHTML, like Gecko) Chrome/130.0.0.0 Safari/537.36 Edg/130.0.0.0"
221.147.38.9 - - [18/Nov/2024:16:31:37 +0900] "GET /wp-includes/js/jquery/jquery-migrate.min.js?m=1691551340 HTTP/1.1" 200 5219 "https://example.com/" "Mozilla/5.0 (Windows NT 10.0; Win64; x64) AppleWebKit/537.36 (KHTML, like Gecko) Chrome/130.0.0.0 Safari/537.36 Edg/130.0.0.0"
221.147.38.9 - - [18/Nov/2024:16:31:37 +0900] "GET /wp-includes/js/jquery/jquery.min.js?ver=3.7.1 HTTP/1.1" 200 34263 "https://example.com/" "Mozilla/5.0 (Windows NT 10.0; Win64; x64) AppleWebKit/537.36 (KHTML, like Gecko) Chrome/130.0.0.0 Safari/537.36 Edg/130.0.0.0"
221.147.38.9 - - [18/Nov/2024:16:31:37 +0900] "GET / HTTP/1.1" 200 35568 "https://www.bing.com/" "Mozilla/5.0 (Windows NT 10.0; Win64; x64) AppleWebKit/537.36 (KHTML, like Gecko) Chrome/130.0.0.0 Safari/537.36 Edg/130.0.0.0"
157.55.39.49 - - [18/Nov/2024:16:31:34 +0900] "GET /archives/20924 HTTP/1.1" 200 33583 "-" "Mozilla/5.0 AppleWebKit/537.36 (KHTML, like Gecko; compatible; bingbot/2.0; +http://www.bing.com/bingbot.htm) Chrome/116.0.1938.76 Safari/537.36"
157.55.39.49 - - [18/Nov/2024:16:31:32 +0900] "GET /archives/27555 HTTP/1.1" 200 33752 "-" "Mozilla/5.0 AppleWebKit/537.36 (KHTML, like Gecko; compatible; bingbot/2.0; +http://www.bing.com/bingbot.htm) Chrome/116.0.1938.76 Safari/537.36"
34.64.82.68 - - [18/Nov/2024:16:30:39 +0900] "GET /robots.txt HTTP/1.1" 200 205 "-" "Mozilla/5.0 (compatible; Googlebot/2.1; +http://www.google.com/bot.html)"
34.64.82.74 - - [18/Nov/2024:16:29:33 +0900] "GET /robots.txt HTTP/1.1" 200 205 "-" "Mozilla/5.0 (compatible; Googlebot/2.1; +http://www.google.com/bot.html)"
118.235.4.158 - - [18/Nov/2024:16:29:30 +0900] "GET /favicon.ico HTTP/1.1" 200 36152 "https://example.com/" "Mozilla/5.0 (Linux; Android 14; SM-A135N Build/UP1A.231005.007; wv) AppleWebKit/537.36 (KHTML, like Gecko) Version/4.0 Chrome/130.0.6723.107 Mobile Safari/537.36 DaumApps/7.5.0 DaumDevice/mobile"
118.235.4.158 - - [18/Nov/2024:16:29:29 +0900] "GET /wp-content/plugins/elementor/assets/lib/swiper/v8/swiper.min.js?ver=8.4.5 HTTP/1.1" 200 46188 "https://example.com/" "Mozilla/5.0 (Linux; Android 14; SM-A135N Build/UP1A.231005.007; wv) AppleWebKit/537.36 (KHTML, like Gecko) Version/4.0 Chrome/130.0.6723.107 Mobile Safari/537.36 DaumApps/7.5.0 DaumDevice/mobile"
118.235.4.158 - - [18/Nov/2024:16:29:29 +0900] "GET /wp-content/plugins/elementor-pro/assets/js/posts.aec59265318492b89cb5.bundle.min.js HTTP/1.1" 200 1345 "https://example.com/" "Mozilla/5.0 (Linux; Android 14; SM-A135N Build/UP1A.231005.007; wv) AppleWebKit/537.36 (KHTML, like Gecko) Version/4.0 Chrome/130.0.6723.107 Mobile Safari/537.36 DaumApps/7.5.0 DaumDevice/mobile"
118.235.4.158 - - [18/Nov/2024:16:29:29 +0900] "GET /wp-content/plugins/elementor-pro/assets/js/load-more.8b46f464e573feab5dd7.bundle.min.js HTTP/1.1" 200 1715 "https://example.com/" "Mozilla/5.0 (Linux; Android 14; SM-A135N Build/UP1A.231005.007; wv) AppleWebKit/537.36 (KHTML, like Gecko) Version/4.0 Chrome/130.0.6723.107 Mobile Safari/537.36 DaumApps/7.5.0 DaumDevice/mobile"
118.235.4.158 - - [18/Nov/2024:16:29:29 +0900] "GET /wp-content/plugins/elementor-pro/assets/js/slides.c0029640cbdb48199471.bundle.min.js HTTP/1.1" 200 1562 "https://example.com/" "Mozilla/5.0 (Linux; Android 14; SM-A135N Build/UP1A.231005.007; wv) AppleWebKit/537.36 (KHTML, like Gecko) Version/4.0 Chrome/130.0.6723.107 Mobile Safari/537.36 DaumApps/7.5.0 DaumDevice/mobile"
118.235.4.158 - - [18/Nov/2024:16:29:27 +0900] "GET /wp-content/plugins/elementor/assets/lib/font-awesome/webfonts/fa-solid-900.woff2 HTTP/1.1" 200 78196 "https://example.com/_jb_static/??-eJytVMtOwzAQ/BtOuFZoUcuh4swHcI4ce5sa+SWvk6h/z+bR0ggaSEou0XpnZ2e9I/MmMO2kqRQg/0BuQWkBBiy4NAqCESeIzEAp5GlltVtJxEc+VU6563hUJL1LLSYdKYfcQQ0c08kAs0I75qD5ER5MVWrX41mIngmlvOMXCdarytC/ML7MKc8FIiTsqScZB5E+nkuMLjhogiGnmq88687mcbUEh9ih1HwV2OgAkde7jqeP5vcnkNJJeycMIdgETRWMF+qapq0PHhPLdtlm/XtfdnX133oHH6pw13YvffLCkyoYzblw1cJpK1qJAwMtTCh4c+/TUm+O3GhVQmJoNCm/i0IKY1iiy5CtvGVUowWkKBx20QIbD6KUrmmwP9rwxmCto5YrwCDkfAM/bbebl8XGOwJ5IuYH78l0eRm1uvOBORCIiQbQW+hfCToY4n9gQ0/2O/O82n22XWfP9GXZgyz22Sd6zUZn" "Mozilla/5.0 (Linux; Android 14; SM-A135N Build/UP1A.231005.007; wv) AppleWebKit/537.36 (KHTML, like Gecko) Version/4.0 Chrome/130.0.6723.107 Mobile Safari/537.36 DaumApps/7.5.0 DaumDevice/mobile"
118.235.4.158 - - [18/Nov/2024:16:29:27 +0900] "GET /wp-content/plugins/elementor/assets/lib/eicons/fonts/eicons.woff2?5.32.0 HTTP/1.1" 200 98472 "https://example.com/_jb_static/??-eJytVMtOwzAQ/BtOuFZoUcuh4swHcI4ce5sa+SWvk6h/z+bR0ggaSEou0XpnZ2e9I/MmMO2kqRQg/0BuQWkBBiy4NAqCESeIzEAp5GlltVtJxEc+VU6563hUJL1LLSYdKYfcQQ0c08kAs0I75qD5ER5MVWrX41mIngmlvOMXCdarytC/ML7MKc8FIiTsqScZB5E+nkuMLjhogiGnmq88687mcbUEh9ih1HwV2OgAkde7jqeP5vcnkNJJeycMIdgETRWMF+qapq0PHhPLdtlm/XtfdnX133oHH6pw13YvffLCkyoYzblw1cJpK1qJAwMtTCh4c+/TUm+O3GhVQmJoNCm/i0IKY1iiy5CtvGVUowWkKBx20QIbD6KUrmmwP9rwxmCto5YrwCDkfAM/bbebl8XGOwJ5IuYH78l0eRm1uvOBORCIiQbQW+hfCToY4n9gQ0/2O/O82n22XWfP9GXZgyz22Sd6zUZn" "Mozilla/5.0 (Linux; Android 14; SM-A135N Build/UP1A.231005.007; wv) AppleWebKit/537.36 (KHTML, like Gecko) Version/4.0 Chrome/130.0.6723.107 Mobile Safari/537.36 DaumApps/7.5.0 DaumDevice/mobile"
118.235.4.158 - - [18/Nov/2024:16:29:27 +0900] "GET /_jb_static/??-eJytVMtOwzAQ/BtOuFZoUcuh4swHcI4ce5sa+SWvk6h/z+bR0ggaSEou0XpnZ2e9I/MmMO2kqRQg/0BuQWkBBiy4NAqCESeIzEAp5GlltVtJxEc+VU6563hUJL1LLSYdKYfcQQ0c08kAs0I75qD5ER5MVWrX41mIngmlvOMXCdarytC/ML7MKc8FIiTsqScZB5E+nkuMLjhogiGnmq88687mcbUEh9ih1HwV2OgAkde7jqeP5vcnkNJJeycMIdgETRWMF+qapq0PHhPLdtlm/XtfdnX133oHH6pw13YvffLCkyoYzblw1cJpK1qJAwMtTCh4c+/TUm+O3GhVQmJoNCm/i0IKY1iiy5CtvGVUowWkKBx20QIbD6KUrmmwP9rwxmCto5YrwCDkfAM/bbebl8XGOwJ5IuYH78l0eRm1uvOBORCIiQbQW+hfCToY4n9gQ0/2O/O82n22XWfP9GXZgyz22Sd6zUZn HTTP/1.1" 200 67181 "https://example.com/" "Mozilla/5.0 (Linux; Android 14; SM-A135N Build/UP1A.231005.007; wv) AppleWebKit/537.36 (KHTML, like Gecko) Version/4.0 Chrome/130.0.6723.107 Mobile Safari/537.36 DaumApps/7.5.0 DaumDevice/mobile"
118.235.4.158 - - [18/Nov/2024:16:29:27 +0900] "GET /_jb_static/??-eJyVjMEOgjAQBf/Gk2VTJRoOxG8p5QWr3W3DtvD7QoKJV68zmaE1G5+kQAqVJxhKggXkVFGUvCoxJmcYUhsO0mzkTD9RjnUKovRCyc6/idNY43bxbk5VEUnXkDGbocoY8X9+CPMF++HBvb1fbXtpu1t38kNvP39gSas= HTTP/1.1" 200 8500 "https://example.com/" "Mozilla/5.0 (Linux; Android 14; SM-A135N Build/UP1A.231005.007; wv) AppleWebKit/537.36 (KHTML, like Gecko) Version/4.0 Chrome/130.0.6723.107 Mobile Safari/537.36 DaumApps/7.5.0 DaumDevice/mobile"
118.235.4.158 - - [18/Nov/2024:16:29:26 +0900] "GET /wp-content/themes/neve/assets/js/build/modern/frontend.js?ver=3.8.13 HTTP/1.1" 200 2937 "https://example.com/" "Mozilla/5.0 (Linux; Android 14; SM-A135N Build/UP1A.231005.007; wv) AppleWebKit/537.36 (KHTML, like Gecko) Version/4.0 Chrome/130.0.6723.107 Mobile Safari/537.36 DaumApps/7.5.0 DaumDevice/mobile"
118.235.4.158 - - [18/Nov/2024:16:29:26 +0900] "GET /wp-content/plugins/elementor-pro/assets/js/elements-handlers.min.js?ver=3.25.3 HTTP/1.1" 200 11515 "https://example.com/" "Mozilla/5.0 (Linux; Android 14; SM-A135N Build/UP1A.231005.007; wv) AppleWebKit/537.36 (KHTML, like Gecko) Version/4.0 Chrome/130.0.6723.107 Mobile Safari/537.36 DaumApps/7.5.0 DaumDevice/mobile"
118.235.4.158 - - [18/Nov/2024:16:29:26 +0900] "GET /wp-content/plugins/elementor/assets/js/frontend.min.js?ver=3.25.6 HTTP/1.1" 200 15001 "https://example.com/" "Mozilla/5.0 (Linux; Android 14; SM-A135N Build/UP1A.231005.007; wv) AppleWebKit/537.36 (KHTML, like Gecko) Version/4.0 Chrome/130.0.6723.107 Mobile Safari/537.36 DaumApps/7.5.0 DaumDevice/mobile"
118.235.4.158 - - [18/Nov/2024:16:29:26 +0900] "GET /wp-includes/js/jquery/ui/core.min.js?m=1721186539 HTTP/1.1" 200 7775 "https://example.com/" "Mozilla/5.0 (Linux; Android 14; SM-A135N Build/UP1A.231005.007; wv) AppleWebKit/537.36 (KHTML, like Gecko) Version/4.0 Chrome/130.0.6723.107 Mobile Safari/537.36 DaumApps/7.5.0 DaumDevice/mobile"
118.235.4.158 - - [18/Nov/2024:16:29:26 +0900] "GET /wp-content/plugins/elementor-pro/assets/js/frontend.min.js?ver=3.25.3 HTTP/1.1" 200 7504 "https://example.com/" "Mozilla/5.0 (Linux; Android 14; SM-A135N Build/UP1A.231005.007; wv) AppleWebKit/537.36 (KHTML, like Gecko) Version/4.0 Chrome/130.0.6723.107 Mobile Safari/537.36 DaumApps/7.5.0 DaumDevice/mobile"
118.235.4.158 - - [18/Nov/2024:16:29:26 +0900] "GET /wp-includes/js/dist/i18n.min.js?ver=5e580eb46a90c2b997e6 HTTP/1.1" 200 3866 "https://example.com/" "Mozilla/5.0 (Linux; Android 14; SM-A135N Build/UP1A.231005.007; wv) AppleWebKit/537.36 (KHTML, like Gecko) Version/4.0 Chrome/130.0.6723.107 Mobile Safari/537.36 DaumApps/7.5.0 DaumDevice/mobile"
118.235.4.158 - - [18/Nov/2024:16:29:26 +0900] "GET /_jb_static/??-eJydkMsKAjEMRf/GlZ04+FqJnyKdJmrHNhmaVn/fKo4IKoirSx73JFy4DMYJZ+IMQygHzwpMZzJDEmMRhcGzCwVJIQqWUPVIFint9iK5yiF5BKtKWaFX6IoPCPtUmYYYm16n8OFGT3mw7gS7Sn94nE1SlMI4M2OjiZ6/cShQrLWk28Mvb1youzNqt0mFs4/0E+Yd8a/9HkFNwDxie/U/I6176DXDUeQ0bmzjpl3P2+VysZqtJ67btFd/553/ HTTP/1.1" 200 32746 "https://example.com/" "Mozilla/5.0 (Linux; Android 14; SM-A135N Build/UP1A.231005.007; wv) AppleWebKit/537.36 (KHTML, like Gecko) Version/4.0 Chrome/130.0.6723.107 Mobile Safari/537.36 DaumApps/7.5.0 DaumDevice/mobile"
118.235.4.158 - - [18/Nov/2024:16:29:26 +0900] "GET /_jb_static/wp-content/plugins/neve-pro-addon/includes/modules/scroll_to_top/assets/js/build/script.js,/wp-includes/js/imagesloaded.min.js?m=1730215403&cb=1 HTTP/1.1" 200 2488 "https://example.com/" "Mozilla/5.0 (Linux; Android 14; SM-A135N Build/UP1A.231005.007; wv) AppleWebKit/537.36 (KHTML, like Gecko) Version/4.0 Chrome/130.0.6723.107 Mobile Safari/537.36 DaumApps/7.5.0 DaumDevice/mobile"
118.235.4.158 - - [18/Nov/2024:16:29:26 +0900] "GET /wp-content/plugins/neve-pro-addon/includes/modules/elementor_booster/assets/js/track.js?m=1730215403 HTTP/1.1" 200 453 "https://example.com/" "Mozilla/5.0 (Linux; Android 14; SM-A135N Build/UP1A.231005.007; wv) AppleWebKit/537.36 (KHTML, like Gecko) Version/4.0 Chrome/130.0.6723.107 Mobile Safari/537.36 DaumApps/7.5.0 DaumDevice/mobile"
118.235.4.158 - - [18/Nov/2024:16:29:26 +0900] "GET /wp-includes/js/jquery/jquery-migrate.min.js?m=1691551340 HTTP/1.1" 200 5219 "https://example.com/" "Mozilla/5.0 (Linux; Android 14; SM-A135N Build/UP1A.231005.007; wv) AppleWebKit/537.36 (KHTML, like Gecko) Version/4.0 Chrome/130.0.6723.107 Mobile Safari/537.36 DaumApps/7.5.0 DaumDevice/mobile"
118.235.4.158 - - [18/Nov/2024:16:29:26 +0900] "GET /wp-includes/js/jquery/jquery.min.js?ver=3.7.1 HTTP/1.1" 200 34263 "https://example.com/" "Mozilla/5.0 (Linux; Android 14; SM-A135N Build/UP1A.231005.007; wv) AppleWebKit/537.36 (KHTML, like Gecko) Version/4.0 Chrome/130.0.6723.107 Mobile Safari/537.36 DaumApps/7.5.0 DaumDevice/mobile"
118.235.4.158 - - [18/Nov/2024:16:29:26 +0900] "GET / HTTP/1.1" 200 35568 "https://m.search.daum.net/search?w=tot&q=MASKED-STRING&f=androidapp&DN=ADDA&sq=MASKED-STRING&o=8&sugo=10&enc_all=utf8&DA=UME" "Mozilla/5.0 (Linux; Android 14; SM-A135N Build/UP1A.231005.007; wv) AppleWebKit/537.36 (KHTML, like Gecko) Version/4.0 Chrome/130.0.6723.107 Mobile Safari/537.36 DaumApps/7.5.0 DaumDevice/mobile"
157.55.39.49 - - [18/Nov/2024:16:29:10 +0900] "GET /archives/tag/MASKED-STRING HTTP/1.1" 200 20477 "-" "Mozilla/5.0 AppleWebKit/537.36 (KHTML, like Gecko; compatible; bingbot/2.0; +http://www.bing.com/bingbot.htm) Chrome/116.0.1938.76 Safari/537.36"
192.0.86.187 - - [18/Nov/2024:16:28:44 +0900] "GET /wp-content/uploads/2020/02/notice_01_20020225-scaled.jpg HTTP/1.1" 200 494792 "-" "Photon/1.0"
40.77.167.51 - - [18/Nov/2024:16:28:36 +0900] "GET /archives/tag/MASKED-STRING HTTP/1.1" 200 20255 "-" "Mozilla/5.0 AppleWebKit/537.36 (KHTML, like Gecko; compatible; bingbot/2.0; +http://www.bing.com/bingbot.htm) Chrome/116.0.1938.76 Safari/537.36"
157.55.39.49 - - [18/Nov/2024:16:27:30 +0900] "GET /archives/tag/MASKED-STRING HTTP/1.1" 200 20234 "-" "Mozilla/5.0 AppleWebKit/537.36 (KHTML, like Gecko; compatible; bingbot/2.0; +http://www.bing.com/bingbot.htm) Chrome/116.0.1938.76 Safari/537.36"
40.77.167.51 - - [18/Nov/2024:16:27:26 +0900] "GET /archives/tag/MASKED-STRING HTTP/1.1" 200 20154 "-" "Mozilla/5.0 AppleWebKit/537.36 (KHTML, like Gecko; compatible; bingbot/2.0; +http://www.bing.com/bingbot.htm) Chrome/116.0.1938.76 Safari/537.36"
34.64.82.78 - - [18/Nov/2024:16:27:09 +0900] "GET /robots.txt HTTP/1.1" 200 205 "-" "Mozilla/5.0 (compatible; Googlebot/2.1; +http://www.google.com/bot.html)"
207.46.13.116 - - [18/Nov/2024:16:26:18 +0900] "GET /archives/tag/MASKED-STRING HTTP/1.1" 200 22814 "-" "Mozilla/5.0 AppleWebKit/537.36 (KHTML, like Gecko; compatible; bingbot/2.0; +http://www.bing.com/bingbot.htm) Chrome/116.0.1938.76 Safari/537.36"
216.244.66.234 - - [18/Nov/2024:16:26:17 +0900] "GET /robots.txt HTTP/1.1" 200 244 "-" "Mozilla/5.0 (compatible; DotBot/1.2; +https://opensiteexplorer.org/dotbot; help@moz.com)"
216.244.66.234 - - [18/Nov/2024:16:26:16 +0900] "GET /robots.txt HTTP/1.1" 301 162 "-" "Mozilla/5.0 (compatible; DotBot/1.2; +https://opensiteexplorer.org/dotbot; help@moz.com)"
34.64.82.78 - - [18/Nov/2024:16:25:56 +0900] "GET /robots.txt HTTP/1.1" 200 205 "-" "Mozilla/5.0 (compatible; Googlebot/2.1; +http://www.google.com/bot.html)"
112.165.235.75 - - [18/Nov/2024:16:25:50 +0900] "GET /favicon.ico HTTP/1.1" 200 36152 "https://example.com/archives/7664" "Mozilla/5.0 (Windows NT 10.0; Win64; x64) AppleWebKit/537.36 (KHTML, like Gecko) Chrome/131.0.0.0 Safari/537.36 Edg/131.0.0.0"
112.165.235.75 - - [18/Nov/2024:16:25:50 +0900] "GET /wp-content/plugins/powerpress/images/modern_icon_sprite_2024.svg HTTP/1.1" 404 19334 "https://example.com/archives/7664" "Mozilla/5.0 (Windows NT 10.0; Win64; x64) AppleWebKit/537.36 (KHTML, like Gecko) Chrome/131.0.0.0 Safari/537.36 Edg/131.0.0.0"
112.165.235.75 - - [18/Nov/2024:16:25:50 +0900] "GET /wp-includes/js/wp-emoji-release.min.js?ver=6.7 HTTP/1.1" 200 5684 "https://example.com/archives/7664" "Mozilla/5.0 (Windows NT 10.0; Win64; x64) AppleWebKit/537.36 (KHTML, like Gecko) Chrome/131.0.0.0 Safari/537.36 Edg/131.0.0.0"
112.165.235.75 - - [18/Nov/2024:16:25:50 +0900] "GET /wp-content/plugins/powerpress/images/modern_icon_sprite_2024_2.svg HTTP/1.1" 200 12022 "https://example.com/_jb_static/??-eJyVjkEOwiAURG/jSvpTbTRdNJ4F6KSi8CF8KNe3iTZx48Ltm7yXoZaUjVzAhcodAUKMFaRFUISsCAUsWgVw7YLjbiNH+pKSr4tjoQdK0vZJIc7VbxWrc6wCT9JcQlam8uzxv/4Z1A5+FlJsyClD3q+lGrHZGajm5gVlP38LU38998NpGC/jwZqpfwEe+mDS" "Mozilla/5.0 (Windows NT 10.0; Win64; x64) AppleWebKit/537.36 (KHTML, like Gecko) Chrome/131.0.0.0 Safari/537.36 Edg/131.0.0.0"
112.165.235.75 - - [18/Nov/2024:16:25:50 +0900] "GET /_jb_static/??-eJyVT8sKwjAQ/BtPpkutqJfip0iarG10synZ1NK/N1KQFnrQ0zDMgxkYe+XY0GBRwIiAdZKgoWCeilwTdZxA0kRYeMdFNuxhmXgIeLROI6FHTivSk54wKsJWm+m3eNaWfBUygdPHk7qsCTC+cF6mvHasGMdNe09D63j2qz4Gpa0NDN8JPtiBMubL7S3roEUwycbpfxs71Bbj7R5CytBGZze7r74uz1V5PF3KQ7UzTV2+ASWYl14= HTTP/1.1" 200 34661 "https://example.com/archives/7664" "Mozilla/5.0 (Windows NT 10.0; Win64; x64) AppleWebKit/537.36 (KHTML, like Gecko) Chrome/131.0.0.0 Safari/537.36 Edg/131.0.0.0"
112.165.235.75 - - [18/Nov/2024:16:25:50 +0900] "GET /_jb_static/??-eJyVjkEOwiAURG/jSvpTbTRdNJ4F6KSi8CF8KNe3iTZx48Ltm7yXoZaUjVzAhcodAUKMFaRFUISsCAUsWgVw7YLjbiNH+pKSr4tjoQdK0vZJIc7VbxWrc6wCT9JcQlam8uzxv/4Z1A5+FlJsyClD3q+lGrHZGajm5gVlP38LU38998NpGC/jwZqpfwEe+mDS HTTP/1.1" 200 10242 "https://example.com/archives/7664" "Mozilla/5.0 (Windows NT 10.0; Win64; x64) AppleWebKit/537.36 (KHTML, like Gecko) Chrome/131.0.0.0 Safari/537.36 Edg/131.0.0.0"
112.165.235.75 - - [18/Nov/2024:16:25:50 +0900] "GET /_jb_static/??-eJx1jUEOgjAQRW/jyjI2GF0Rj0JKZ8BCOyWdVq9vI7DT1c//k3kP3quykTNxhtWXybEA04vUmqIyiJHBsfUFSSBELL7mkwxS6scYc40pOQQjQllgFhiK8whjqkxFjM0sZ/jhmCmvxi7QV/r+Y02KRcgfN3UMTXD8j2MWJ4HyxtmL+to3+SN0+t7qS3vT+nqyQ6c/0J5Z1g== HTTP/1.1" 200 10932 "https://example.com/archives/7664" "Mozilla/5.0 (Windows NT 10.0; Win64; x64) AppleWebKit/537.36 (KHTML, like Gecko) Chrome/131.0.0.0 Safari/537.36 Edg/131.0.0.0"
112.165.235.75 - - [18/Nov/2024:16:25:50 +0900] "GET /_jb_static/wp-includes/js/comment-reply.min.js,/wp-content/plugins/neve-pro-addon/includes/modules/scroll_to_top/assets/js/build/script.js?m=1731468123&cb=1 HTTP/1.1" 200 1927 "https://example.com/archives/7664" "Mozilla/5.0 (Windows NT 10.0; Win64; x64) AppleWebKit/537.36 (KHTML, like Gecko) Chrome/131.0.0.0 Safari/537.36 Edg/131.0.0.0"
112.165.235.75 - - [18/Nov/2024:16:25:50 +0900] "GET /wp-content/themes/neve/assets/js/build/modern/frontend.js?ver=3.8.13 HTTP/1.1" 200 2937 "https://example.com/archives/7664" "Mozilla/5.0 (Windows NT 10.0; Win64; x64) AppleWebKit/537.36 (KHTML, like Gecko) Chrome/131.0.0.0 Safari/537.36 Edg/131.0.0.0"
112.165.235.75 - - [18/Nov/2024:16:25:50 +0900] "GET /wp-content/plugins/neve-pro-addon/includes/modules/elementor_booster/assets/js/track.js?m=1730215403 HTTP/1.1" 200 453 "https://example.com/archives/7664" "Mozilla/5.0 (Windows NT 10.0; Win64; x64) AppleWebKit/537.36 (KHTML, like Gecko) Chrome/131.0.0.0 Safari/537.36 Edg/131.0.0.0"
112.165.235.75 - - [18/Nov/2024:16:25:50 +0900] "GET /wp-includes/js/jquery/jquery.min.js?ver=3.7.1 HTTP/1.1" 200 34263 "https://example.com/archives/7664" "Mozilla/5.0 (Windows NT 10.0; Win64; x64) AppleWebKit/537.36 (KHTML, like Gecko) Chrome/131.0.0.0 Safari/537.36 Edg/131.0.0.0"
112.165.235.75 - - [18/Nov/2024:16:25:50 +0900] "GET /wp-includes/js/jquery/jquery-migrate.min.js?m=1691551340 HTTP/1.1" 200 5219 "https://example.com/archives/7664" "Mozilla/5.0 (Windows NT 10.0; Win64; x64) AppleWebKit/537.36 (KHTML, like Gecko) Chrome/131.0.0.0 Safari/537.36 Edg/131.0.0.0"
112.165.235.75 - - [18/Nov/2024:16:25:50 +0900] "GET /archives/7664 HTTP/1.1" 200 35857 "https://www.google.com/" "Mozilla/5.0 (Windows NT 10.0; Win64; x64) AppleWebKit/537.36 (KHTML, like Gecko) Chrome/131.0.0.0 Safari/537.36 Edg/131.0.0.0"
198.235.24.153 - - [18/Nov/2024:16:25:44 +0900] "\x16\x03\x01\x00\xEE\x01\x00\x00\xEA\x03\x03\xE0\xB3" 400 150 "-" "-"
198.235.24.153 - - [18/Nov/2024:16:25:44 +0900] "\x16\x03\x01\x00\xCA\x01\x00\x00\xC6\x03\x03\xE9\xFD?\xBC\xED\xF8\xA1\x22\xBA\xBB\xA4\xBF\x86\xBD\xD5\xBDW\xBF\xCBKP\x8F\xEB\x13\xF4\xBE\x0B\x15z\xB2>8\x00\x00h\xCC\x14\xCC\x13\xC0/\xC0+\xC00\xC0,\xC0\x11\xC0\x07\xC0'\xC0#\xC0\x13\xC0\x09\xC0(\xC0$\xC0\x14\xC0" 400 150 "-" "-"
40.77.167.51 - - [18/Nov/2024:16:25:36 +0900] "GET /archives/tag/MASKED-STRING HTTP/1.1" 200 20106 "-" "Mozilla/5.0 AppleWebKit/537.36 (KHTML, like Gecko; compatible; bingbot/2.0; +http://www.bing.com/bingbot.htm) Chrome/116.0.1938.76 Safari/537.36"
