220.121.45.42 - - [18/Nov/2024:15:02:21 +0900] "GET /wp-content/plugins/elementor-pro/assets/js/elements-handlers.min.js?ver=3.25.3 HTTP/1.1" 200 11515 "https://example.com/" "Mozilla/5.0 (Windows NT 10.0; Win64; x64) AppleWebKit/537.36 (KHTML, like Gecko) Chrome/129.0.0.0 Safari/537.36 Edg/129.0.0.0"
115.94.137.93 - - [18/Nov/2024:15:02:21 +0900] "GET /_jb_static/??-eJytVMtOwzAQ/BtOuFZoUcuh4swHcI4ce5sa+SWvk6h/z+bR0ggaSEou0XpnZ2e9I/MmMO2kqRQg/0BuQWkBBiy4NAqCESeIzEAp5GlltVtJxEc+VU6563hUJL1LLSYdKYfcQQ0c08kAs0I75qD5ER5MVWrX41mIngmlvOMXCdarytC/ML7MKc8FIiTsqScZB5E+nkuMLjhogiGnmq88687mcbUEh9ih1HwV2OgAkde7jqeP5vcnkNJJeycMIdgETRWMF+qapq0PHhPLdtlm/XtfdnX133oHH6pw13YvffLCkyoYzblw1cJpK1qJAwMtTCh4c+/TUm+O3GhVQmJoNCm/i0IKY1iiy5CtvGVUowWkKBx20QIbD6KUrmmwP9rwxmCto5YrwCDkfAM/bbebl8XGOwJ5IuYH78l0eRm1uvOBORCIiQbQW+hfCToY4n9gQ0/2O/O82n22XWfP9GXZgyz22Sd6zUZn HTTP/1.1" 200 67181 "https://example.com/" "Mozilla/5.0 (Windows NT 10.0; Win64; x64) AppleWebKit/537.36 (KHTML, like Gecko) Chrome/128.0.0.0 Whale/3.28.266.14 Safari/537.36"
115.94.137.93 - - [18/Nov/2024:15:02:21 +0900] "GET /_jb_static/??-eJyVjMEOgjAQBf/Gk2VTJRoOxG8p5QWr3W3DtvD7QoKJV68zmaE1G5+kQAqVJxhKggXkVFGUvCoxJmcYUhsO0mzkTD9RjnUKovRCyc6/idNY43bxbk5VEUnXkDGbocoY8X9+CPMF++HBvb1fbXtpu1t38kNvP39gSas= HTTP/1.1" 200 8500 "https://example.com/" "Mozilla/5.0 (Windows NT 10.0; Win64; x64) AppleWebKit/537.36 (KHTML, like Gecko) Chrome/128.0.0.0 Whale/3.28.266.14 Safari/537.36"
115.94.137.93 - - [18/Nov/2024:15:02:21 +0900] "GET /wp-content/themes/neve/assets/js/build/modern/frontend.js?ver=3.8.13 HTTP/1.1" 200 2937 "https://example.com/" "Mozilla/5.0 (Windows NT 10.0; Win64; x64) AppleWebKit/537.36 (KHTML, like Gecko) Chrome/128.0.0.0 Whale/3.28.266.14 Safari/537.36"
220.121.45.42 - - [18/Nov/2024:15:02:21 +0900] "GET /_jb_static/??-eJydkMsKAjEMRf/GlZ04+FqJnyKdJmrHNhmaVn/fKo4IKoirSx73JFy4DMYJZ+IMQygHzwpMZzJDEmMRhcGzCwVJIQqWUPVIFint9iK5yiF5BKtKWaFX6IoPCPtUmYYYm16n8OFGT3mw7gS7Sn94nE1SlMI4M2OjiZ6/cShQrLWk28Mvb1youzNqt0mFs4/0E+Yd8a/9HkFNwDxie/U/I6176DXDUeQ0bmzjpl3P2+VysZqtJ67btFd/553/ HTTP/1.1" 200 32746 "https://example.com/" "Mozilla/5.0 (Windows NT 10.0; Win64; x64) AppleWebKit/537.36 (KHTML, like Gecko) Chrome/129.0.0.0 Safari/537.36 Edg/129.0.0.0"
115.94.137.93 - - [18/Nov/2024:15:02:21 +0900] "GET /_jb_static/??-eJydkMsKAjEMRf/GlZ04+FqJnyKdJmrHNhmaVn/fKo4IKoirSx73JFy4DMYJZ+IMQygHzwpMZzJDEmMRhcGzCwVJIQqWUPVIFint9iK5yiF5BKtKWaFX6IoPCPtUmYYYm16n8OFGT3mw7gS7Sn94nE1SlMI4M2OjiZ6/cShQrLWk28Mvb1youzNqt0mFs4/0E+Yd8a/9HkFNwDxie/U/I6176DXDUeQ0bmzjpl3P2+VysZqtJ67btFd/553/ HTTP/1.1" 200 32746 "https://example.com/" "Mozilla/5.0 (Windows NT 10.0; Win64; x64) AppleWebKit/537.36 (KHTML, like Gecko) Chrome/128.0.0.0 Whale/3.28.266.14 Safari/537.36"
115.94.137.93 - - [18/Nov/2024:15:02:21 +0900] "GET /_jb_static/wp-content/plugins/neve-pro-addon/includes/modules/scroll_to_top/assets/js/build/script.js,/wp-includes/js/imagesloaded.min.js?m=1730215403&cb=1 HTTP/1.1" 200 2488 "https://example.com/" "Mozilla/5.0 (Windows NT 10.0; Win64; x64) AppleWebKit/537.36 (KHTML, like Gecko) Chrome/128.0.0.0 Whale/3.28.266.14 Safari/537.36"
220.121.45.42 - - [18/Nov/2024:15:02:21 +0900] "GET /wp-content/plugins/elementor/assets/js/frontend.min.js?ver=3.25.6 HTTP/1.1" 200 15001 "https://example.com/" "Mozilla/5.0 (Windows NT 10.0; Win64; x64) AppleWebKit/537.36 (KHTML, like Gecko) Chrome/129.0.0.0 Safari/537.36 Edg/129.0.0.0"
115.94.137.93 - - [18/Nov/2024:15:02:21 +0900] "GET /wp-content/plugins/elementor-pro/assets/js/elements-handlers.min.js?ver=3.25.3 HTTP/1.1" 200 11515 "https://example.com/" "Mozilla/5.0 (Windows NT 10.0; Win64; x64) AppleWebKit/537.36 (KHTML, like Gecko) Chrome/128.0.0.0 Whale/3.28.266.14 Safari/537.36"
115.94.137.93 - - [18/Nov/2024:15:02:21 +0900] "GET /wp-content/plugins/elementor/assets/js/frontend.min.js?ver=3.25.6 HTTP/1.1" 200 15001 "https://example.com/" "Mozilla/5.0 (Windows NT 10.0; Win64; x64) AppleWebKit/537.36 (KHTML, like Gecko) Chrome/128.0.0.0 Whale/3.28.266.14 Safari/537.36"
115.94.137.93 - - [18/Nov/2024:15:02:21 +0900] "GET /wp-includes/js/jquery/ui/core.min.js?m=1721186539 HTTP/1.1" 200 7775 "https://example.com/" "Mozilla/5.0 (Windows NT 10.0; Win64; x64) AppleWebKit/537.36 (KHTML, like Gecko) Chrome/128.0.0.0 Whale/3.28.266.14 Safari/537.36"
115.94.137.93 - - [18/Nov/2024:15:02:21 +0900] "GET /wp-content/plugins/elementor-pro/assets/js/frontend.min.js?ver=3.25.3 HTTP/1.1" 200 7504 "https://example.com/" "Mozilla/5.0 (Windows NT 10.0; Win64; x64) AppleWebKit/537.36 (KHTML, like Gecko) Chrome/128.0.0.0 Whale/3.28.266.14 Safari/537.36"
220.121.45.42 - - [18/Nov/2024:15:02:21 +0900] "GET /wp-includes/js/jquery/ui/core.min.js?m=1721186539 HTTP/1.1" 200 7775 "https://example.com/" "Mozilla/5.0 (Windows NT 10.0; Win64; x64) AppleWebKit/537.36 (KHTML, like Gecko) Chrome/129.0.0.0 Safari/537.36 Edg/129.0.0.0"
115.94.137.93 - - [18/Nov/2024:15:02:21 +0900] "GET /wp-includes/js/dist/i18n.min.js?ver=5e580eb46a90c2b997e6 HTTP/1.1" 200 3866 "https://example.com/" "Mozilla/5.0 (Windows NT 10.0; Win64; x64) AppleWebKit/537.36 (KHTML, like Gecko) Chrome/128.0.0.0 Whale/3.28.266.14 Safari/537.36"
115.94.137.93 - - [18/Nov/2024:15:02:21 +0900] "GET /wp-content/plugins/neve-pro-addon/includes/modules/elementor_booster/assets/js/track.js?m=1730215403 HTTP/1.1" 200 453 "https://example.com/" "Mozilla/5.0 (Windows NT 10.0; Win64; x64) AppleWebKit/537.36 (KHTML, like Gecko) Chrome/128.0.0.0 Whale/3.28.266.14 Safari/537.36"
220.121.45.42 - - [18/Nov/2024:15:02:21 +0900] "GET /wp-content/plugins/elementor-pro/assets/js/frontend.min.js?ver=3.25.3 HTTP/1.1" 200 7504 "https://example.com/" "Mozilla/5.0 (Windows NT 10.0; Win64; x64) AppleWebKit/537.36 (KHTML, like Gecko) Chrome/129.0.0.0 Safari/537.36 Edg/129.0.0.0"
220.121.45.42 - - [18/Nov/2024:15:02:21 +0900] "GET /wp-includes/js/dist/i18n.min.js?ver=5e580eb46a90c2b997e6 HTTP/1.1" 200 3866 "https://example.com/" "Mozilla/5.0 (Windows NT 10.0; Win64; x64) AppleWebKit/537.36 (KHTML, like Gecko) Chrome/129.0.0.0 Safari/537.36 Edg/129.0.0.0"
115.94.137.93 - - [18/Nov/2024:15:02:21 +0900] "GET /wp-includes/js/jquery/jquery-migrate.min.js?m=1691551340 HTTP/1.1" 200 5219 "https://example.com/" "Mozilla/5.0 (Windows NT 10.0; Win64; x64) AppleWebKit/537.36 (KHTML, like Gecko) Chrome/128.0.0.0 Whale/3.28.266.14 Safari/537.36"
115.94.137.93 - - [18/Nov/2024:15:02:21 +0900] "GET /wp-includes/js/jquery/jquery.min.js?ver=3.7.1 HTTP/1.1" 200 34263 "https://example.com/" "Mozilla/5.0 (Windows NT 10.0; Win64; x64) AppleWebKit/537.36 (KHTML, like Gecko) Chrome/128.0.0.0 Whale/3.28.266.14 Safari/537.36"
115.94.137.93 - - [18/Nov/2024:15:02:21 +0900] "GET / HTTP/1.1" 200 35568 "https://search.naver.com/search.naver?sm=tab_hty.top&where=nexearch&ssc=tab.nx.all&query=MASKED-STRING+MASKED-STRING&oquery=MASKED-STRING+MASKED-STRING&tqi=izrhilpzL8VssQvEwL0ssssss9V-394476" "Mozilla/5.0 (Windows NT 10.0; Win64; x64) AppleWebKit/537.36 (KHTML, like Gecko) Chrome/128.0.0.0 Whale/3.28.266.14 Safari/537.36"
220.121.45.42 - - [18/Nov/2024:15:02:21 +0900] "GET /_jb_static/wp-content/plugins/neve-pro-addon/includes/modules/scroll_to_top/assets/js/build/script.js,/wp-includes/js/imagesloaded.min.js?m=1730215403&cb=1 HTTP/1.1" 200 2488 "https://example.com/" "Mozilla/5.0 (Windows NT 10.0; Win64; x64) AppleWebKit/537.36 (KHTML, like Gecko) Chrome/129.0.0.0 Safari/537.36 Edg/129.0.0.0"
220.121.45.42 - - [18/Nov/2024:15:02:21 +0900] "GET /wp-content/plugins/neve-pro-addon/includes/modules/elementor_booster/assets/js/track.js?m=1730215403 HTTP/1.1" 200 453 "https://example.com/" "Mozilla/5.0 (Windows NT 10.0; Win64; x64) AppleWebKit/537.36 (KHTML, like Gecko) Chrome/129.0.0.0 Safari/537.36 Edg/129.0.0.0"
220.121.45.42 - - [18/Nov/2024:15:02:20 +0900] "GET /wp-includes/js/jquery/jquery-migrate.min.js?m=1691551340 HTTP/1.1" 200 5219 "https://example.com/" "Mozilla/5.0 (Windows NT 10.0; Win64; x64) AppleWebKit/537.36 (KHTML, like Gecko) Chrome/129.0.0.0 Safari/537.36 Edg/129.0.0.0"
220.121.45.42 - - [18/Nov/2024:15:02:20 +0900] "GET /wp-includes/js/jquery/jquery.min.js?ver=3.7.1 HTTP/1.1" 200 34263 "https://example.com/" "Mozilla/5.0 (Windows NT 10.0; Win64; x64) AppleWebKit/537.36 (KHTML, like Gecko) Chrome/129.0.0.0 Safari/537.36 Edg/129.0.0.0"
220.121.45.42 - - [18/Nov/2024:15:02:20 +0900] "GET / HTTP/1.1" 200 35568 "https://search.daum.net/search?nil_suggest=btn&w=tot&DA=SBC&q=MASKED-STRING+MASKED-STRING" "Mozilla/5.0 (Windows NT 10.0; Win64; x64) AppleWebKit/537.36 (KHTML, like Gecko) Chrome/129.0.0.0 Safari/537.36 Edg/129.0.0.0"
40.77.167.126 - - [18/Nov/2024:15:02:18 +0900] "GET /archives/tag/MASKED-STRING HTTP/1.1" 200 20194 "-" "Mozilla/5.0 AppleWebKit/537.36 (KHTML, like Gecko; compatible; bingbot/2.0; +http://www.bing.com/bingbot.htm) Chrome/116.0.1938.76 Safari/537.36"
3.94.102.62 - - [18/Nov/2024:15:02:13 +0900] "GET / HTTP/1.1" 200 35568 "-" "Mozilla/5.0 (X11; Ubuntu; Linux x86_64; rv:35.0) Gecko/20100101 Firefox/35.0"
157.55.39.195 - - [18/Nov/2024:15:01:31 +0900] "GET /archives/tag/MASKED-STRING HTTP/1.1" 200 20430 "-" "Mozilla/5.0 AppleWebKit/537.36 (KHTML, like Gecko; compatible; bingbot/2.0; +http://www.bing.com/bingbot.htm) Chrome/116.0.1938.76 Safari/537.36"
216.244.66.234 - - [18/Nov/2024:15:01:20 +0900] "GET /archives/tag/MASKED-STRING HTTP/1.1" 200 85874 "-" "Mozilla/5.0 (compatible; DotBot/1.2; +https://opensiteexplorer.org/dotbot; help@moz.com)"
34.64.82.78 - - [18/Nov/2024:15:00:16 +0900] "GET /feed HTTP/1.1" 200 2780 "-" "Mozilla/5.0 (compatible; Googlebot/2.1; +http://www.google.com/bot.html)"
3.216.185.164 - - [18/Nov/2024:15:00:10 +0900] "GET /feed/podcast HTTP/1.1" 200 2379 "-" "PocketCasts/1.0 (Pocket Casts Feed Parser; +http://pocketcasts.com/)"
35.240.7.120 - - [18/Nov/2024:14:59:47 +0900] "GET / HTTP/1.1" 301 162 "-" "python-requests/2.32.3"
157.55.39.195 - - [18/Nov/2024:14:58:31 +0900] "GET /archives/25109 HTTP/1.1" 200 33676 "-" "Mozilla/5.0 AppleWebKit/537.36 (KHTML, like Gecko; compatible; bingbot/2.0; +http://www.bing.com/bingbot.htm) Chrome/116.0.1938.76 Safari/537.36"
157.55.39.195 - - [18/Nov/2024:14:58:20 +0900] "GET /archives/tag/MASKED-STRING HTTP/1.1" 200 20092 "-" "Mozilla/5.0 AppleWebKit/537.36 (KHTML, like Gecko; compatible; bingbot/2.0; +http://www.bing.com/bingbot.htm) Chrome/116.0.1938.76 Safari/537.36"
157.55.39.57 - - [18/Nov/2024:14:57:12 +0900] "GET /event/MASKED-STRING HTTP/1.1" 301 5 "-" "Mozilla/5.0 AppleWebKit/537.36 (KHTML, like Gecko; compatible; bingbot/2.0; +http://www.bing.com/bingbot.htm) Chrome/116.0.1938.76 Safari/537.36"
5.8.11.202 - - [18/Nov/2024:14:57:05 +0900] "\x16\x03\x02\x01o\x01\x00\x01k\x03\x02RH\xC5\x1A#\xF7:N\xDF\xE2\xB4\x82/\xFF\x09T\x9F\xA7\xC4y\xB0h\xC6\x13\x8C\xA4\x1C=\x22\xE1\x1A\x98 \x84\xB4,\x85\xAFn\xE3Y\xBBbhl\xFF(=':\xA9\x82\xD9o\xC8\xA2\xD7\x93\x98\xB4\xEF\x80\xE5\xB9\x90\x00(\xC0" 400 150 "-" "-"
172.105.150.15 - - [18/Nov/2024:14:56:30 +0900] "GET /feed/podcast HTTP/1.1" 200 2379 "-" "Aggrivator (PodcastIndex.org)/v0.1.7"
34.64.82.65 - - [18/Nov/2024:14:56:09 +0900] "GET /archives/4934 HTTP/1.1" 200 39116 "-" "Mozilla/5.0 (Linux; Android 6.0.1; Nexus 5X Build/MMB29P) AppleWebKit/537.36 (KHTML, like Gecko) Chrome/131.0.6778.69 Mobile Safari/537.36 (compatible; Googlebot/2.1; +http://www.google.com/bot.html)"
157.55.39.195 - - [18/Nov/2024:14:55:59 +0900] "GET /archives/tag/MASKED-STRING HTTP/1.1" 200 22579 "-" "Mozilla/5.0 AppleWebKit/537.36 (KHTML, like Gecko; compatible; bingbot/2.0; +http://www.bing.com/bingbot.htm) Chrome/116.0.1938.76 Safari/537.36"
216.244.66.234 - - [18/Nov/2024:14:55:36 +0900] "GET /archives/28933 HTTP/1.1" 200 142482 "-" "Mozilla/5.0 (compatible; DotBot/1.2; +https://opensiteexplorer.org/dotbot; help@moz.com)"
34.64.82.76 - - [18/Nov/2024:14:55:35 +0900] "GET /event/MASKED-STRING/ HTTP/1.1" 301 5 "-" "Mozilla/5.0 (Linux; Android 6.0.1; Nexus 5X Build/MMB29P) AppleWebKit/537.36 (KHTML, like Gecko) Chrome/131.0.6778.69 Mobile Safari/537.36 (compatible; Googlebot/2.1; +http://www.google.com/bot.html)"
34.64.82.66 - - [18/Nov/2024:14:55:15 +0900] "GET /feed HTTP/1.1" 200 2780 "-" "Mozilla/5.0 (compatible; Googlebot/2.1; +http://www.google.com/bot.html)"
194.38.23.16 - - [18/Nov/2024:14:52:06 +0900] "GET /wp-content/plugins/lbg-bottom-playlist-videoplayer/js/uploadify/uploadify.css HTTP/1.1" 403 17034 "-" "ALittle Client"
194.38.23.16 - - [18/Nov/2024:14:51:45 +0900] "GET /wp-content/plugins/lbg-bottom-playlist-videoplayer/js/uploadify/uploadify.css HTTP/1.1" 301 162 "-" "ALittle Client"
157.55.39.195 - - [18/Nov/2024:14:51:18 +0900] "GET /archives/tag/MASKED-STRING HTTP/1.1" 200 20256 "-" "Mozilla/5.0 AppleWebKit/537.36 (KHTML, like Gecko; compatible; bingbot/2.0; +http://www.bing.com/bingbot.htm) Chrome/116.0.1938.76 Safari/537.36"
157.55.39.9 - - [18/Nov/2024:14:51:12 +0900] "GET /archives/21129 HTTP/1.1" 200 36681 "-" "Mozilla/5.0 AppleWebKit/537.36 (KHTML, like Gecko; compatible; bingbot/2.0; +http://www.bing.com/bingbot.htm) Chrome/116.0.1938.76 Safari/537.36"
157.55.39.9 - - [18/Nov/2024:14:50:51 +0900] "GET /archives/tag/MASKED-STRING HTTP/1.1" 200 20253 "-" "Mozilla/5.0 AppleWebKit/537.36 (KHTML, like Gecko; compatible; bingbot/2.0; +http://www.bing.com/bingbot.htm) Chrome/116.0.1938.76 Safari/537.36"
40.77.167.150 - - [18/Nov/2024:14:50:47 +0900] "GET /archives/tag/MASKED-STRING HTTP/1.1" 200 20482 "-" "Mozilla/5.0 AppleWebKit/537.36 (KHTML, like Gecko; compatible; bingbot/2.0; +http://www.bing.com/bingbot.htm) Chrome/116.0.1938.76 Safari/537.36"
34.64.82.66 - - [18/Nov/2024:14:49:14 +0900] "GET /feed HTTP/1.1" 200 2780 "-" "Mozilla/5.0 (compatible; Googlebot/2.1; +http://www.google.com/bot.html)"
121.166.212.148 - - [18/Nov/2024:14:48:06 +0900] "GET /favicon.ico HTTP/1.1" 200 36152 "https://example.com/bookmarks" "Mozilla/5.0 (Windows NT 10.0; Win64; x64) AppleWebKit/537.36 (KHTML, like Gecko) Chrome/130.0.0.0 Safari/537.36"
121.166.212.148 - - [18/Nov/2024:14:48:05 +0900] "GET /wp-includes/js/wp-emoji-release.min.js?ver=6.7 HTTP/1.1" 200 5684 "https://example.com/bookmarks" "Mozilla/5.0 (Windows NT 10.0; Win64; x64) AppleWebKit/537.36 (KHTML, like Gecko) Chrome/130.0.0.0 Safari/537.36"
121.166.212.148 - - [18/Nov/2024:14:48:05 +0900] "GET /_jb_static/??-eJyVT8sKwjAQ/BtPpkutqJfip0iarG10synZ1NK/N1KQFnrQ0zDMgxkYe+XY0GBRwIiAdZKgoWCeilwTdZxA0kRYeMdFNuxhmXgIeLROI6FHTivSk54wKsJWm+m3eNaWfBUygdPHk7qsCTC+cF6mvHasGMdNe09D63j2qz4Gpa0NDN8JPtiBMubL7S3roEUwycbpfxs71Bbj7R5CytBGZze7r74uz1V5PF3KQ7UzTV2+ASWYl14= HTTP/1.1" 200 34661 "https://example.com/bookmarks" "Mozilla/5.0 (Windows NT 10.0; Win64; x64) AppleWebKit/537.36 (KHTML, like Gecko) Chrome/130.0.0.0 Safari/537.36"
121.166.212.148 - - [18/Nov/2024:14:48:05 +0900] "GET /wp-content/plugins/neve-pro-addon/includes/modules/header_footer_grid/assets/js/build/front-end.js?m=1730215403 HTTP/1.1" 200 992 "https://example.com/bookmarks" "Mozilla/5.0 (Windows NT 10.0; Win64; x64) AppleWebKit/537.36 (KHTML, like Gecko) Chrome/130.0.0.0 Safari/537.36"
121.166.212.148 - - [18/Nov/2024:14:48:05 +0900] "GET /wp-content/plugins/neve-pro-addon/includes/modules/scroll_to_top/assets/js/build/script.js?m=1730215403 HTTP/1.1" 200 616 "https://example.com/bookmarks" "Mozilla/5.0 (Windows NT 10.0; Win64; x64) AppleWebKit/537.36 (KHTML, like Gecko) Chrome/130.0.0.0 Safari/537.36"
121.166.212.148 - - [18/Nov/2024:14:48:05 +0900] "GET /wp-content/themes/neve/assets/css/mega-menu.min.css?m=1731424969 HTTP/1.1" 200 742 "https://example.com/bookmarks" "Mozilla/5.0 (Windows NT 10.0; Win64; x64) AppleWebKit/537.36 (KHTML, like Gecko) Chrome/130.0.0.0 Safari/537.36"
121.166.212.148 - - [18/Nov/2024:14:48:05 +0900] "GET /wp-content/themes/neve/assets/js/build/modern/frontend.js?ver=3.8.13 HTTP/1.1" 200 2937 "https://example.com/bookmarks" "Mozilla/5.0 (Windows NT 10.0; Win64; x64) AppleWebKit/537.36 (KHTML, like Gecko) Chrome/130.0.0.0 Safari/537.36"
121.166.212.148 - - [18/Nov/2024:14:48:05 +0900] "GET /wp-content/plugins/neve-pro-addon/includes/modules/elementor_booster/assets/js/track.js?m=1730215403 HTTP/1.1" 200 453 "https://example.com/bookmarks" "Mozilla/5.0 (Windows NT 10.0; Win64; x64) AppleWebKit/537.36 (KHTML, like Gecko) Chrome/130.0.0.0 Safari/537.36"
121.166.212.148 - - [18/Nov/2024:14:48:05 +0900] "GET /wp-includes/js/jquery/jquery-migrate.min.js?m=1691551340 HTTP/1.1" 200 5219 "https://example.com/bookmarks" "Mozilla/5.0 (Windows NT 10.0; Win64; x64) AppleWebKit/537.36 (KHTML, like Gecko) Chrome/130.0.0.0 Safari/537.36"
121.166.212.148 - - [18/Nov/2024:14:48:05 +0900] "GET /wp-includes/js/jquery/jquery.min.js?ver=3.7.1 HTTP/1.1" 200 34263 "https://example.com/bookmarks" "Mozilla/5.0 (Windows NT 10.0; Win64; x64) AppleWebKit/537.36 (KHTML, like Gecko) Chrome/130.0.0.0 Safari/537.36"
121.166.212.148 - - [18/Nov/2024:14:48:05 +0900] "GET /bookmarks HTTP/1.1" 200 40229 "https://search.naver.com/search.naver?sm=tab_hty.top&where=nexearch&ssc=tab.nx.all&query=MASKED-STRINGhttpsMASKED-STRINGexample.comMASKED-STRING&oquery=MASKED-STRING+MASKED-STRING&tqi=izrnadqo1SCssUu7p0CssssssK0-185654" "Mozilla/5.0 (Windows NT 10.0; Win64; x64) AppleWebKit/537.36 (KHTML, like Gecko) Chrome/130.0.0.0 Safari/537.36"
216.244.66.234 - - [18/Nov/2024:14:47:54 +0900] "GET /robots.txt HTTP/1.1" 200 244 "-" "Mozilla/5.0 (compatible; DotBot/1.2; +https://opensiteexplorer.org/dotbot; help@moz.com)"
216.244.66.234 - - [18/Nov/2024:14:47:54 +0900] "GET /robots.txt HTTP/1.1" 301 162 "-" "Mozilla/5.0 (compatible; DotBot/1.2; +https://opensiteexplorer.org/dotbot; help@moz.com)"
163.172.69.136 - - [18/Nov/2024:14:47:51 +0900] "GET /feed/podcast HTTP/1.1" 200 2379 "-" "Mozilla/5.0 (X11; Linux x86_64) AppleWebKit/537.36 (KHTML, like Gecko) Chrome/33.0.1750.146 Safari/537.36 (compatible; Radioline; tech@radioline.fr)"
157.55.39.9 - - [18/Nov/2024:14:47:11 +0900] "GET /archives/29889 HTTP/1.1" 200 32808 "-" "Mozilla/5.0 AppleWebKit/537.36 (KHTML, like Gecko; compatible; bingbot/2.0; +http://www.bing.com/bingbot.htm) Chrome/116.0.1938.76 Safari/537.36"
3.237.90.13 - - [18/Nov/2024:14:47:04 +0900] "GET /favicon.ico HTTP/1.1" 200 36152 "-" "Slackbot 1.0 (+https://api.slack.com/robots)"
44.222.187.251 - - [18/Nov/2024:14:47:04 +0900] "GET /favicon.ico HTTP/1.1" 200 36152 "-" "Slackbot 1.0 (+https://api.slack.com/robots)"
3.219.29.51 - - [18/Nov/2024:14:47:03 +0900] "GET /wp-json/oembed/1.0/embed?url=httpsMASKED-STRINGexample.comMASKED-STRING&maxheight=150 HTTP/1.1" 200 1077 "-" "Slackbot-LinkExpanding 1.0 (+https://api.slack.com/robots)"
18.232.171.241 - - [18/Nov/2024:14:47:03 +0900] "GET /wp-json/oembed/1.0/embed?url=httpsMASKED-STRINGexample.comMASKED-STRING&maxheight=150 HTTP/1.1" 200 1075 "-" "Slackbot-LinkExpanding 1.0 (+https://api.slack.com/robots)"
100.27.46.188 - - [18/Nov/2024:14:47:02 +0900] "GET / HTTP/1.1" 200 35568 "-" "Slackbot-LinkExpanding 1.0 (+https://api.slack.com/robots)"
35.172.164.199 - - [18/Nov/2024:14:47:02 +0900] "GET / HTTP/1.1" 200 35568 "-" "Slackbot-LinkExpanding 1.0 (+https://api.slack.com/robots)"
157.55.39.9 - - [18/Nov/2024:14:46:51 +0900] "GET /archives/5794 HTTP/1.1" 200 38478 "-" "Mozilla/5.0 AppleWebKit/537.36 (KHTML, like Gecko; compatible; bingbot/2.0; +http://www.bing.com/bingbot.htm) Chrome/116.0.1938.76 Safari/537.36"
40.77.167.150 - - [18/Nov/2024:14:46:17 +0900] "GET /archives/category/campaign/page/28 HTTP/1.1" 200 30587 "-" "Mozilla/5.0 AppleWebKit/537.36 (KHTML, like Gecko; compatible; bingbot/2.0; +http://www.bing.com/bingbot.htm) Chrome/116.0.1938.76 Safari/537.36"
121.133.104.124 - - [18/Nov/2024:14:45:54 +0900] "GET /wp-content/plugins/powerpress/images/modern_icon_sprite_2024.svg HTTP/1.1" 404 19334 "https://example.com/archives/7563" "Mozilla/5.0 (Linux; Android 10; K) AppleWebKit/537.36 (KHTML, like Gecko) Chrome/130.0.0.0 Mobile Safari/537.36"
121.133.104.124 - - [18/Nov/2024:14:45:53 +0900] "GET /wp-content/themes/neve/assets/js/build/modern/frontend.js?ver=3.8.13 HTTP/1.1" 304 0 "https://example.com/archives/7563" "Mozilla/5.0 (Linux; Android 10; K) AppleWebKit/537.36 (KHTML, like Gecko) Chrome/130.0.0.0 Mobile Safari/537.36"
121.133.104.124 - - [18/Nov/2024:14:45:53 +0900] "GET /archives/7563 HTTP/1.1" 200 31102 "https://www.google.com/" "Mozilla/5.0 (Linux; Android 10; K) AppleWebKit/537.36 (KHTML, like Gecko) Chrome/130.0.0.0 Mobile Safari/537.36"
115.93.170.126 - - [18/Nov/2024:14:45:24 +0900] "GET /wp-content/uploads/2020/12/101-1samuel-ch28-31.mp3?_=1 HTTP/1.1" 206 3805376 "https://example.com/archives/20946" "Mozilla/5.0 (Linux; Android 10; K) AppleWebKit/537.36 (KHTML, like Gecko) Chrome/130.0.0.0 Mobile Safari/537.36"
34.64.82.67 - - [18/Nov/2024:14:44:13 +0900] "GET /feed HTTP/1.1" 200 2780 "-" "Mozilla/5.0 (compatible; Googlebot/2.1; +http://www.google.com/bot.html)"
34.64.82.74 - - [18/Nov/2024:14:43:25 +0900] "GET /wp-content/uploads/2020/08/Google_Chrome_icon-150x150.png HTTP/1.1" 200 17740 "-" "Googlebot-Image/1.0"
172.105.150.15 - - [18/Nov/2024:14:42:37 +0900] "GET /feed/podcast HTTP/1.1" 200 2379 "-" "Aggrivator (PodcastIndex.org)/v0.1.7"
173.70.93.151 - - [18/Nov/2024:14:42:15 +0900] "GET / HTTP/1.1" 200 35568 "-" "Mozilla/5.0 (Linux; Android 10; K) AppleWebKit/537.36 (KHTML, like Gecko) Chrome/131.0.0.0 Mobile Safari/537.36"
52.167.144.146 - - [18/Nov/2024:14:42:07 +0900] "GET /archives/tag/MASKED-STRING HTTP/1.1" 200 20156 "-" "Mozilla/5.0 AppleWebKit/537.36 (KHTML, like Gecko; compatible; bingbot/2.0; +http://www.bing.com/bingbot.htm) Chrome/116.0.1938.76 Safari/537.36"
198.235.24.23 - - [18/Nov/2024:14:41:05 +0900] "GET / HTTP/1.1" 200 35568 "-" "Expanse, a Palo Alto Networks company, searches across the global IPv4 space multiple times per day to identify customers&#39; presences on the Internet. If you would like to be excluded from our scans, please send IP addresses/domains to: scaninfo@paloaltonetworks.com"
52.167.144.146 - - [18/Nov/2024:14:40:27 +0900] "GET /archives/tag/MASKED-STRING HTTP/1.1" 200 20200 "-" "Mozilla/5.0 AppleWebKit/537.36 (KHTML, like Gecko; compatible; bingbot/2.0; +http://www.bing.com/bingbot.htm) Chrome/116.0.1938.76 Safari/537.36"
52.167.144.146 - - [18/Nov/2024:14:40:26 +0900] "GET /_jb_static/wp-includes/js/comment-reply.min.js,/wp-content/plugins/neve-pro-addon/includes/modules/scroll_to_top/assets/js/build/script.js?m=1731468123&cb=1 HTTP/1.1" 200 1927 "-" "Mozilla/5.0 AppleWebKit/537.36 (KHTML, like Gecko; compatible; bingbot/2.0; +http://www.bing.com/bingbot.htm) Chrome/116.0.1938.76 Safari/537.36"
52.167.144.146 - - [18/Nov/2024:14:40:06 +0900] "GET /archives/6693 HTTP/1.1" 200 35758 "-" "Mozilla/5.0 AppleWebKit/537.36 (KHTML, like Gecko; compatible; bingbot/2.0; +http://www.bing.com/bingbot.htm) Chrome/116.0.1938.76 Safari/537.36"
207.46.13.151 - - [18/Nov/2024:14:39:49 +0900] "GET /archives/25197 HTTP/1.1" 200 33732 "-" "Mozilla/5.0 AppleWebKit/537.36 (KHTML, like Gecko; compatible; bingbot/2.0; +http://www.bing.com/bingbot.htm) Chrome/116.0.1938.76 Safari/537.36"
157.55.39.201 - - [18/Nov/2024:14:39:20 +0900] "GET /archives/tag/MASKED-STRING HTTP/1.1" 200 20471 "-" "Mozilla/5.0 AppleWebKit/537.36 (KHTML, like Gecko; compatible; bingbot/2.0; +http://www.bing.com/bingbot.htm) Chrome/116.0.1938.76 Safari/537.36"
34.64.82.74 - - [18/Nov/2024:14:39:11 +0900] "GET /feed HTTP/1.1" 200 2780 "-" "Mozilla/5.0 (compatible; Googlebot/2.1; +http://www.google.com/bot.html)"
52.167.144.146 - - [18/Nov/2024:14:38:36 +0900] "GET /archives/6242 HTTP/1.1" 200 36179 "-" "Mozilla/5.0 AppleWebKit/537.36 (KHTML, like Gecko; compatible; bingbot/2.0; +http://www.bing.com/bingbot.htm) Chrome/116.0.1938.76 Safari/537.36"
34.64.82.68 - - [18/Nov/2024:14:38:10 +0900] "GET / HTTP/1.1" 301 162 "-" "Mozilla/5.0 (compatible; Googlebot/2.1; +http://www.google.com/bot.html)"
34.64.82.65 - - [18/Nov/2024:14:37:37 +0900] "GET /archives/29517 HTTP/1.1" 200 33462 "-" "Mozilla/5.0 (Linux; Android 6.0.1; Nexus 5X Build/MMB29P) AppleWebKit/537.36 (KHTML, like Gecko) Chrome/131.0.6778.69 Mobile Safari/537.36 (compatible; Googlebot/2.1; +http://www.google.com/bot.html)"
157.55.39.201 - - [18/Nov/2024:14:36:20 +0900] "GET /archives/tag/MASKED-STRING HTTP/1.1" 200 20081 "-" "Mozilla/5.0 AppleWebKit/537.36 (KHTML, like Gecko; compatible; bingbot/2.0; +http://www.bing.com/bingbot.htm) Chrome/116.0.1938.76 Safari/537.36"
115.93.170.126 - - [18/Nov/2024:14:36:18 +0900] "GET /wp-content/uploads/2020/12/101-1samuel-ch28-31.mp3?_=1 HTTP/1.1" 206 3145261 "https://example.com/archives/20946" "Mozilla/5.0 (Linux; Android 10; K) AppleWebKit/537.36 (KHTML, like Gecko) Chrome/130.0.0.0 Mobile Safari/537.36"
52.167.144.146 - - [18/Nov/2024:14:36:15 +0900] "GET /archives/tag/MASKED-STRING HTTP/1.1" 200 20194 "-" "Mozilla/5.0 AppleWebKit/537.36 (KHTML, like Gecko; compatible; bingbot/2.0; +http://www.bing.com/bingbot.htm) Chrome/116.0.1938.76 Safari/537.36"
198.235.24.129 - - [18/Nov/2024:14:35:26 +0900] "GET / HTTP/1.1" 200 35568 "http://3.35.28.164:80/" "Expanse, a Palo Alto Networks company, searches across the global IPv4 space multiple times per day to identify customers&#39; presences on the Internet. If you would like to be excluded from our scans, please send IP addresses/domains to: scaninfo@paloaltonetworks.com"
198.235.24.129 - - [18/Nov/2024:14:35:25 +0900] "GET / HTTP/1.1" 301 162 "-" "Expanse, a Palo Alto Networks company, searches across the global IPv4 space multiple times per day to identify customers&#39; presences on the Internet. If you would like to be excluded from our scans, please send IP addresses/domains to: scaninfo@paloaltonetworks.com"
157.55.39.201 - - [18/Nov/2024:14:35:19 +0900] "GET /archives/tag/MASKED-STRING HTTP/1.1" 200 20244 "-" "Mozilla/5.0 AppleWebKit/537.36 (KHTML, like Gecko; compatible; bingbot/2.0; +http://www.bing.com/bingbot.htm) Chrome/116.0.1938.76 Safari/537.36"
222.97.12.125 - - [18/Nov/2024:14:35:15 +0900] "GET /wp-content/plugins/powerpress/images/modern_icon_sprite_2024.svg HTTP/1.1" 404 19334 "https://example.com/archives/7664" "Mozilla/5.0 (Macintosh; Intel Mac OS X 10_15_7) AppleWebKit/605.1.15 (KHTML, like Gecko) Version/18.1 Safari/605.1.15"
222.97.12.125 - - [18/Nov/2024:14:35:15 +0900] "GET /_jb_static/??-eJx1jUEOgjAQRW/jyjI2GF0Rj0JKZ8BCOyWdVq9vI7DT1c//k3kP3quykTNxhtWXybEA04vUmqIyiJHBsfUFSSBELL7mkwxS6scYc40pOQQjQllgFhiK8whjqkxFjM0sZ/jhmCmvxi7QV/r+Y02KRcgfN3UMTXD8j2MWJ4HyxtmL+to3+SN0+t7qS3vT+nqyQ6c/0J5Z1g== HTTP/1.1" 200 10932 "https://example.com/archives/7664" "Mozilla/5.0 (Macintosh; Intel Mac OS X 10_15_7) AppleWebKit/605.1.15 (KHTML, like Gecko) Version/18.1 Safari/605.1.15"
222.97.12.125 - - [18/Nov/2024:14:35:15 +0900] "GET /wp-content/plugins/powerpress/images/modern_icon_sprite_2024_2.svg HTTP/1.1" 304 0 "https://example.com/archives/7664" "Mozilla/5.0 (Macintosh; Intel Mac OS X 10_15_7) AppleWebKit/605.1.15 (KHTML, like Gecko) Version/18.1 Safari/605.1.15"
222.97.12.125 - - [18/Nov/2024:14:35:15 +0900] "GET /wp-content/themes/neve/assets/js/build/modern/frontend.js?ver=3.8.13 HTTP/1.1" 304 0 "https://example.com/archives/7664" "Mozilla/5.0 (Macintosh; Intel Mac OS X 10_15_7) AppleWebKit/605.1.15 (KHTML, like Gecko) Version/18.1 Safari/605.1.15"
222.97.12.125 - - [18/Nov/2024:14:35:15 +0900] "GET /wp-content/plugins/neve-pro-addon/includes/modules/elementor_booster/assets/js/track.js?m=1730215403 HTTP/1.1" 304 0 "https://example.com/archives/7664" "Mozilla/5.0 (Macintosh; Intel Mac OS X 10_15_7) AppleWebKit/605.1.15 (KHTML, like Gecko) Version/18.1 Safari/605.1.15"
222.97.12.125 - - [18/Nov/2024:14:35:15 +0900] "GET /_jb_static/??-eJyVjkEOwiAURG/jSvpTbTRdNJ4F6KSi8CF8KNe3iTZx48Ltm7yXoZaUjVzAhcodAUKMFaRFUISsCAUsWgVw7YLjbiNH+pKSr4tjoQdK0vZJIc7VbxWrc6wCT9JcQlam8uzxv/4Z1A5+FlJsyClD3q+lGrHZGajm5gVlP38LU38998NpGC/jwZqpfwEe+mDS HTTP/1.1" 200 10242 "https://example.com/archives/7664" "Mozilla/5.0 (Macintosh; Intel Mac OS X 10_15_7) AppleWebKit/605.1.15 (KHTML, like Gecko) Version/18.1 Safari/605.1.15"
222.97.12.125 - - [18/Nov/2024:14:35:14 +0900] "GET /archives/7664 HTTP/1.1" 200 35858 "https://www.google.com/" "Mozilla/5.0 (Macintosh; Intel Mac OS X 10_15_7) AppleWebKit/605.1.15 (KHTML, like Gecko) Version/18.1 Safari/605.1.15"
173.70.93.151 - - [18/Nov/2024:14:35:06 +0900] "GET /favicon.ico HTTP/1.1" 200 36152 "https://example.com/" "Mozilla/5.0 (Linux; Android 10; K) AppleWebKit/537.36 (KHTML, like Gecko) Chrome/131.0.0.0 Mobile Safari/537.36"
173.70.93.151 - - [18/Nov/2024:14:35:05 +0900] "GET /wp-content/plugins/elementor/assets/lib/eicons/fonts/eicons.woff2?5.32.0 HTTP/1.1" 200 98472 "https://example.com/_jb_static/??-eJytVMtOwzAQ/BtOuFZoUcuh4swHcI4ce5sa+SWvk6h/z+bR0ggaSEou0XpnZ2e9I/MmMO2kqRQg/0BuQWkBBiy4NAqCESeIzEAp5GlltVtJxEc+VU6563hUJL1LLSYdKYfcQQ0c08kAs0I75qD5ER5MVWrX41mIngmlvOMXCdarytC/ML7MKc8FIiTsqScZB5E+nkuMLjhogiGnmq88687mcbUEh9ih1HwV2OgAkde7jqeP5vcnkNJJeycMIdgETRWMF+qapq0PHhPLdtlm/XtfdnX133oHH6pw13YvffLCkyoYzblw1cJpK1qJAwMtTCh4c+/TUm+O3GhVQmJoNCm/i0IKY1iiy5CtvGVUowWkKBx20QIbD6KUrmmwP9rwxmCto5YrwCDkfAM/bbebl8XGOwJ5IuYH78l0eRm1uvOBORCIiQbQW+hfCToY4n9gQ0/2O/O82n22XWfP9GXZgyz22Sd6zUZn" "Mozilla/5.0 (Linux; Android 10; K) AppleWebKit/537.36 (KHTML, like Gecko) Chrome/131.0.0.0 Mobile Safari/537.36"
173.70.93.151 - - [18/Nov/2024:14:35:05 +0900] "GET /wp-content/plugins/elementor/assets/lib/font-awesome/webfonts/fa-solid-900.woff2 HTTP/1.1" 200 78196 "https://example.com/_jb_static/??-eJytVMtOwzAQ/BtOuFZoUcuh4swHcI4ce5sa+SWvk6h/z+bR0ggaSEou0XpnZ2e9I/MmMO2kqRQg/0BuQWkBBiy4NAqCESeIzEAp5GlltVtJxEc+VU6563hUJL1LLSYdKYfcQQ0c08kAs0I75qD5ER5MVWrX41mIngmlvOMXCdarytC/ML7MKc8FIiTsqScZB5E+nkuMLjhogiGnmq88687mcbUEh9ih1HwV2OgAkde7jqeP5vcnkNJJeycMIdgETRWMF+qapq0PHhPLdtlm/XtfdnX133oHH6pw13YvffLCkyoYzblw1cJpK1qJAwMtTCh4c+/TUm+O3GhVQmJoNCm/i0IKY1iiy5CtvGVUowWkKBx20QIbD6KUrmmwP9rwxmCto5YrwCDkfAM/bbebl8XGOwJ5IuYH78l0eRm1uvOBORCIiQbQW+hfCToY4n9gQ0/2O/O82n22XWfP9GXZgyz22Sd6zUZn" "Mozilla/5.0 (Linux; Android 10; K) AppleWebKit/537.36 (KHTML, like Gecko) Chrome/131.0.0.0 Mobile Safari/537.36"
173.70.93.151 - - [18/Nov/2024:14:35:05 +0900] "GET /wp-content/plugins/elementor/assets/lib/swiper/v8/swiper.min.js?ver=8.4.5 HTTP/1.1" 200 46188 "https://example.com/" "Mozilla/5.0 (Linux; Android 10; K) AppleWebKit/537.36 (KHTML, like Gecko) Chrome/131.0.0.0 Mobile Safari/537.36"
173.70.93.151 - - [18/Nov/2024:14:35:05 +0900] "GET /wp-content/plugins/elementor-pro/assets/js/load-more.8b46f464e573feab5dd7.bundle.min.js HTTP/1.1" 200 1715 "https://example.com/" "Mozilla/5.0 (Linux; Android 10; K) AppleWebKit/537.36 (KHTML, like Gecko) Chrome/131.0.0.0 Mobile Safari/537.36"
173.70.93.151 - - [18/Nov/2024:14:35:05 +0900] "GET /wp-content/plugins/elementor-pro/assets/js/posts.aec59265318492b89cb5.bundle.min.js HTTP/1.1" 200 1345 "https://example.com/" "Mozilla/5.0 (Linux; Android 10; K) AppleWebKit/537.36 (KHTML, like Gecko) Chrome/131.0.0.0 Mobile Safari/537.36"
173.70.93.151 - - [18/Nov/2024:14:35:05 +0900] "GET /wp-content/plugins/elementor-pro/assets/js/slides.c0029640cbdb48199471.bundle.min.js HTTP/1.1" 200 1562 "https://example.com/" "Mozilla/5.0 (Linux; Android 10; K) AppleWebKit/537.36 (KHTML, like Gecko) Chrome/131.0.0.0 Mobile Safari/537.36"
173.70.93.151 - - [18/Nov/2024:14:35:04 +0900] "GET /_jb_static/??-eJytVMtOwzAQ/BtOuFZoUcuh4swHcI4ce5sa+SWvk6h/z+bR0ggaSEou0XpnZ2e9I/MmMO2kqRQg/0BuQWkBBiy4NAqCESeIzEAp5GlltVtJxEc+VU6563hUJL1LLSYdKYfcQQ0c08kAs0I75qD5ER5MVWrX41mIngmlvOMXCdarytC/ML7MKc8FIiTsqScZB5E+nkuMLjhogiGnmq88687mcbUEh9ih1HwV2OgAkde7jqeP5vcnkNJJeycMIdgETRWMF+qapq0PHhPLdtlm/XtfdnX133oHH6pw13YvffLCkyoYzblw1cJpK1qJAwMtTCh4c+/TUm+O3GhVQmJoNCm/i0IKY1iiy5CtvGVUowWkKBx20QIbD6KUrmmwP9rwxmCto5YrwCDkfAM/bbebl8XGOwJ5IuYH78l0eRm1uvOBORCIiQbQW+hfCToY4n9gQ0/2O/O82n22XWfP9GXZgyz22Sd6zUZn HTTP/1.1" 200 67181 "https://example.com/" "Mozilla/5.0 (Linux; Android 10; K) AppleWebKit/537.36 (KHTML, like Gecko) Chrome/131.0.0.0 Mobile Safari/537.36"
173.70.93.151 - - [18/Nov/2024:14:35:04 +0900] "GET /_jb_static/??-eJyVjMEOgjAQBf/Gk2VTJRoOxG8p5QWr3W3DtvD7QoKJV68zmaE1G5+kQAqVJxhKggXkVFGUvCoxJmcYUhsO0mzkTD9RjnUKovRCyc6/idNY43bxbk5VEUnXkDGbocoY8X9+CPMF++HBvb1fbXtpu1t38kNvP39gSas= HTTP/1.1" 200 8500 "https://example.com/" "Mozilla/5.0 (Linux; Android 10; K) AppleWebKit/537.36 (KHTML, like Gecko) Chrome/131.0.0.0 Mobile Safari/537.36"
173.70.93.151 - - [18/Nov/2024:14:35:04 +0900] "GET /wp-content/themes/neve/assets/js/build/modern/frontend.js?ver=3.8.13 HTTP/1.1" 200 2937 "https://example.com/" "Mozilla/5.0 (Linux; Android 10; K) AppleWebKit/537.36 (KHTML, like Gecko) Chrome/131.0.0.0 Mobile Safari/537.36"
173.70.93.151 - - [18/Nov/2024:14:35:04 +0900] "GET /wp-content/plugins/elementor-pro/assets/js/elements-handlers.min.js?ver=3.25.3 HTTP/1.1" 200 11515 "https://example.com/" "Mozilla/5.0 (Linux; Android 10; K) AppleWebKit/537.36 (KHTML, like Gecko) Chrome/131.0.0.0 Mobile Safari/537.36"
173.70.93.151 - - [18/Nov/2024:14:35:04 +0900] "GET /wp-content/plugins/elementor/assets/js/frontend.min.js?ver=3.25.6 HTTP/1.1" 200 15001 "https://example.com/" "Mozilla/5.0 (Linux; Android 10; K) AppleWebKit/537.36 (KHTML, like Gecko) Chrome/131.0.0.0 Mobile Safari/537.36"
173.70.93.151 - - [18/Nov/2024:14:35:04 +0900] "GET /wp-includes/js/jquery/ui/core.min.js?m=1721186539 HTTP/1.1" 200 7775 "https://example.com/" "Mozilla/5.0 (Linux; Android 10; K) AppleWebKit/537.36 (KHTML, like Gecko) Chrome/131.0.0.0 Mobile Safari/537.36"
173.70.93.151 - - [18/Nov/2024:14:35:04 +0900] "GET /wp-content/plugins/elementor-pro/assets/js/frontend.min.js?ver=3.25.3 HTTP/1.1" 200 7504 "https://example.com/" "Mozilla/5.0 (Linux; Android 10; K) AppleWebKit/537.36 (KHTML, like Gecko) Chrome/131.0.0.0 Mobile Safari/537.36"
173.70.93.151 - - [18/Nov/2024:14:35:04 +0900] "GET /_jb_static/??-eJydkMsKAjEMRf/GlZ04+FqJnyKdJmrHNhmaVn/fKo4IKoirSx73JFy4DMYJZ+IMQygHzwpMZzJDEmMRhcGzCwVJIQqWUPVIFint9iK5yiF5BKtKWaFX6IoPCPtUmYYYm16n8OFGT3mw7gS7Sn94nE1SlMI4M2OjiZ6/cShQrLWk28Mvb1youzNqt0mFs4/0E+Yd8a/9HkFNwDxie/U/I6176DXDUeQ0bmzjpl3P2+VysZqtJ67btFd/553/ HTTP/1.1" 200 32746 "https://example.com/" "Mozilla/5.0 (Linux; Android 10; K) AppleWebKit/537.36 (KHTML, like Gecko) Chrome/131.0.0.0 Mobile Safari/537.36"
173.70.93.151 - - [18/Nov/2024:14:35:04 +0900] "GET /wp-includes/js/dist/i18n.min.js?ver=5e580eb46a90c2b997e6 HTTP/1.1" 200 3866 "https://example.com/" "Mozilla/5.0 (Linux; Android 10; K) AppleWebKit/537.36 (KHTML, like Gecko) Chrome/131.0.0.0 Mobile Safari/537.36"
173.70.93.151 - - [18/Nov/2024:14:35:04 +0900] "GET /_jb_static/wp-content/plugins/neve-pro-addon/includes/modules/scroll_to_top/assets/js/build/script.js,/wp-includes/js/imagesloaded.min.js?m=1730215403&cb=1 HTTP/1.1" 200 2488 "https://example.com/" "Mozilla/5.0 (Linux; Android 10; K) AppleWebKit/537.36 (KHTML, like Gecko) Chrome/131.0.0.0 Mobile Safari/537.36"
173.70.93.151 - - [18/Nov/2024:14:35:04 +0900] "GET /wp-content/plugins/neve-pro-addon/includes/modules/elementor_booster/assets/js/track.js?m=1730215403 HTTP/1.1" 200 453 "https://example.com/" "Mozilla/5.0 (Linux; Android 10; K) AppleWebKit/537.36 (KHTML, like Gecko) Chrome/131.0.0.0 Mobile Safari/537.36"
173.70.93.151 - - [18/Nov/2024:14:35:04 +0900] "GET /wp-includes/js/jquery/jquery-migrate.min.js?m=1691551340 HTTP/1.1" 200 5219 "https://example.com/" "Mozilla/5.0 (Linux; Android 10; K) AppleWebKit/537.36 (KHTML, like Gecko) Chrome/131.0.0.0 Mobile Safari/537.36"
173.70.93.151 - - [18/Nov/2024:14:35:04 +0900] "GET /wp-includes/js/jquery/jquery.min.js?ver=3.7.1 HTTP/1.1" 200 34263 "https://example.com/" "Mozilla/5.0 (Linux; Android 10; K) AppleWebKit/537.36 (KHTML, like Gecko) Chrome/131.0.0.0 Mobile Safari/537.36"
173.70.93.151 - - [18/Nov/2024:14:35:03 +0900] "GET / HTTP/1.1" 200 35568 "-" "Mozilla/5.0 (Linux; Android 10; K) AppleWebKit/537.36 (KHTML, like Gecko) Chrome/131.0.0.0 Mobile Safari/537.36"
157.55.39.201 - - [18/Nov/2024:14:34:50 +0900] "GET /archives/tag/MASKED-STRING HTTP/1.1" 200 22821 "-" "Mozilla/5.0 AppleWebKit/537.36 (KHTML, like Gecko; compatible; bingbot/2.0; +http://www.bing.com/bingbot.htm) Chrome/116.0.1938.76 Safari/537.36"
52.167.144.146 - - [18/Nov/2024:14:34:45 +0900] "GET /archives/tag/MASKED-STRING HTTP/1.1" 200 20106 "-" "Mozilla/5.0 AppleWebKit/537.36 (KHTML, like Gecko; compatible; bingbot/2.0; +http://www.bing.com/bingbot.htm) Chrome/116.0.1938.76 Safari/537.36"
52.167.144.146 - - [18/Nov/2024:14:34:36 +0900] "GET /archives/28428 HTTP/1.1" 200 33691 "-" "Mozilla/5.0 AppleWebKit/537.36 (KHTML, like Gecko; compatible; bingbot/2.0; +http://www.bing.com/bingbot.htm) Chrome/116.0.1938.76 Safari/537.36"
157.55.39.201 - - [18/Nov/2024:14:34:29 +0900] "GET /archives/tag/MASKED-STRING HTTP/1.1" 200 26910 "-" "Mozilla/5.0 AppleWebKit/537.36 (KHTML, like Gecko; compatible; bingbot/2.0; +http://www.bing.com/bingbot.htm) Chrome/116.0.1938.76 Safari/537.36"
157.55.39.201 - - [18/Nov/2024:14:34:10 +0900] "GET /archives/tag/MASKED-STRING HTTP/1.1" 200 20343 "-" "Mozilla/5.0 AppleWebKit/537.36 (KHTML, like Gecko; compatible; bingbot/2.0; +http://www.bing.com/bingbot.htm) Chrome/116.0.1938.76 Safari/537.36"
34.64.82.78 - - [18/Nov/2024:14:34:07 +0900] "GET /feed HTTP/1.1" 200 2780 "-" "Mozilla/5.0 (compatible; Googlebot/2.1; +http://www.google.com/bot.html)"
54.93.186.198 - - [18/Nov/2024:14:33:10 +0900] "GET /feed/podcast HTTP/1.1" 200 2379 "-" "axios/1.6.8"
54.93.186.198 - - [18/Nov/2024:14:33:09 +0900] "GET /feed/podcast HTTP/1.1" 200 2379 "-" "axios/1.6.8"
211.249.46.210 - - [18/Nov/2024:14:30:41 +0900] "GET /archives/7559 HTTP/1.1" 200 32539 "-" "Mozilla/5.0 (compatible; Yeti/1.1; +https://naver.me/spd)"
216.244.66.234 - - [18/Nov/2024:14:30:11 +0900] "GET /event/MASKED-STRING HTTP/1.1" 301 5 "-" "Mozilla/5.0 (compatible; DotBot/1.2; +https://opensiteexplorer.org/dotbot; help@moz.com)"
115.93.170.126 - - [18/Nov/2024:14:29:59 +0900] "GET /wp-content/uploads/2020/12/101-1samuel-ch28-31.mp3?_=1 HTTP/1.1" 206 9682482 "https://example.com/archives/20946" "Mozilla/5.0 (Linux; Android 10; K) AppleWebKit/537.36 (KHTML, like Gecko) Chrome/130.0.0.0 Mobile Safari/537.36"
3.221.101.141 - - [18/Nov/2024:14:29:58 +0900] "GET /feed/podcast HTTP/1.1" 200 2379 "-" "RawVoice Generator/2.53 (https://blubrry.com/)"
216.244.66.234 - - [18/Nov/2024:14:29:45 +0900] "GET /event/MASKED-STRING HTTP/1.1" 301 5 "-" "Mozilla/5.0 (compatible; DotBot/1.2; +https://opensiteexplorer.org/dotbot; help@moz.com)"
157.55.39.204 - - [18/Nov/2024:14:29:19 +0900] "GET /archives/4884 HTTP/1.1" 200 39845 "-" "Mozilla/5.0 AppleWebKit/537.36 (KHTML, like Gecko; compatible; bingbot/2.0; +http://www.bing.com/bingbot.htm) Chrome/116.0.1938.76 Safari/537.36"
172.105.150.15 - - [18/Nov/2024:14:29:08 +0900] "GET /feed/podcast HTTP/1.1" 200 2379 "-" "Aggrivator (PodcastIndex.org)/v0.1.7"
34.64.82.71 - - [18/Nov/2024:14:29:06 +0900] "GET /feed HTTP/1.1" 200 2780 "-" "Mozilla/5.0 (compatible; Googlebot/2.1; +http://www.google.com/bot.html)"
115.93.170.126 - - [18/Nov/2024:14:28:53 +0900] "GET /wp-content/plugins/powerpress/images/modern_icon_sprite_2024.svg HTTP/1.1" 404 19334 "https://example.com/archives/20946" "Mozilla/5.0 (Linux; Android 10; K) AppleWebKit/537.36 (KHTML, like Gecko) Chrome/130.0.0.0 Mobile Safari/537.36"
115.93.170.126 - - [18/Nov/2024:14:28:53 +0900] "GET /wp-content/uploads/2020/12/101-1samuel-ch28-31.mp3?_=1 HTTP/1.1" 206 32306 "https://example.com/archives/20946" "Mozilla/5.0 (Linux; Android 10; K) AppleWebKit/537.36 (KHTML, like Gecko) Chrome/130.0.0.0 Mobile Safari/537.36"
115.93.170.126 - - [18/Nov/2024:14:28:53 +0900] "GET /archives/20946 HTTP/1.1" 200 31998 "-" "Mozilla/5.0 (Linux; Android 10; K) AppleWebKit/537.36 (KHTML, like Gecko) Chrome/130.0.0.0 Mobile Safari/537.36"
34.64.82.75 - - [18/Nov/2024:14:27:45 +0900] "GET /_jb_static/??-eJxtjcEOwiAQRP/Gk3QlNXpq/JSGstsK0l3Cgv6+HOzN00tmMm/gk40XrsQVcmpbYAWmN5lcxDhEYQjsU0NS2AVb6nySQyrzKlI7thIQnCpVhaiwtJAQ1tKdhhiHqGf48xGpZudfMHf7b+NdkaaUjs4cwbAH7p7HPtn7aC/jzdrryS+T/QLBhkWh HTTP/1.1" 200 9177 "https://example.com/archives/17139?fbclid=IwAR2qoOcmIOEGPTUY93H9uS8WXqFeQc8MW0dviSi8blgjKco_oEi3P8zIZNA" "Mozilla/5.0 (Linux; Android 6.0.1; Nexus 5X Build/MMB29P) AppleWebKit/537.36 (KHTML, like Gecko) Chrome/130.0.6723.116 Mobile Safari/537.36 (compatible; Googlebot/2.1; +http://www.google.com/bot.html)"
34.64.82.73 - - [18/Nov/2024:14:27:39 +0900] "GET /archives/17139?fbclid=IwAR2qoOcmIOEGPTUY93H9uS8WXqFeQc8MW0dviSi8blgjKco_oEi3P8zIZNA HTTP/1.1" 200 43597 "-" "Mozilla/5.0 (Linux; Android 6.0.1; Nexus 5X Build/MMB29P) AppleWebKit/537.36 (KHTML, like Gecko) Chrome/131.0.6778.69 Mobile Safari/537.36 (compatible; Googlebot/2.1; +http://www.google.com/bot.html)"
157.55.39.204 - - [18/Nov/2024:14:27:29 +0900] "GET /archives/tag/MASKED-STRING HTTP/1.1" 200 20159 "-" "Mozilla/5.0 AppleWebKit/537.36 (KHTML, like Gecko; compatible; bingbot/2.0; +http://www.bing.com/bingbot.htm) Chrome/116.0.1938.76 Safari/537.36"
23.96.49.32 - - [18/Nov/2024:14:27:27 +0900] "GET /wp-admin/css/ HTTP/1.1" 403 179 "binance.com" "Mozilla/5.0 (Windows NT 10.0; Win64; x64) AppleWebKit/537.36 (KHTML, like Gecko) Chrome/90.0.4430.85 Safari/537.36"
23.96.49.32 - - [18/Nov/2024:14:27:23 +0900] "GET /wp-admin/css/ HTTP/1.1" 301 162 "binance.com" "Mozilla/5.0 (Windows NT 10.0; Win64; x64) AppleWebKit/537.36 (KHTML, like Gecko) Chrome/90.0.4430.85 Safari/537.36"
157.55.39.50 - - [18/Nov/2024:14:27:06 +0900] "GET /archives/tag/MASKED-STRING HTTP/1.1" 200 21370 "-" "Mozilla/5.0 AppleWebKit/537.36 (KHTML, like Gecko; compatible; bingbot/2.0; +http://www.bing.com/bingbot.htm) Chrome/116.0.1938.76 Safari/537.36"
61.40.36.174 - - [18/Nov/2024:14:26:55 +0900] "GET /feed HTTP/1.1" 200 2780 "-" "Mozilla/5.0 (Windows NT 10.0; WOW64; Trident/7.0; rv:11.0) like Gecko"
17.241.75.150 - - [18/Nov/2024:14:26:43 +0900] "GET /feed/podcast HTTP/1.1" 200 2379 "-" "itms"
47.79.5.191 - - [18/Nov/2024:14:25:50 +0900] "GET / HTTP/1.1" 200 35567 "-" "Mozilla/5.0 (Windows NT 10.0; Win64; x64) AppleWebKit/537.36 (KHTML, like Gecko) Chrome/122.0.0.0 Safari/537.36 Agency/98.8.8175.80"
216.244.66.234 - - [18/Nov/2024:14:25:48 +0900] "GET /archives/24106 HTTP/1.1" 200 144561 "-" "Mozilla/5.0 (compatible; DotBot/1.2; +https://opensiteexplorer.org/dotbot; help@moz.com)"
34.64.82.66 - - [18/Nov/2024:14:23:47 +0900] "GET /feed HTTP/1.1" 304 0 "-" "Mozilla/5.0 (compatible; Googlebot/2.1; +http://www.google.com/bot.html)"
207.46.13.78 - - [18/Nov/2024:14:23:47 +0900] "GET /archives/tag/MASKED-STRING HTTP/1.1" 200 22810 "-" "Mozilla/5.0 AppleWebKit/537.36 (KHTML, like Gecko; compatible; bingbot/2.0; +http://www.bing.com/bingbot.htm) Chrome/116.0.1938.76 Safari/537.36"
61.40.36.174 - - [18/Nov/2024:14:22:45 +0900] "GET /feed/podcast HTTP/1.1" 200 2379 "-" "Mozilla/5.0 (Windows NT 10.0; WOW64; Trident/7.0; rv:11.0) like Gecko"
157.55.39.204 - - [18/Nov/2024:14:22:09 +0900] "GET /archives/tag/MASKED-STRING HTTP/1.1" 200 20705 "-" "Mozilla/5.0 AppleWebKit/537.36 (KHTML, like Gecko; compatible; bingbot/2.0; +http://www.bing.com/bingbot.htm) Chrome/116.0.1938.76 Safari/537.36"
104.28.71.30 - - [18/Nov/2024:14:21:52 +0900] "GET /wp-content/plugins/powerpress/images/modern_icon_sprite_2024.svg HTTP/1.1" 404 19334 "https://example.com/archives/7527" "Mozilla/5.0 (iPhone; CPU iPhone OS 17_6_1 like Mac OS X) AppleWebKit/605.1.15 (KHTML, like Gecko) Version/17.6 Mobile/15E148 Safari/604.1"
104.28.71.30 - - [18/Nov/2024:14:21:51 +0900] "GET /archives/7527 HTTP/1.1" 200 30904 "https://www.google.com/" "Mozilla/5.0 (iPhone; CPU iPhone OS 17_6_1 like Mac OS X) AppleWebKit/605.1.15 (KHTML, like Gecko) Version/17.6 Mobile/15E148 Safari/604.1"
216.244.66.234 - - [18/Nov/2024:14:21:22 +0900] "GET /archives/22855 HTTP/1.1" 200 149960 "-" "Mozilla/5.0 (compatible; DotBot/1.2; +https://opensiteexplorer.org/dotbot; help@moz.com)"
17.58.59.6 - - [18/Nov/2024:14:21:04 +0900] "GET /feed/podcast HTTP/1.1" 200 17666 "-" "iTMS"
17.58.59.6 - - [18/Nov/2024:14:21:04 +0900] "HEAD /feed/podcast HTTP/1.1" 200 0 "-" "iTMS"
17.58.59.6 - - [18/Nov/2024:14:21:04 +0900] "HEAD /feed/podcast HTTP/1.1" 200 0 "-" "iTMS"
34.64.82.71 - - [18/Nov/2024:14:19:46 +0900] "GET /feed HTTP/1.1" 304 0 "-" "Mozilla/5.0 (compatible; Googlebot/2.1; +http://www.google.com/bot.html)"
192.3.111.19 - - [18/Nov/2024:14:19:31 +0900] "GET /comments/feed HTTP/1.1" 200 8931 "-" "-"
207.46.13.92 - - [18/Nov/2024:14:19:28 +0900] "GET /archives/tag/MASKED-STRING HTTP/1.1" 200 20150 "-" "Mozilla/5.0 AppleWebKit/537.36 (KHTML, like Gecko; compatible; bingbot/2.0; +http://www.bing.com/bingbot.htm) Chrome/116.0.1938.76 Safari/537.36"
222.239.104.207 - - [18/Nov/2024:14:19:17 +0900] "GET /wp-content/plugins/elementor/assets/lib/font-awesome/webfonts/fa-solid-900.woff HTTP/1.1" 200 101652 "https://example.com/" "Mozilla/5.0 (Windows NT 10.0; Win64; x64) AppleWebKit/537.36 (KHTML, like Gecko) Chrome/111.0.0.0 Safari/537.36"
222.239.104.207 - - [18/Nov/2024:14:19:17 +0900] "GET /wp-content/plugins/elementor/assets/lib/eicons/fonts/eicons.woff?5.32.0 HTTP/1.1" 200 120456 "https://example.com/" "Mozilla/5.0 (Windows NT 10.0; Win64; x64) AppleWebKit/537.36 (KHTML, like Gecko) Chrome/111.0.0.0 Safari/537.36"
222.239.104.207 - - [18/Nov/2024:14:19:17 +0900] "GET /wp-includes/js/wp-emoji-release.min.js?ver=6.7 HTTP/1.1" 200 5684 "https://example.com/" "Mozilla/5.0 (Windows NT 10.0; Win64; x64) AppleWebKit/537.36 (KHTML, like Gecko) Chrome/111.0.0.0 Safari/537.36"
222.239.104.207 - - [18/Nov/2024:14:19:17 +0900] "GET /wp-content/plugins/elementor/assets/lib/eicons/fonts/eicons.woff2?5.32.0 HTTP/1.1" 200 98472 "https://example.com/" "Mozilla/5.0 (Windows NT 10.0; Win64; x64) AppleWebKit/537.36 (KHTML, like Gecko) Chrome/111.0.0.0 Safari/537.36"
222.239.104.207 - - [18/Nov/2024:14:19:17 +0900] "GET /wp-content/plugins/elementor/assets/lib/font-awesome/webfonts/fa-solid-900.woff2 HTTP/1.1" 200 78196 "https://example.com/" "Mozilla/5.0 (Windows NT 10.0; Win64; x64) AppleWebKit/537.36 (KHTML, like Gecko) Chrome/111.0.0.0 Safari/537.36"
222.239.104.207 - - [18/Nov/2024:14:19:17 +0900] "GET /_jb_static/??-eJyVjMEOgjAQBf/Gk2VTJRoOxG8p5QWr3W3DtvD7QoKJV68zmaE1G5+kQAqVJxhKggXkVFGUvCoxJmcYUhsO0mzkTD9RjnUKovRCyc6/idNY43bxbk5VEUnXkDGbocoY8X9+CPMF++HBvb1fbXtpu1t38kNvP39gSas= HTTP/1.1" 200 8500 "https://example.com/" "Mozilla/5.0 (Windows NT 10.0; Win64; x64) AppleWebKit/537.36 (KHTML, like Gecko) Chrome/111.0.0.0 Safari/537.36"
222.239.104.207 - - [18/Nov/2024:14:19:16 +0900] "GET /_jb_static/??-eJytVMtOwzAQ/BtOuFZoUcuh4swHcI4ce5sa+SWvk6h/z+bR0ggaSEou0XpnZ2e9I/MmMO2kqRQg/0BuQWkBBiy4NAqCESeIzEAp5GlltVtJxEc+VU6563hUJL1LLSYdKYfcQQ0c08kAs0I75qD5ER5MVWrX41mIngmlvOMXCdarytC/ML7MKc8FIiTsqScZB5E+nkuMLjhogiGnmq88687mcbUEh9ih1HwV2OgAkde7jqeP5vcnkNJJeycMIdgETRWMF+qapq0PHhPLdtlm/XtfdnX133oHH6pw13YvffLCkyoYzblw1cJpK1qJAwMtTCh4c+/TUm+O3GhVQmJoNCm/i0IKY1iiy5CtvGVUowWkKBx20QIbD6KUrmmwP9rwxmCto5YrwCDkfAM/bbebl8XGOwJ5IuYH78l0eRm1uvOBORCIiQbQW+hfCToY4n9gQ0/2O/O82n22XWfP9GXZgyz22Sd6zUZn HTTP/1.1" 200 67181 "https://example.com/" "Mozilla/5.0 (Windows NT 10.0; Win64; x64) AppleWebKit/537.36 (KHTML, like Gecko) Chrome/111.0.0.0 Safari/537.36"
222.239.104.207 - - [18/Nov/2024:14:19:16 +0900] "GET /_jb_static/??-eJydkMsKAjEMRf/GlZ04+FqJnyKdJmrHNhmaVn/fKo4IKoirSx73JFy4DMYJZ+IMQygHzwpMZzJDEmMRhcGzCwVJIQqWUPVIFint9iK5yiF5BKtKWaFX6IoPCPtUmYYYm16n8OFGT3mw7gS7Sn94nE1SlMI4M2OjiZ6/cShQrLWk28Mvb1youzNqt0mFs4/0E+Yd8a/9HkFNwDxie/U/I6176DXDUeQ0bmzjpl3P2+VysZqtJ67btFd/553/ HTTP/1.1" 200 32746 "https://example.com/" "Mozilla/5.0 (Windows NT 10.0; Win64; x64) AppleWebKit/537.36 (KHTML, like Gecko) Chrome/111.0.0.0 Safari/537.36"
222.239.104.207 - - [18/Nov/2024:14:19:16 +0900] "GET /_jb_static/wp-content/plugins/neve-pro-addon/includes/modules/scroll_to_top/assets/js/build/script.js,/wp-includes/js/imagesloaded.min.js?m=1730215403&cb=1 HTTP/1.1" 200 2488 "https://example.com/" "Mozilla/5.0 (Windows NT 10.0; Win64; x64) AppleWebKit/537.36 (KHTML, like Gecko) Chrome/111.0.0.0 Safari/537.36"
222.239.104.207 - - [18/Nov/2024:14:19:16 +0900] "GET /wp-content/plugins/elementor-pro/assets/js/elements-handlers.min.js?ver=3.25.3 HTTP/1.1" 200 11515 "https://example.com/" "Mozilla/5.0 (Windows NT 10.0; Win64; x64) AppleWebKit/537.36 (KHTML, like Gecko) Chrome/111.0.0.0 Safari/537.36"
222.239.104.207 - - [18/Nov/2024:14:19:16 +0900] "GET /wp-content/plugins/elementor-pro/assets/js/frontend.min.js?ver=3.25.3 HTTP/1.1" 200 7504 "https://example.com/" "Mozilla/5.0 (Windows NT 10.0; Win64; x64) AppleWebKit/537.36 (KHTML, like Gecko) Chrome/111.0.0.0 Safari/537.36"
222.239.104.207 - - [18/Nov/2024:14:19:16 +0900] "GET /wp-content/plugins/elementor/assets/js/frontend.min.js?ver=3.25.6 HTTP/1.1" 200 15001 "https://example.com/" "Mozilla/5.0 (Windows NT 10.0; Win64; x64) AppleWebKit/537.36 (KHTML, like Gecko) Chrome/111.0.0.0 Safari/537.36"
222.239.104.207 - - [18/Nov/2024:14:19:16 +0900] "GET /wp-content/themes/neve/assets/js/build/modern/frontend.js?ver=3.8.13 HTTP/1.1" 200 2937 "https://example.com/" "Mozilla/5.0 (Windows NT 10.0; Win64; x64) AppleWebKit/537.36 (KHTML, like Gecko) Chrome/111.0.0.0 Safari/537.36"
222.239.104.207 - - [18/Nov/2024:14:19:16 +0900] "GET /wp-includes/js/jquery/ui/core.min.js?m=1721186539 HTTP/1.1" 200 7775 "https://example.com/" "Mozilla/5.0 (Windows NT 10.0; Win64; x64) AppleWebKit/537.36 (KHTML, like Gecko) Chrome/111.0.0.0 Safari/537.36"
222.239.104.207 - - [18/Nov/2024:14:19:16 +0900] "GET /wp-includes/js/dist/i18n.min.js?ver=5e580eb46a90c2b997e6 HTTP/1.1" 200 3866 "https://example.com/" "Mozilla/5.0 (Windows NT 10.0; Win64; x64) AppleWebKit/537.36 (KHTML, like Gecko) Chrome/111.0.0.0 Safari/537.36"
222.239.104.207 - - [18/Nov/2024:14:19:16 +0900] "GET /wp-content/plugins/neve-pro-addon/includes/modules/elementor_booster/assets/js/track.js?m=1730215403 HTTP/1.1" 200 453 "https://example.com/" "Mozilla/5.0 (Windows NT 10.0; Win64; x64) AppleWebKit/537.36 (KHTML, like Gecko) Chrome/111.0.0.0 Safari/537.36"
222.239.104.207 - - [18/Nov/2024:14:19:16 +0900] "GET /wp-includes/js/jquery/jquery-migrate.min.js?m=1691551340 HTTP/1.1" 200 5219 "https://example.com/" "Mozilla/5.0 (Windows NT 10.0; Win64; x64) AppleWebKit/537.36 (KHTML, like Gecko) Chrome/111.0.0.0 Safari/537.36"
